<html>
<body>
<pre>
<h1>µVision Build Log</h1>
<h2>Tool Versions:</h2>
IDE-Version: ¦ÌVision V5.38.0.0
Copyright (C) 2022 ARM Ltd and ARM Germany GmbH. All rights reserved.
License Information: 1 user, 1, LIC=JL28G-VBFQ8-BS5YX-HQ97H-66JJ6-UEQQQ
 
Tool Versions:
Toolchain:       MDK-ARM Plus  Version: 5.38.0.0
Toolchain Path:  C:\Keil_v5\ARM\ARMCLANG\Bin
C Compiler:      ArmClang.exe V6.19
Assembler:       Armasm.exe V6.19
Linker/Locator:  ArmLink.exe V6.19
Library Manager: ArmAr.exe V6.19
Hex Converter:   FromElf.exe V6.19
CPU DLL:         SARMCM3.DLL V5.38.0.0
Dialog DLL:      DCM.DLL V1.17.5.0
Target DLL:      CMSIS_AGDI.dll V1.33.15.0
Dialog DLL:      TCM.DLL V1.56.4.0
 
<h2>Project:</h2>
D:\semtech\gd32f303rct6_LLCC68\project\Keil_project\Project.uvprojx
Project File Date:  03/26/2025

<h2>Output:</h2>
*** Using Compiler 'V6.19', folder: 'C:\Keil_v5\ARM\ARMCLANG\Bin'
Rebuild target 'GD32F30X_HD'
compiling gd32f30x_it.c...
compiling gd32f30x_crc.c...
compiling gd32f30x_ctc.c...
compiling systick.c...
compiling gd32f30x_dac.c...
compiling gd32f30x_bkp.c...
compiling gd32f30x_dbg.c...
compiling system_gd32f30x.c...
compiling main.c...
compiling gd32f30x_can.c...
compiling gd32f30x_adc.c...
compiling gd32f30x_dma.c...
compiling gd32f30x_enet.c...
compiling gd32f30x_exti.c...
compiling gd32f30x_exmc.c...
compiling gd32f30x_misc.c...
compiling gd32f30x_fwdgt.c...
compiling gd32f30x_pmu.c...
compiling gd32f30x_i2c.c...
compiling gd32f30x_gpio.c...
compiling gd32f30x_rtc.c...
compiling gd32f30x_fmc.c...
compiling gd32f30x_rcu.c...
compiling gd32f30x_sdio.c...
compiling gd32f30x_spi.c...
assembling startup_gd32f30x_hd.s...
compiling gd32f30x_timer.c...
compiling gd32f30x_wwdgt.c...
compiling gd32f30x_usart.c...
compiling sx126x.c...
compiling gd32f303rct6_board.c...
compiling sx1262-board.c...
compiling radio.c...
linking...
Program Size: Code=30950 RO-data=1414 RW-data=104 ZI-data=1648  
FromELF: creating hex file...
".\output\Project.axf" - 0 Error(s), 0 Warning(s).

<h2>Software Packages used:</h2>

Package Vendor: GigaDevice
                https://gd32mcu.com/data/documents/pack/GigaDevice.GD32F30x_DFP.2.2.3.pack
                GigaDevice.GD32F30x_DFP.2.2.3
                GigaDevice GD32F30x Series Device Support and Examples

<h2>Collection of Component include folders:</h2>
  C:/Users/user/AppData/Local/Arm/Packs/GigaDevice/GD32F30x_DFP/2.2.3/Device/Include

<h2>Collection of Component Files used:</h2>
Build Time Elapsed:  00:00:02
</pre>
</body>
</html>
