<!doctype html public "-//w3c//dtd html 4.0 transitional//en">
<html><head>
<title>Static Call Graph - [.\output\Project.axf]</title></head>
<body><HR>
<H1>Static Call Graph for image .\output\Project.axf</H1><HR>
<BR><P>#&#060CALLGRAPH&#062# ARM Linker, 6190004: Last Updated: Mon Dec  9 13:11:35 2024
<BR><P>
<H3>Maximum Stack Usage =        372 bytes + Unknown(Cycles, Untraceable Function Pointers)</H3><H3>
Call chain for Maximum Stack Depth:</H3>
RadioIsChannelFree &rArr; RadioSetRxConfig &rArr; RadioSetModem &rArr; RadioSetPublicNetwork &rArr;  RadioSetModem (Cycle)
<P>
<H3>
Mutually Recursive functions
</H3> <LI><a href="#[1c]">ADC0_1_IRQHandler</a>&nbsp;&nbsp;&nbsp;&rArr;&nbsp;&nbsp;&nbsp;<a href="#[1c]">ADC0_1_IRQHandler</a><BR>
 <LI><a href="#[69]">RadioSetPublicNetwork</a>&nbsp;&nbsp;&nbsp;&rArr;&nbsp;&nbsp;&nbsp;<a href="#[53]">RadioSetModem</a><BR>
</UL>
<P>
<H3>
Function Pointers
</H3><UL>
 <LI><a href="#[1c]">ADC0_1_IRQHandler</a> from startup_gd32f30x_hd.o(.text) referenced from startup_gd32f30x_hd.o(RESET)
 <LI><a href="#[39]">ADC2_IRQHandler</a> from startup_gd32f30x_hd.o(.text) referenced from startup_gd32f30x_hd.o(RESET)
 <LI><a href="#[4]">BusFault_Handler</a> from gd32f30x_it.o(.text) referenced from startup_gd32f30x_hd.o(RESET)
 <LI><a href="#[20]">CAN0_EWMC_IRQHandler</a> from startup_gd32f30x_hd.o(.text) referenced from startup_gd32f30x_hd.o(RESET)
 <LI><a href="#[1f]">CAN0_RX1_IRQHandler</a> from startup_gd32f30x_hd.o(.text) referenced from startup_gd32f30x_hd.o(RESET)
 <LI><a href="#[15]">DMA0_Channel0_IRQHandler</a> from startup_gd32f30x_hd.o(.text) referenced from startup_gd32f30x_hd.o(RESET)
 <LI><a href="#[16]">DMA0_Channel1_IRQHandler</a> from startup_gd32f30x_hd.o(.text) referenced from startup_gd32f30x_hd.o(RESET)
 <LI><a href="#[17]">DMA0_Channel2_IRQHandler</a> from startup_gd32f30x_hd.o(.text) referenced from startup_gd32f30x_hd.o(RESET)
 <LI><a href="#[18]">DMA0_Channel3_IRQHandler</a> from startup_gd32f30x_hd.o(.text) referenced from startup_gd32f30x_hd.o(RESET)
 <LI><a href="#[19]">DMA0_Channel4_IRQHandler</a> from startup_gd32f30x_hd.o(.text) referenced from startup_gd32f30x_hd.o(RESET)
 <LI><a href="#[1a]">DMA0_Channel5_IRQHandler</a> from startup_gd32f30x_hd.o(.text) referenced from startup_gd32f30x_hd.o(RESET)
 <LI><a href="#[1b]">DMA0_Channel6_IRQHandler</a> from startup_gd32f30x_hd.o(.text) referenced from startup_gd32f30x_hd.o(RESET)
 <LI><a href="#[42]">DMA1_Channel0_IRQHandler</a> from startup_gd32f30x_hd.o(.text) referenced from startup_gd32f30x_hd.o(RESET)
 <LI><a href="#[43]">DMA1_Channel1_IRQHandler</a> from startup_gd32f30x_hd.o(.text) referenced from startup_gd32f30x_hd.o(RESET)
 <LI><a href="#[44]">DMA1_Channel2_IRQHandler</a> from startup_gd32f30x_hd.o(.text) referenced from startup_gd32f30x_hd.o(RESET)
 <LI><a href="#[45]">DMA1_Channel3_4_IRQHandler</a> from startup_gd32f30x_hd.o(.text) referenced from startup_gd32f30x_hd.o(RESET)
 <LI><a href="#[7]">DebugMon_Handler</a> from gd32f30x_it.o(.text) referenced from startup_gd32f30x_hd.o(RESET)
 <LI><a href="#[3a]">EXMC_IRQHandler</a> from startup_gd32f30x_hd.o(.text) referenced from startup_gd32f30x_hd.o(RESET)
 <LI><a href="#[10]">EXTI0_IRQHandler</a> from startup_gd32f30x_hd.o(.text) referenced from startup_gd32f30x_hd.o(RESET)
 <LI><a href="#[32]">EXTI10_15_IRQHandler</a> from gd32f303rct6_board.o(.text) referenced from startup_gd32f30x_hd.o(RESET)
 <LI><a href="#[11]">EXTI1_IRQHandler</a> from startup_gd32f30x_hd.o(.text) referenced from startup_gd32f30x_hd.o(RESET)
 <LI><a href="#[12]">EXTI2_IRQHandler</a> from startup_gd32f30x_hd.o(.text) referenced from startup_gd32f30x_hd.o(RESET)
 <LI><a href="#[13]">EXTI3_IRQHandler</a> from startup_gd32f30x_hd.o(.text) referenced from startup_gd32f30x_hd.o(RESET)
 <LI><a href="#[14]">EXTI4_IRQHandler</a> from gd32f303rct6_board.o(.text) referenced from startup_gd32f30x_hd.o(RESET)
 <LI><a href="#[21]">EXTI5_9_IRQHandler</a> from startup_gd32f30x_hd.o(.text) referenced from startup_gd32f30x_hd.o(RESET)
 <LI><a href="#[e]">FMC_IRQHandler</a> from startup_gd32f30x_hd.o(.text) referenced from startup_gd32f30x_hd.o(RESET)
 <LI><a href="#[2]">HardFault_Handler</a> from gd32f30x_it.o(.text) referenced from startup_gd32f30x_hd.o(RESET)
 <LI><a href="#[2a]">I2C0_ER_IRQHandler</a> from startup_gd32f30x_hd.o(.text) referenced from startup_gd32f30x_hd.o(RESET)
 <LI><a href="#[29]">I2C0_EV_IRQHandler</a> from startup_gd32f30x_hd.o(.text) referenced from startup_gd32f30x_hd.o(RESET)
 <LI><a href="#[2c]">I2C1_ER_IRQHandler</a> from startup_gd32f30x_hd.o(.text) referenced from startup_gd32f30x_hd.o(RESET)
 <LI><a href="#[2b]">I2C1_EV_IRQHandler</a> from startup_gd32f30x_hd.o(.text) referenced from startup_gd32f30x_hd.o(RESET)
 <LI><a href="#[b]">LVD_IRQHandler</a> from startup_gd32f30x_hd.o(.text) referenced from startup_gd32f30x_hd.o(RESET)
 <LI><a href="#[3]">MemManage_Handler</a> from gd32f30x_it.o(.text) referenced from startup_gd32f30x_hd.o(RESET)
 <LI><a href="#[1]">NMI_Handler</a> from gd32f30x_it.o(.text) referenced from startup_gd32f30x_hd.o(RESET)
 <LI><a href="#[4c]">OnCadDone</a> from main.o(.text) referenced 2 times from main.o(.text)
 <LI><a href="#[48]">OnRxDone</a> from main.o(.text) referenced 2 times from main.o(.text)
 <LI><a href="#[4b]">OnRxError</a> from main.o(.text) referenced 2 times from main.o(.text)
 <LI><a href="#[4a]">OnRxTimeout</a> from main.o(.text) referenced 2 times from main.o(.text)
 <LI><a href="#[47]">OnTxDone</a> from main.o(.text) referenced 2 times from main.o(.text)
 <LI><a href="#[49]">OnTxTimeout</a> from main.o(.text) referenced 2 times from main.o(.text)
 <LI><a href="#[8]">PendSV_Handler</a> from gd32f30x_it.o(.text) referenced from startup_gd32f30x_hd.o(RESET)
 <LI><a href="#[f]">RCU_CTC_IRQHandler</a> from startup_gd32f30x_hd.o(.text) referenced from startup_gd32f30x_hd.o(RESET)
 <LI><a href="#[33]">RTC_Alarm_IRQHandler</a> from startup_gd32f30x_hd.o(.text) referenced from startup_gd32f30x_hd.o(RESET)
 <LI><a href="#[d]">RTC_IRQHandler</a> from gd32f30x_it.o(.text) referenced from startup_gd32f30x_hd.o(RESET)
 <LI><a href="#[5b]">RadioCheckRfFrequency</a> from radio.o(.text) referenced from radio.o(.rodata.Radio)
 <LI><a href="#[52]">RadioGetStatus</a> from radio.o(.text) referenced from radio.o(.rodata.Radio)
 <LI><a href="#[6a]">RadioGetWakeupTime</a> from radio.o(.text) referenced from radio.o(.rodata.Radio)
 <LI><a href="#[51]">RadioInit</a> from radio.o(.text) referenced from radio.o(.rodata.Radio)
 <LI><a href="#[6b]">RadioIrqProcess</a> from radio.o(.text) referenced from radio.o(.rodata.Radio)
 <LI><a href="#[55]">RadioIsChannelFree</a> from radio.o(.text) referenced from radio.o(.rodata.Radio)
 <LI><a href="#[4f]">RadioOnDioIrq</a> from radio.o(.text) referenced 2 times from radio.o(.text)
 <LI><a href="#[56]">RadioRandom</a> from radio.o(.text) referenced from radio.o(.rodata.Radio)
 <LI><a href="#[65]">RadioRead</a> from radio.o(.text) referenced from radio.o(.rodata.Radio)
 <LI><a href="#[67]">RadioReadBuffer</a> from radio.o(.text) referenced from radio.o(.rodata.Radio)
 <LI><a href="#[63]">RadioRssi</a> from radio.o(.text) referenced from radio.o(.rodata.Radio)
 <LI><a href="#[60]">RadioRx</a> from radio.o(.text) referenced from radio.o(.rodata.Radio)
 <LI><a href="#[6c]">RadioRxBoosted</a> from radio.o(.text) referenced from radio.o(.rodata.Radio)
 <LI><a href="#[5d]">RadioSend</a> from radio.o(.text) referenced from radio.o(.rodata.Radio)
 <LI><a href="#[54]">RadioSetChannel</a> from radio.o(.text) referenced from radio.o(.rodata.Radio)
 <LI><a href="#[68]">RadioSetMaxPayloadLength</a> from radio.o(.text) referenced from radio.o(.rodata.Radio)
 <LI><a href="#[53]">RadioSetModem</a> from radio.o(.text) referenced from radio.o(.rodata.Radio)
 <LI><a href="#[69]">RadioSetPublicNetwork</a> from radio.o(.text) referenced from radio.o(.rodata.Radio)
 <LI><a href="#[57]">RadioSetRxConfig</a> from radio.o(.text) referenced from radio.o(.rodata.Radio)
 <LI><a href="#[59]">RadioSetRxConfig_meter</a> from radio.o(.text) referenced from radio.o(.rodata.Radio)
 <LI><a href="#[6d]">RadioSetRxDutyCycle</a> from radio.o(.text) referenced from radio.o(.rodata.Radio)
 <LI><a href="#[58]">RadioSetTxConfig</a> from radio.o(.text) referenced from radio.o(.rodata.Radio)
 <LI><a href="#[5a]">RadioSetTxConfig_meter</a> from radio.o(.text) referenced from radio.o(.rodata.Radio)
 <LI><a href="#[62]">RadioSetTxContinuousWave</a> from radio.o(.text) referenced from radio.o(.rodata.Radio)
 <LI><a href="#[5e]">RadioSleep</a> from radio.o(.text) referenced from radio.o(.rodata.Radio)
 <LI><a href="#[5f]">RadioStandby</a> from radio.o(.text) referenced from radio.o(.rodata.Radio)
 <LI><a href="#[61]">RadioStartCad</a> from radio.o(.text) referenced from radio.o(.rodata.Radio)
 <LI><a href="#[5c]">RadioTimeOnAir</a> from radio.o(.text) referenced from radio.o(.rodata.Radio)
 <LI><a href="#[64]">RadioWrite</a> from radio.o(.text) referenced from radio.o(.rodata.Radio)
 <LI><a href="#[66]">RadioWriteBuffer</a> from radio.o(.text) referenced from radio.o(.rodata.Radio)
 <LI><a href="#[0]">Reset_Handler</a> from startup_gd32f30x_hd.o(.text) referenced from startup_gd32f30x_hd.o(RESET)
 <LI><a href="#[3b]">SDIO_IRQHandler</a> from startup_gd32f30x_hd.o(.text) referenced from startup_gd32f30x_hd.o(RESET)
 <LI><a href="#[2d]">SPI0_IRQHandler</a> from startup_gd32f30x_hd.o(.text) referenced from startup_gd32f30x_hd.o(RESET)
 <LI><a href="#[2e]">SPI1_IRQHandler</a> from startup_gd32f30x_hd.o(.text) referenced from startup_gd32f30x_hd.o(RESET)
 <LI><a href="#[3d]">SPI2_IRQHandler</a> from startup_gd32f30x_hd.o(.text) referenced from startup_gd32f30x_hd.o(RESET)
 <LI><a href="#[6]">SVC_Handler</a> from gd32f30x_it.o(.text) referenced from startup_gd32f30x_hd.o(RESET)
 <LI><a href="#[9]">SysTick_Handler</a> from gd32f30x_it.o(.text) referenced from startup_gd32f30x_hd.o(RESET)
 <LI><a href="#[4d]">SystemInit</a> from system_gd32f30x.o(.text) referenced from startup_gd32f30x_hd.o(.text)
 <LI><a href="#[c]">TAMPER_IRQHandler</a> from startup_gd32f30x_hd.o(.text) referenced from startup_gd32f30x_hd.o(RESET)
 <LI><a href="#[22]">TIMER0_BRK_IRQHandler</a> from startup_gd32f30x_hd.o(.text) referenced from startup_gd32f30x_hd.o(RESET)
 <LI><a href="#[25]">TIMER0_Channel_IRQHandler</a> from startup_gd32f30x_hd.o(.text) referenced from startup_gd32f30x_hd.o(RESET)
 <LI><a href="#[24]">TIMER0_TRG_CMT_IRQHandler</a> from startup_gd32f30x_hd.o(.text) referenced from startup_gd32f30x_hd.o(RESET)
 <LI><a href="#[23]">TIMER0_UP_IRQHandler</a> from startup_gd32f30x_hd.o(.text) referenced from startup_gd32f30x_hd.o(RESET)
 <LI><a href="#[26]">TIMER1_IRQHandler</a> from startup_gd32f30x_hd.o(.text) referenced from startup_gd32f30x_hd.o(RESET)
 <LI><a href="#[27]">TIMER2_IRQHandler</a> from startup_gd32f30x_hd.o(.text) referenced from startup_gd32f30x_hd.o(RESET)
 <LI><a href="#[28]">TIMER3_IRQHandler</a> from startup_gd32f30x_hd.o(.text) referenced from startup_gd32f30x_hd.o(RESET)
 <LI><a href="#[3c]">TIMER4_IRQHandler</a> from startup_gd32f30x_hd.o(.text) referenced from startup_gd32f30x_hd.o(RESET)
 <LI><a href="#[40]">TIMER5_IRQHandler</a> from startup_gd32f30x_hd.o(.text) referenced from startup_gd32f30x_hd.o(RESET)
 <LI><a href="#[41]">TIMER6_IRQHandler</a> from startup_gd32f30x_hd.o(.text) referenced from startup_gd32f30x_hd.o(RESET)
 <LI><a href="#[35]">TIMER7_BRK_IRQHandler</a> from startup_gd32f30x_hd.o(.text) referenced from startup_gd32f30x_hd.o(RESET)
 <LI><a href="#[38]">TIMER7_Channel_IRQHandler</a> from startup_gd32f30x_hd.o(.text) referenced from startup_gd32f30x_hd.o(RESET)
 <LI><a href="#[37]">TIMER7_TRG_CMT_IRQHandler</a> from startup_gd32f30x_hd.o(.text) referenced from startup_gd32f30x_hd.o(RESET)
 <LI><a href="#[36]">TIMER7_UP_IRQHandler</a> from startup_gd32f30x_hd.o(.text) referenced from startup_gd32f30x_hd.o(RESET)
 <LI><a href="#[3e]">UART3_IRQHandler</a> from startup_gd32f30x_hd.o(.text) referenced from startup_gd32f30x_hd.o(RESET)
 <LI><a href="#[3f]">UART4_IRQHandler</a> from startup_gd32f30x_hd.o(.text) referenced from startup_gd32f30x_hd.o(RESET)
 <LI><a href="#[2f]">USART0_IRQHandler</a> from startup_gd32f30x_hd.o(.text) referenced from startup_gd32f30x_hd.o(RESET)
 <LI><a href="#[30]">USART1_IRQHandler</a> from startup_gd32f30x_hd.o(.text) referenced from startup_gd32f30x_hd.o(RESET)
 <LI><a href="#[31]">USART2_IRQHandler</a> from startup_gd32f30x_hd.o(.text) referenced from startup_gd32f30x_hd.o(RESET)
 <LI><a href="#[1d]">USBD_HP_CAN0_TX_IRQHandler</a> from startup_gd32f30x_hd.o(.text) referenced from startup_gd32f30x_hd.o(RESET)
 <LI><a href="#[1e]">USBD_LP_CAN0_RX0_IRQHandler</a> from startup_gd32f30x_hd.o(.text) referenced from startup_gd32f30x_hd.o(RESET)
 <LI><a href="#[34]">USBD_WKUP_IRQHandler</a> from startup_gd32f30x_hd.o(.text) referenced from startup_gd32f30x_hd.o(RESET)
 <LI><a href="#[5]">UsageFault_Handler</a> from gd32f30x_it.o(.text) referenced from startup_gd32f30x_hd.o(RESET)
 <LI><a href="#[a]">WWDGT_IRQHandler</a> from startup_gd32f30x_hd.o(.text) referenced from startup_gd32f30x_hd.o(RESET)
 <LI><a href="#[4e]">__main</a> from entry.o(.ARM.Collect$$$$00000000) referenced from startup_gd32f30x_hd.o(.text)
 <LI><a href="#[50]">fputc</a> from main.o(.text) referenced from printfa.o(i.__0printf)
 <LI><a href="#[46]">main</a> from main.o(.text) referenced from entry9a.o(.ARM.Collect$$$$0000000B)
</UL>
<P>
<H3>
Global Symbols
</H3>
<P><STRONG><a name="[4e]"></a>__main</STRONG> (Thumb, 0 bytes, Stack size unknown bytes, entry.o(.ARM.Collect$$$$00000000))
<BR>[Address Reference Count : 1]<UL><LI> startup_gd32f30x_hd.o(.text)
</UL>
<P><STRONG><a name="[127]"></a>_main_stk</STRONG> (Thumb, 0 bytes, Stack size unknown bytes, entry2.o(.ARM.Collect$$$$00000001))

<P><STRONG><a name="[6e]"></a>_main_scatterload</STRONG> (Thumb, 0 bytes, Stack size unknown bytes, entry5.o(.ARM.Collect$$$$00000004))
<BR><BR>[Calls]<UL><LI><a href="#[6f]">&gt;&gt;</a>&nbsp;&nbsp;&nbsp;__scatterload
</UL>

<P><STRONG><a name="[11f]"></a>__main_after_scatterload</STRONG> (Thumb, 0 bytes, Stack size unknown bytes, entry5.o(.ARM.Collect$$$$00000004))
<BR><BR>[Called By]<UL><LI><a href="#[6f]">&gt;&gt;</a>&nbsp;&nbsp;&nbsp;__scatterload
</UL>

<P><STRONG><a name="[128]"></a>_main_clock</STRONG> (Thumb, 0 bytes, Stack size unknown bytes, entry7b.o(.ARM.Collect$$$$00000008))

<P><STRONG><a name="[129]"></a>_main_cpp_init</STRONG> (Thumb, 0 bytes, Stack size unknown bytes, entry8b.o(.ARM.Collect$$$$0000000A))

<P><STRONG><a name="[12a]"></a>_main_init</STRONG> (Thumb, 0 bytes, Stack size unknown bytes, entry9a.o(.ARM.Collect$$$$0000000B))

<P><STRONG><a name="[12b]"></a>__rt_final_cpp</STRONG> (Thumb, 0 bytes, Stack size unknown bytes, entry10a.o(.ARM.Collect$$$$0000000D))

<P><STRONG><a name="[12c]"></a>__rt_final_exit</STRONG> (Thumb, 0 bytes, Stack size unknown bytes, entry11a.o(.ARM.Collect$$$$0000000F))

<P><STRONG><a name="[1]"></a>NMI_Handler</STRONG> (Thumb, 2 bytes, Stack size 0 bytes, gd32f30x_it.o(.text))
<BR>[Address Reference Count : 1]<UL><LI> startup_gd32f30x_hd.o(RESET)
</UL>
<P><STRONG><a name="[2]"></a>HardFault_Handler</STRONG> (Thumb, 4 bytes, Stack size 0 bytes, gd32f30x_it.o(.text))
<BR>[Address Reference Count : 1]<UL><LI> startup_gd32f30x_hd.o(RESET)
</UL>
<P><STRONG><a name="[3]"></a>MemManage_Handler</STRONG> (Thumb, 4 bytes, Stack size 0 bytes, gd32f30x_it.o(.text))
<BR>[Address Reference Count : 1]<UL><LI> startup_gd32f30x_hd.o(RESET)
</UL>
<P><STRONG><a name="[4]"></a>BusFault_Handler</STRONG> (Thumb, 4 bytes, Stack size 0 bytes, gd32f30x_it.o(.text))
<BR>[Address Reference Count : 1]<UL><LI> startup_gd32f30x_hd.o(RESET)
</UL>
<P><STRONG><a name="[5]"></a>UsageFault_Handler</STRONG> (Thumb, 4 bytes, Stack size 0 bytes, gd32f30x_it.o(.text))
<BR>[Address Reference Count : 1]<UL><LI> startup_gd32f30x_hd.o(RESET)
</UL>
<P><STRONG><a name="[6]"></a>SVC_Handler</STRONG> (Thumb, 2 bytes, Stack size 0 bytes, gd32f30x_it.o(.text))
<BR>[Address Reference Count : 1]<UL><LI> startup_gd32f30x_hd.o(RESET)
</UL>
<P><STRONG><a name="[7]"></a>DebugMon_Handler</STRONG> (Thumb, 2 bytes, Stack size 0 bytes, gd32f30x_it.o(.text))
<BR>[Address Reference Count : 1]<UL><LI> startup_gd32f30x_hd.o(RESET)
</UL>
<P><STRONG><a name="[8]"></a>PendSV_Handler</STRONG> (Thumb, 2 bytes, Stack size 0 bytes, gd32f30x_it.o(.text))
<BR>[Address Reference Count : 1]<UL><LI> startup_gd32f30x_hd.o(RESET)
</UL>
<P><STRONG><a name="[9]"></a>SysTick_Handler</STRONG> (Thumb, 8 bytes, Stack size 8 bytes, gd32f30x_it.o(.text))
<BR><BR>[Stack]<UL><LI>Max Depth = 8<LI>Call Chain = SysTick_Handler
</UL>
<BR>[Calls]<UL><LI><a href="#[70]">&gt;&gt;</a>&nbsp;&nbsp;&nbsp;delay_decrement
</UL>
<BR>[Address Reference Count : 1]<UL><LI> startup_gd32f30x_hd.o(RESET)
</UL>
<P><STRONG><a name="[d]"></a>RTC_IRQHandler</STRONG> (Thumb, 80 bytes, Stack size 8 bytes, gd32f30x_it.o(.text))
<BR><BR>[Stack]<UL><LI>Max Depth = 32<LI>Call Chain = RTC_IRQHandler &rArr; printf
</UL>
<BR>[Calls]<UL><LI><a href="#[76]">&gt;&gt;</a>&nbsp;&nbsp;&nbsp;rtc_counter_set
<LI><a href="#[75]">&gt;&gt;</a>&nbsp;&nbsp;&nbsp;rtc_counter_get
<LI><a href="#[74]">&gt;&gt;</a>&nbsp;&nbsp;&nbsp;rtc_lwoff_wait
<LI><a href="#[72]">&gt;&gt;</a>&nbsp;&nbsp;&nbsp;rtc_flag_clear
<LI><a href="#[71]">&gt;&gt;</a>&nbsp;&nbsp;&nbsp;rtc_flag_get
<LI><a href="#[73]">&gt;&gt;</a>&nbsp;&nbsp;&nbsp;printf
</UL>
<BR>[Address Reference Count : 1]<UL><LI> startup_gd32f30x_hd.o(RESET)
</UL>
<P><STRONG><a name="[46]"></a>main</STRONG> (Thumb, 424 bytes, Stack size 112 bytes, main.o(.text))
<BR><BR>[Stack]<UL><LI>Max Depth = 280<LI>Call Chain = main &rArr; Usart_Init &rArr; usart_baudrate_set &rArr; rcu_clock_freq_get
</UL>
<BR>[Calls]<UL><LI><a href="#[86]">&gt;&gt;</a>&nbsp;&nbsp;&nbsp;PA30dbm_To_Rx
<LI><a href="#[85]">&gt;&gt;</a>&nbsp;&nbsp;&nbsp;Sw1179_To_Rx
<LI><a href="#[83]">&gt;&gt;</a>&nbsp;&nbsp;&nbsp;SX126xSetStandby
<LI><a href="#[82]">&gt;&gt;</a>&nbsp;&nbsp;&nbsp;SX126xSetStopRxTimerOnPreambleDetect
<LI><a href="#[81]">&gt;&gt;</a>&nbsp;&nbsp;&nbsp;SX126xSetRxTxFallbackMode
<LI><a href="#[80]">&gt;&gt;</a>&nbsp;&nbsp;&nbsp;Radio_Set_Private_Network
<LI><a href="#[7f]">&gt;&gt;</a>&nbsp;&nbsp;&nbsp;SX126xIoRfSwitchInit
<LI><a href="#[7e]">&gt;&gt;</a>&nbsp;&nbsp;&nbsp;SX126xSetLoRaSymbNumTimeout
<LI><a href="#[7d]">&gt;&gt;</a>&nbsp;&nbsp;&nbsp;register_test
<LI><a href="#[7c]">&gt;&gt;</a>&nbsp;&nbsp;&nbsp;SX126xReset
<LI><a href="#[7b]">&gt;&gt;</a>&nbsp;&nbsp;&nbsp;soft_spi_init
<LI><a href="#[7a]">&gt;&gt;</a>&nbsp;&nbsp;&nbsp;Usart_Init
<LI><a href="#[79]">&gt;&gt;</a>&nbsp;&nbsp;&nbsp;Gpio_Init
<LI><a href="#[78]">&gt;&gt;</a>&nbsp;&nbsp;&nbsp;nvic_configuration
<LI><a href="#[77]">&gt;&gt;</a>&nbsp;&nbsp;&nbsp;systick_config
<LI><a href="#[73]">&gt;&gt;</a>&nbsp;&nbsp;&nbsp;printf
<LI><a href="#[84]">&gt;&gt;</a>&nbsp;&nbsp;&nbsp;strcpy
</UL>
<BR>[Address Reference Count : 1]<UL><LI> entry9a.o(.ARM.Collect$$$$0000000B)
</UL>
<P><STRONG><a name="[47]"></a>OnTxDone</STRONG> (Thumb, 130 bytes, Stack size 16 bytes, main.o(.text))
<BR><BR>[Stack]<UL><LI>Max Depth = 40<LI>Call Chain = OnTxDone &rArr; printf
</UL>
<BR>[Calls]<UL><LI><a href="#[8a]">&gt;&gt;</a>&nbsp;&nbsp;&nbsp;DelayMs
<LI><a href="#[89]">&gt;&gt;</a>&nbsp;&nbsp;&nbsp;PA30dbm_To_Tx
<LI><a href="#[88]">&gt;&gt;</a>&nbsp;&nbsp;&nbsp;Sw1179_To_Tx
<LI><a href="#[87]">&gt;&gt;</a>&nbsp;&nbsp;&nbsp;delay_1ms
<LI><a href="#[73]">&gt;&gt;</a>&nbsp;&nbsp;&nbsp;printf
</UL>
<BR>[Address Reference Count : 1]<UL><LI> main.o(.text)
</UL>
<P><STRONG><a name="[48]"></a>OnRxDone</STRONG> (Thumb, 218 bytes, Stack size 32 bytes, main.o(.text))
<BR><BR>[Stack]<UL><LI>Max Depth = 56<LI>Call Chain = OnRxDone &rArr; printf
</UL>
<BR>[Calls]<UL><LI><a href="#[73]">&gt;&gt;</a>&nbsp;&nbsp;&nbsp;printf
<LI><a href="#[8b]">&gt;&gt;</a>&nbsp;&nbsp;&nbsp;__aeabi_memcpy
</UL>
<BR>[Address Reference Count : 1]<UL><LI> main.o(.text)
</UL>
<P><STRONG><a name="[49]"></a>OnTxTimeout</STRONG> (Thumb, 28 bytes, Stack size 8 bytes, main.o(.text))
<BR><BR>[Stack]<UL><LI>Max Depth = 8<LI>Call Chain = OnTxTimeout
</UL>
<BR>[Address Reference Count : 1]<UL><LI> main.o(.text)
</UL>
<P><STRONG><a name="[4a]"></a>OnRxTimeout</STRONG> (Thumb, 28 bytes, Stack size 8 bytes, main.o(.text))
<BR><BR>[Stack]<UL><LI>Max Depth = 8<LI>Call Chain = OnRxTimeout
</UL>
<BR>[Address Reference Count : 1]<UL><LI> main.o(.text)
</UL>
<P><STRONG><a name="[4b]"></a>OnRxError</STRONG> (Thumb, 28 bytes, Stack size 8 bytes, main.o(.text))
<BR><BR>[Stack]<UL><LI>Max Depth = 8<LI>Call Chain = OnRxError
</UL>
<BR>[Address Reference Count : 1]<UL><LI> main.o(.text)
</UL>
<P><STRONG><a name="[4c]"></a>OnCadDone</STRONG> (Thumb, 104 bytes, Stack size 16 bytes, main.o(.text))
<BR><BR>[Stack]<UL><LI>Max Depth = 48<LI>Call Chain = OnCadDone &rArr; rtc_set_alarm &rArr; rtc_alarm_config
</UL>
<BR>[Calls]<UL><LI><a href="#[8c]">&gt;&gt;</a>&nbsp;&nbsp;&nbsp;rtc_set_alarm
<LI><a href="#[73]">&gt;&gt;</a>&nbsp;&nbsp;&nbsp;printf
</UL>
<BR>[Address Reference Count : 1]<UL><LI> main.o(.text)
</UL>
<P><STRONG><a name="[8d]"></a>on_cad_done_detected</STRONG> (Thumb, 16 bytes, Stack size 8 bytes, main.o(.text))
<BR><BR>[Stack]<UL><LI>Max Depth = 32<LI>Call Chain = on_cad_done_detected &rArr; printf
</UL>
<BR>[Calls]<UL><LI><a href="#[73]">&gt;&gt;</a>&nbsp;&nbsp;&nbsp;printf
</UL>
<BR>[Called By]<UL><LI><a href="#[6b]">&gt;&gt;</a>&nbsp;&nbsp;&nbsp;RadioIrqProcess
</UL>

<P><STRONG><a name="[8e]"></a>on_cad_done_undetected</STRONG> (Thumb, 24 bytes, Stack size 8 bytes, main.o(.text))
<BR><BR>[Stack]<UL><LI>Max Depth = 12<LI>Call Chain = on_cad_done_undetected &rArr; delay_1ms
</UL>
<BR>[Calls]<UL><LI><a href="#[87]">&gt;&gt;</a>&nbsp;&nbsp;&nbsp;delay_1ms
</UL>
<BR>[Called By]<UL><LI><a href="#[6b]">&gt;&gt;</a>&nbsp;&nbsp;&nbsp;RadioIrqProcess
</UL>

<P><STRONG><a name="[50]"></a>fputc</STRONG> (Thumb, 52 bytes, Stack size 16 bytes, main.o(.text))
<BR><BR>[Stack]<UL><LI>Max Depth = 28<LI>Call Chain = fputc &rArr; usart_flag_get
</UL>
<BR>[Calls]<UL><LI><a href="#[90]">&gt;&gt;</a>&nbsp;&nbsp;&nbsp;usart_flag_get
<LI><a href="#[8f]">&gt;&gt;</a>&nbsp;&nbsp;&nbsp;usart_data_transmit
</UL>
<BR>[Address Reference Count : 1]<UL><LI> printfa.o(i.__0printf)
</UL>
<P><STRONG><a name="[77]"></a>systick_config</STRONG> (Thumb, 50 bytes, Stack size 8 bytes, systick.o(.text))
<BR><BR>[Stack]<UL><LI>Max Depth = 32<LI>Call Chain = systick_config &rArr; SysTick_Config &rArr; NVIC_SetPriority
</UL>
<BR>[Calls]<UL><LI><a href="#[92]">&gt;&gt;</a>&nbsp;&nbsp;&nbsp;NVIC_SetPriority
<LI><a href="#[91]">&gt;&gt;</a>&nbsp;&nbsp;&nbsp;SysTick_Config
</UL>
<BR>[Called By]<UL><LI><a href="#[46]">&gt;&gt;</a>&nbsp;&nbsp;&nbsp;main
</UL>

<P><STRONG><a name="[87]"></a>delay_1ms</STRONG> (Thumb, 38 bytes, Stack size 4 bytes, systick.o(.text))
<BR><BR>[Stack]<UL><LI>Max Depth = 4<LI>Call Chain = delay_1ms
</UL>
<BR>[Called By]<UL><LI><a href="#[8e]">&gt;&gt;</a>&nbsp;&nbsp;&nbsp;on_cad_done_undetected
<LI><a href="#[8a]">&gt;&gt;</a>&nbsp;&nbsp;&nbsp;DelayMs
<LI><a href="#[47]">&gt;&gt;</a>&nbsp;&nbsp;&nbsp;OnTxDone
</UL>

<P><STRONG><a name="[70]"></a>delay_decrement</STRONG> (Thumb, 32 bytes, Stack size 0 bytes, systick.o(.text))
<BR><BR>[Called By]<UL><LI><a href="#[9]">&gt;&gt;</a>&nbsp;&nbsp;&nbsp;SysTick_Handler
</UL>

<P><STRONG><a name="[4d]"></a>SystemInit</STRONG> (Thumb, 208 bytes, Stack size 16 bytes, system_gd32f30x.o(.text))
<BR><BR>[Stack]<UL><LI>Max Depth = 40<LI>Call Chain = SystemInit &rArr; system_clock_config &rArr; system_clock_120m_hxtal
</UL>
<BR>[Calls]<UL><LI><a href="#[93]">&gt;&gt;</a>&nbsp;&nbsp;&nbsp;system_clock_config
</UL>
<BR>[Address Reference Count : 1]<UL><LI> startup_gd32f30x_hd.o(.text)
</UL>
<P><STRONG><a name="[12d]"></a>SystemCoreClockUpdate</STRONG> (Thumb, 412 bytes, Stack size 52 bytes, system_gd32f30x.o(.text), UNUSED)

<P><STRONG><a name="[95]"></a>bkp_deinit</STRONG> (Thumb, 12 bytes, Stack size 8 bytes, gd32f30x_bkp.o(.text), UNUSED)
<BR><BR>[Calls]<UL><LI><a href="#[97]">&gt;&gt;</a>&nbsp;&nbsp;&nbsp;rcu_bkp_reset_disable
<LI><a href="#[96]">&gt;&gt;</a>&nbsp;&nbsp;&nbsp;rcu_bkp_reset_enable
</UL>
<BR>[Called By]<UL><LI><a href="#[10b]">&gt;&gt;</a>&nbsp;&nbsp;&nbsp;rtc_configuration
</UL>

<P><STRONG><a name="[12e]"></a>bkp_write_data</STRONG> (Thumb, 102 bytes, Stack size 4 bytes, gd32f30x_bkp.o(.text), UNUSED)

<P><STRONG><a name="[12f]"></a>bkp_read_data</STRONG> (Thumb, 108 bytes, Stack size 4 bytes, gd32f30x_bkp.o(.text), UNUSED)

<P><STRONG><a name="[130]"></a>bkp_rtc_calibration_output_enable</STRONG> (Thumb, 18 bytes, Stack size 0 bytes, gd32f30x_bkp.o(.text), UNUSED)

<P><STRONG><a name="[131]"></a>bkp_rtc_calibration_output_disable</STRONG> (Thumb, 18 bytes, Stack size 0 bytes, gd32f30x_bkp.o(.text), UNUSED)

<P><STRONG><a name="[132]"></a>bkp_rtc_signal_output_enable</STRONG> (Thumb, 18 bytes, Stack size 0 bytes, gd32f30x_bkp.o(.text), UNUSED)

<P><STRONG><a name="[133]"></a>bkp_rtc_signal_output_disable</STRONG> (Thumb, 18 bytes, Stack size 0 bytes, gd32f30x_bkp.o(.text), UNUSED)

<P><STRONG><a name="[134]"></a>bkp_rtc_output_select</STRONG> (Thumb, 62 bytes, Stack size 4 bytes, gd32f30x_bkp.o(.text), UNUSED)

<P><STRONG><a name="[135]"></a>bkp_rtc_clock_output_select</STRONG> (Thumb, 62 bytes, Stack size 4 bytes, gd32f30x_bkp.o(.text), UNUSED)

<P><STRONG><a name="[136]"></a>bkp_rtc_clock_calibration_direction</STRONG> (Thumb, 62 bytes, Stack size 4 bytes, gd32f30x_bkp.o(.text), UNUSED)

<P><STRONG><a name="[137]"></a>bkp_rtc_calibration_value_set</STRONG> (Thumb, 60 bytes, Stack size 4 bytes, gd32f30x_bkp.o(.text), UNUSED)

<P><STRONG><a name="[138]"></a>bkp_tamper_detection_enable</STRONG> (Thumb, 18 bytes, Stack size 0 bytes, gd32f30x_bkp.o(.text), UNUSED)

<P><STRONG><a name="[139]"></a>bkp_tamper_detection_disable</STRONG> (Thumb, 18 bytes, Stack size 0 bytes, gd32f30x_bkp.o(.text), UNUSED)

<P><STRONG><a name="[13a]"></a>bkp_tamper_active_level_set</STRONG> (Thumb, 62 bytes, Stack size 4 bytes, gd32f30x_bkp.o(.text), UNUSED)

<P><STRONG><a name="[13b]"></a>bkp_tamper_interrupt_enable</STRONG> (Thumb, 18 bytes, Stack size 0 bytes, gd32f30x_bkp.o(.text), UNUSED)

<P><STRONG><a name="[13c]"></a>bkp_tamper_interrupt_disable</STRONG> (Thumb, 18 bytes, Stack size 0 bytes, gd32f30x_bkp.o(.text), UNUSED)

<P><STRONG><a name="[13d]"></a>bkp_flag_get</STRONG> (Thumb, 52 bytes, Stack size 4 bytes, gd32f30x_bkp.o(.text), UNUSED)

<P><STRONG><a name="[13e]"></a>bkp_flag_clear</STRONG> (Thumb, 28 bytes, Stack size 4 bytes, gd32f30x_bkp.o(.text), UNUSED)

<P><STRONG><a name="[13f]"></a>bkp_interrupt_flag_get</STRONG> (Thumb, 52 bytes, Stack size 4 bytes, gd32f30x_bkp.o(.text), UNUSED)

<P><STRONG><a name="[140]"></a>bkp_interrupt_flag_clear</STRONG> (Thumb, 28 bytes, Stack size 4 bytes, gd32f30x_bkp.o(.text), UNUSED)

<P><STRONG><a name="[141]"></a>exti_deinit</STRONG> (Thumb, 54 bytes, Stack size 0 bytes, gd32f30x_exti.o(.text), UNUSED)

<P><STRONG><a name="[f9]"></a>exti_init</STRONG> (Thumb, 266 bytes, Stack size 16 bytes, gd32f30x_exti.o(.text))
<BR><BR>[Stack]<UL><LI>Max Depth = 16<LI>Call Chain = exti_init
</UL>
<BR>[Called By]<UL><LI><a href="#[79]">&gt;&gt;</a>&nbsp;&nbsp;&nbsp;Gpio_Init
</UL>

<P><STRONG><a name="[142]"></a>exti_interrupt_enable</STRONG> (Thumb, 24 bytes, Stack size 4 bytes, gd32f30x_exti.o(.text), UNUSED)

<P><STRONG><a name="[143]"></a>exti_interrupt_disable</STRONG> (Thumb, 24 bytes, Stack size 4 bytes, gd32f30x_exti.o(.text), UNUSED)

<P><STRONG><a name="[144]"></a>exti_event_enable</STRONG> (Thumb, 24 bytes, Stack size 4 bytes, gd32f30x_exti.o(.text), UNUSED)

<P><STRONG><a name="[145]"></a>exti_event_disable</STRONG> (Thumb, 24 bytes, Stack size 4 bytes, gd32f30x_exti.o(.text), UNUSED)

<P><STRONG><a name="[146]"></a>exti_software_interrupt_enable</STRONG> (Thumb, 24 bytes, Stack size 4 bytes, gd32f30x_exti.o(.text), UNUSED)

<P><STRONG><a name="[147]"></a>exti_software_interrupt_disable</STRONG> (Thumb, 24 bytes, Stack size 4 bytes, gd32f30x_exti.o(.text), UNUSED)

<P><STRONG><a name="[148]"></a>exti_flag_get</STRONG> (Thumb, 46 bytes, Stack size 8 bytes, gd32f30x_exti.o(.text), UNUSED)

<P><STRONG><a name="[149]"></a>exti_flag_clear</STRONG> (Thumb, 20 bytes, Stack size 4 bytes, gd32f30x_exti.o(.text), UNUSED)

<P><STRONG><a name="[101]"></a>exti_interrupt_flag_get</STRONG> (Thumb, 46 bytes, Stack size 8 bytes, gd32f30x_exti.o(.text))
<BR><BR>[Stack]<UL><LI>Max Depth = 8<LI>Call Chain = exti_interrupt_flag_get
</UL>
<BR>[Called By]<UL><LI><a href="#[32]">&gt;&gt;</a>&nbsp;&nbsp;&nbsp;EXTI10_15_IRQHandler
<LI><a href="#[14]">&gt;&gt;</a>&nbsp;&nbsp;&nbsp;EXTI4_IRQHandler
</UL>

<P><STRONG><a name="[fa]"></a>exti_interrupt_flag_clear</STRONG> (Thumb, 20 bytes, Stack size 4 bytes, gd32f30x_exti.o(.text))
<BR><BR>[Stack]<UL><LI>Max Depth = 4<LI>Call Chain = exti_interrupt_flag_clear
</UL>
<BR>[Called By]<UL><LI><a href="#[79]">&gt;&gt;</a>&nbsp;&nbsp;&nbsp;Gpio_Init
<LI><a href="#[32]">&gt;&gt;</a>&nbsp;&nbsp;&nbsp;EXTI10_15_IRQHandler
<LI><a href="#[14]">&gt;&gt;</a>&nbsp;&nbsp;&nbsp;EXTI4_IRQHandler
</UL>

<P><STRONG><a name="[98]"></a>gpio_deinit</STRONG> (Thumb, 252 bytes, Stack size 48 bytes, gd32f30x_gpio.o(.text), UNUSED)
<BR><BR>[Calls]<UL><LI><a href="#[9a]">&gt;&gt;</a>&nbsp;&nbsp;&nbsp;rcu_periph_reset_disable
<LI><a href="#[99]">&gt;&gt;</a>&nbsp;&nbsp;&nbsp;rcu_periph_reset_enable
</UL>

<P><STRONG><a name="[9b]"></a>gpio_afio_deinit</STRONG> (Thumb, 24 bytes, Stack size 16 bytes, gd32f30x_gpio.o(.text), UNUSED)
<BR><BR>[Calls]<UL><LI><a href="#[9a]">&gt;&gt;</a>&nbsp;&nbsp;&nbsp;rcu_periph_reset_disable
<LI><a href="#[99]">&gt;&gt;</a>&nbsp;&nbsp;&nbsp;rcu_periph_reset_enable
</UL>

<P><STRONG><a name="[f7]"></a>gpio_init</STRONG> (Thumb, 388 bytes, Stack size 28 bytes, gd32f30x_gpio.o(.text))
<BR><BR>[Stack]<UL><LI>Max Depth = 28<LI>Call Chain = gpio_init
</UL>
<BR>[Called By]<UL><LI><a href="#[7b]">&gt;&gt;</a>&nbsp;&nbsp;&nbsp;soft_spi_init
<LI><a href="#[7a]">&gt;&gt;</a>&nbsp;&nbsp;&nbsp;Usart_Init
<LI><a href="#[79]">&gt;&gt;</a>&nbsp;&nbsp;&nbsp;Gpio_Init
<LI><a href="#[fb]">&gt;&gt;</a>&nbsp;&nbsp;&nbsp;Spi_Init
</UL>

<P><STRONG><a name="[14a]"></a>gpio_bit_set</STRONG> (Thumb, 16 bytes, Stack size 8 bytes, gd32f30x_gpio.o(.text), UNUSED)

<P><STRONG><a name="[14b]"></a>gpio_bit_reset</STRONG> (Thumb, 16 bytes, Stack size 8 bytes, gd32f30x_gpio.o(.text), UNUSED)

<P><STRONG><a name="[14c]"></a>gpio_bit_write</STRONG> (Thumb, 38 bytes, Stack size 12 bytes, gd32f30x_gpio.o(.text), UNUSED)

<P><STRONG><a name="[14d]"></a>gpio_port_write</STRONG> (Thumb, 20 bytes, Stack size 8 bytes, gd32f30x_gpio.o(.text), UNUSED)

<P><STRONG><a name="[103]"></a>gpio_input_bit_get</STRONG> (Thumb, 42 bytes, Stack size 12 bytes, gd32f30x_gpio.o(.text))
<BR><BR>[Stack]<UL><LI>Max Depth = 12<LI>Call Chain = gpio_input_bit_get
</UL>
<BR>[Called By]<UL><LI><a href="#[108]">&gt;&gt;</a>&nbsp;&nbsp;&nbsp;SpiInOut
<LI><a href="#[102]">&gt;&gt;</a>&nbsp;&nbsp;&nbsp;GpioRead
</UL>

<P><STRONG><a name="[14e]"></a>gpio_input_port_get</STRONG> (Thumb, 14 bytes, Stack size 4 bytes, gd32f30x_gpio.o(.text), UNUSED)

<P><STRONG><a name="[14f]"></a>gpio_output_bit_get</STRONG> (Thumb, 42 bytes, Stack size 12 bytes, gd32f30x_gpio.o(.text), UNUSED)

<P><STRONG><a name="[150]"></a>gpio_output_port_get</STRONG> (Thumb, 14 bytes, Stack size 4 bytes, gd32f30x_gpio.o(.text), UNUSED)

<P><STRONG><a name="[151]"></a>gpio_pin_remap_config</STRONG> (Thumb, 250 bytes, Stack size 24 bytes, gd32f30x_gpio.o(.text), UNUSED)

<P><STRONG><a name="[f8]"></a>gpio_exti_source_select</STRONG> (Thumb, 228 bytes, Stack size 8 bytes, gd32f30x_gpio.o(.text))
<BR><BR>[Stack]<UL><LI>Max Depth = 8<LI>Call Chain = gpio_exti_source_select
</UL>
<BR>[Called By]<UL><LI><a href="#[79]">&gt;&gt;</a>&nbsp;&nbsp;&nbsp;Gpio_Init
</UL>

<P><STRONG><a name="[152]"></a>gpio_event_output_config</STRONG> (Thumb, 62 bytes, Stack size 8 bytes, gd32f30x_gpio.o(.text), UNUSED)

<P><STRONG><a name="[153]"></a>gpio_event_output_enable</STRONG> (Thumb, 16 bytes, Stack size 0 bytes, gd32f30x_gpio.o(.text), UNUSED)

<P><STRONG><a name="[154]"></a>gpio_event_output_disable</STRONG> (Thumb, 16 bytes, Stack size 0 bytes, gd32f30x_gpio.o(.text), UNUSED)

<P><STRONG><a name="[155]"></a>gpio_pin_lock</STRONG> (Thumb, 54 bytes, Stack size 12 bytes, gd32f30x_gpio.o(.text), UNUSED)

<P><STRONG><a name="[156]"></a>gpio_compensation_config</STRONG> (Thumb, 34 bytes, Stack size 8 bytes, gd32f30x_gpio.o(.text), UNUSED)

<P><STRONG><a name="[157]"></a>gpio_compensation_flag_get</STRONG> (Thumb, 42 bytes, Stack size 4 bytes, gd32f30x_gpio.o(.text), UNUSED)

<P><STRONG><a name="[9d]"></a>nvic_priority_group_set</STRONG> (Thumb, 28 bytes, Stack size 4 bytes, gd32f30x_misc.o(.text))
<BR><BR>[Stack]<UL><LI>Max Depth = 4<LI>Call Chain = nvic_priority_group_set
</UL>
<BR>[Called By]<UL><LI><a href="#[9c]">&gt;&gt;</a>&nbsp;&nbsp;&nbsp;nvic_irq_enable
<LI><a href="#[78]">&gt;&gt;</a>&nbsp;&nbsp;&nbsp;nvic_configuration
</UL>

<P><STRONG><a name="[9c]"></a>nvic_irq_enable</STRONG> (Thumb, 298 bytes, Stack size 24 bytes, gd32f30x_misc.o(.text))
<BR><BR>[Stack]<UL><LI>Max Depth = 28<LI>Call Chain = nvic_irq_enable &rArr; nvic_priority_group_set
</UL>
<BR>[Calls]<UL><LI><a href="#[9d]">&gt;&gt;</a>&nbsp;&nbsp;&nbsp;nvic_priority_group_set
</UL>
<BR>[Called By]<UL><LI><a href="#[79]">&gt;&gt;</a>&nbsp;&nbsp;&nbsp;Gpio_Init
<LI><a href="#[78]">&gt;&gt;</a>&nbsp;&nbsp;&nbsp;nvic_configuration
</UL>

<P><STRONG><a name="[158]"></a>nvic_irq_disable</STRONG> (Thumb, 40 bytes, Stack size 4 bytes, gd32f30x_misc.o(.text), UNUSED)

<P><STRONG><a name="[159]"></a>nvic_vector_table_set</STRONG> (Thumb, 40 bytes, Stack size 8 bytes, gd32f30x_misc.o(.text), UNUSED)

<P><STRONG><a name="[15a]"></a>system_lowpower_set</STRONG> (Thumb, 28 bytes, Stack size 4 bytes, gd32f30x_misc.o(.text), UNUSED)

<P><STRONG><a name="[15b]"></a>system_lowpower_reset</STRONG> (Thumb, 28 bytes, Stack size 4 bytes, gd32f30x_misc.o(.text), UNUSED)

<P><STRONG><a name="[15c]"></a>systick_clksource_set</STRONG> (Thumb, 52 bytes, Stack size 4 bytes, gd32f30x_misc.o(.text), UNUSED)

<P><STRONG><a name="[9e]"></a>pmu_deinit</STRONG> (Thumb, 24 bytes, Stack size 16 bytes, gd32f30x_pmu.o(.text), UNUSED)
<BR><BR>[Calls]<UL><LI><a href="#[9a]">&gt;&gt;</a>&nbsp;&nbsp;&nbsp;rcu_periph_reset_disable
<LI><a href="#[99]">&gt;&gt;</a>&nbsp;&nbsp;&nbsp;rcu_periph_reset_enable
</UL>

<P><STRONG><a name="[15d]"></a>pmu_lvd_select</STRONG> (Thumb, 48 bytes, Stack size 4 bytes, gd32f30x_pmu.o(.text), UNUSED)

<P><STRONG><a name="[15e]"></a>pmu_ldo_output_select</STRONG> (Thumb, 32 bytes, Stack size 4 bytes, gd32f30x_pmu.o(.text), UNUSED)

<P><STRONG><a name="[15f]"></a>pmu_lvd_disable</STRONG> (Thumb, 18 bytes, Stack size 0 bytes, gd32f30x_pmu.o(.text), UNUSED)

<P><STRONG><a name="[9f]"></a>pmu_highdriver_switch_select</STRONG> (Thumb, 52 bytes, Stack size 16 bytes, gd32f30x_pmu.o(.text), UNUSED)
<BR><BR>[Calls]<UL><LI><a href="#[a0]">&gt;&gt;</a>&nbsp;&nbsp;&nbsp;pmu_flag_get
</UL>

<P><STRONG><a name="[a0]"></a>pmu_flag_get</STRONG> (Thumb, 46 bytes, Stack size 8 bytes, gd32f30x_pmu.o(.text), UNUSED)
<BR><BR>[Called By]<UL><LI><a href="#[9f]">&gt;&gt;</a>&nbsp;&nbsp;&nbsp;pmu_highdriver_switch_select
</UL>

<P><STRONG><a name="[160]"></a>pmu_highdriver_mode_enable</STRONG> (Thumb, 18 bytes, Stack size 0 bytes, gd32f30x_pmu.o(.text), UNUSED)

<P><STRONG><a name="[161]"></a>pmu_highdriver_mode_disable</STRONG> (Thumb, 18 bytes, Stack size 0 bytes, gd32f30x_pmu.o(.text), UNUSED)

<P><STRONG><a name="[162]"></a>pmu_lowdriver_mode_enable</STRONG> (Thumb, 18 bytes, Stack size 0 bytes, gd32f30x_pmu.o(.text), UNUSED)

<P><STRONG><a name="[163]"></a>pmu_lowdriver_mode_disable</STRONG> (Thumb, 18 bytes, Stack size 0 bytes, gd32f30x_pmu.o(.text), UNUSED)

<P><STRONG><a name="[164]"></a>pmu_lowpower_driver_config</STRONG> (Thumb, 32 bytes, Stack size 4 bytes, gd32f30x_pmu.o(.text), UNUSED)

<P><STRONG><a name="[165]"></a>pmu_normalpower_driver_config</STRONG> (Thumb, 32 bytes, Stack size 4 bytes, gd32f30x_pmu.o(.text), UNUSED)

<P><STRONG><a name="[166]"></a>pmu_to_sleepmode</STRONG> (Thumb, 42 bytes, Stack size 4 bytes, gd32f30x_pmu.o(.text), UNUSED)

<P><STRONG><a name="[167]"></a>pmu_to_deepsleepmode</STRONG> (Thumb, 332 bytes, Stack size 12 bytes, gd32f30x_pmu.o(.text), UNUSED)

<P><STRONG><a name="[168]"></a>pmu_to_standbymode</STRONG> (Thumb, 106 bytes, Stack size 0 bytes, gd32f30x_pmu.o(.text), UNUSED)

<P><STRONG><a name="[10c]"></a>pmu_backup_write_enable</STRONG> (Thumb, 18 bytes, Stack size 0 bytes, gd32f30x_pmu.o(.text), UNUSED)
<BR><BR>[Called By]<UL><LI><a href="#[10b]">&gt;&gt;</a>&nbsp;&nbsp;&nbsp;rtc_configuration
</UL>

<P><STRONG><a name="[169]"></a>pmu_backup_write_disable</STRONG> (Thumb, 18 bytes, Stack size 0 bytes, gd32f30x_pmu.o(.text), UNUSED)

<P><STRONG><a name="[16a]"></a>pmu_wakeup_pin_enable</STRONG> (Thumb, 18 bytes, Stack size 0 bytes, gd32f30x_pmu.o(.text), UNUSED)

<P><STRONG><a name="[16b]"></a>pmu_wakeup_pin_disable</STRONG> (Thumb, 18 bytes, Stack size 0 bytes, gd32f30x_pmu.o(.text), UNUSED)

<P><STRONG><a name="[16c]"></a>pmu_flag_clear</STRONG> (Thumb, 62 bytes, Stack size 8 bytes, gd32f30x_pmu.o(.text), UNUSED)

<P><STRONG><a name="[a1]"></a>rcu_deinit</STRONG> (Thumb, 132 bytes, Stack size 16 bytes, gd32f30x_rcu.o(.text), UNUSED)
<BR><BR>[Calls]<UL><LI><a href="#[a2]">&gt;&gt;</a>&nbsp;&nbsp;&nbsp;rcu_osci_stab_wait
</UL>

<P><STRONG><a name="[a2]"></a>rcu_osci_stab_wait</STRONG> (Thumb, 574 bytes, Stack size 48 bytes, gd32f30x_rcu.o(.text), UNUSED)
<BR><BR>[Calls]<UL><LI><a href="#[a3]">&gt;&gt;</a>&nbsp;&nbsp;&nbsp;rcu_flag_get
</UL>
<BR>[Called By]<UL><LI><a href="#[a1]">&gt;&gt;</a>&nbsp;&nbsp;&nbsp;rcu_deinit
<LI><a href="#[10b]">&gt;&gt;</a>&nbsp;&nbsp;&nbsp;rtc_configuration
</UL>

<P><STRONG><a name="[f6]"></a>rcu_periph_clock_enable</STRONG> (Thumb, 40 bytes, Stack size 4 bytes, gd32f30x_rcu.o(.text))
<BR><BR>[Stack]<UL><LI>Max Depth = 4<LI>Call Chain = rcu_periph_clock_enable
</UL>
<BR>[Called By]<UL><LI><a href="#[7b]">&gt;&gt;</a>&nbsp;&nbsp;&nbsp;soft_spi_init
<LI><a href="#[7a]">&gt;&gt;</a>&nbsp;&nbsp;&nbsp;Usart_Init
<LI><a href="#[79]">&gt;&gt;</a>&nbsp;&nbsp;&nbsp;Gpio_Init
<LI><a href="#[10b]">&gt;&gt;</a>&nbsp;&nbsp;&nbsp;rtc_configuration
<LI><a href="#[fb]">&gt;&gt;</a>&nbsp;&nbsp;&nbsp;Spi_Init
</UL>

<P><STRONG><a name="[16d]"></a>rcu_periph_clock_disable</STRONG> (Thumb, 40 bytes, Stack size 4 bytes, gd32f30x_rcu.o(.text), UNUSED)

<P><STRONG><a name="[16e]"></a>rcu_periph_clock_sleep_enable</STRONG> (Thumb, 40 bytes, Stack size 4 bytes, gd32f30x_rcu.o(.text), UNUSED)

<P><STRONG><a name="[16f]"></a>rcu_periph_clock_sleep_disable</STRONG> (Thumb, 40 bytes, Stack size 4 bytes, gd32f30x_rcu.o(.text), UNUSED)

<P><STRONG><a name="[99]"></a>rcu_periph_reset_enable</STRONG> (Thumb, 40 bytes, Stack size 4 bytes, gd32f30x_rcu.o(.text))
<BR><BR>[Stack]<UL><LI>Max Depth = 4<LI>Call Chain = rcu_periph_reset_enable
</UL>
<BR>[Called By]<UL><LI><a href="#[ab]">&gt;&gt;</a>&nbsp;&nbsp;&nbsp;usart_deinit
<LI><a href="#[a8]">&gt;&gt;</a>&nbsp;&nbsp;&nbsp;spi_i2s_deinit
<LI><a href="#[9e]">&gt;&gt;</a>&nbsp;&nbsp;&nbsp;pmu_deinit
<LI><a href="#[9b]">&gt;&gt;</a>&nbsp;&nbsp;&nbsp;gpio_afio_deinit
<LI><a href="#[98]">&gt;&gt;</a>&nbsp;&nbsp;&nbsp;gpio_deinit
</UL>

<P><STRONG><a name="[9a]"></a>rcu_periph_reset_disable</STRONG> (Thumb, 40 bytes, Stack size 4 bytes, gd32f30x_rcu.o(.text))
<BR><BR>[Stack]<UL><LI>Max Depth = 4<LI>Call Chain = rcu_periph_reset_disable
</UL>
<BR>[Called By]<UL><LI><a href="#[ab]">&gt;&gt;</a>&nbsp;&nbsp;&nbsp;usart_deinit
<LI><a href="#[a8]">&gt;&gt;</a>&nbsp;&nbsp;&nbsp;spi_i2s_deinit
<LI><a href="#[9e]">&gt;&gt;</a>&nbsp;&nbsp;&nbsp;pmu_deinit
<LI><a href="#[9b]">&gt;&gt;</a>&nbsp;&nbsp;&nbsp;gpio_afio_deinit
<LI><a href="#[98]">&gt;&gt;</a>&nbsp;&nbsp;&nbsp;gpio_deinit
</UL>

<P><STRONG><a name="[96]"></a>rcu_bkp_reset_enable</STRONG> (Thumb, 18 bytes, Stack size 0 bytes, gd32f30x_rcu.o(.text), UNUSED)
<BR><BR>[Called By]<UL><LI><a href="#[95]">&gt;&gt;</a>&nbsp;&nbsp;&nbsp;bkp_deinit
</UL>

<P><STRONG><a name="[97]"></a>rcu_bkp_reset_disable</STRONG> (Thumb, 18 bytes, Stack size 0 bytes, gd32f30x_rcu.o(.text), UNUSED)
<BR><BR>[Called By]<UL><LI><a href="#[95]">&gt;&gt;</a>&nbsp;&nbsp;&nbsp;bkp_deinit
</UL>

<P><STRONG><a name="[170]"></a>rcu_system_clock_source_config</STRONG> (Thumb, 36 bytes, Stack size 8 bytes, gd32f30x_rcu.o(.text), UNUSED)

<P><STRONG><a name="[171]"></a>rcu_system_clock_source_get</STRONG> (Thumb, 16 bytes, Stack size 0 bytes, gd32f30x_rcu.o(.text), UNUSED)

<P><STRONG><a name="[172]"></a>rcu_ahb_clock_config</STRONG> (Thumb, 36 bytes, Stack size 8 bytes, gd32f30x_rcu.o(.text), UNUSED)

<P><STRONG><a name="[173]"></a>rcu_apb1_clock_config</STRONG> (Thumb, 36 bytes, Stack size 8 bytes, gd32f30x_rcu.o(.text), UNUSED)

<P><STRONG><a name="[174]"></a>rcu_apb2_clock_config</STRONG> (Thumb, 36 bytes, Stack size 8 bytes, gd32f30x_rcu.o(.text), UNUSED)

<P><STRONG><a name="[175]"></a>rcu_ckout0_config</STRONG> (Thumb, 36 bytes, Stack size 8 bytes, gd32f30x_rcu.o(.text), UNUSED)

<P><STRONG><a name="[176]"></a>rcu_pll_config</STRONG> (Thumb, 56 bytes, Stack size 12 bytes, gd32f30x_rcu.o(.text), UNUSED)

<P><STRONG><a name="[177]"></a>rcu_pllpresel_config</STRONG> (Thumb, 44 bytes, Stack size 8 bytes, gd32f30x_rcu.o(.text), UNUSED)

<P><STRONG><a name="[178]"></a>rcu_predv0_config</STRONG> (Thumb, 62 bytes, Stack size 8 bytes, gd32f30x_rcu.o(.text), UNUSED)

<P><STRONG><a name="[179]"></a>rcu_adc_clock_config</STRONG> (Thumb, 180 bytes, Stack size 16 bytes, gd32f30x_rcu.o(.text), UNUSED)

<P><STRONG><a name="[17a]"></a>rcu_usb_clock_config</STRONG> (Thumb, 36 bytes, Stack size 8 bytes, gd32f30x_rcu.o(.text), UNUSED)

<P><STRONG><a name="[10e]"></a>rcu_rtc_clock_config</STRONG> (Thumb, 36 bytes, Stack size 8 bytes, gd32f30x_rcu.o(.text), UNUSED)
<BR><BR>[Called By]<UL><LI><a href="#[10b]">&gt;&gt;</a>&nbsp;&nbsp;&nbsp;rtc_configuration
</UL>

<P><STRONG><a name="[17b]"></a>rcu_ck48m_clock_config</STRONG> (Thumb, 36 bytes, Stack size 8 bytes, gd32f30x_rcu.o(.text), UNUSED)

<P><STRONG><a name="[17c]"></a>rcu_lxtal_drive_capability_config</STRONG> (Thumb, 36 bytes, Stack size 8 bytes, gd32f30x_rcu.o(.text), UNUSED)

<P><STRONG><a name="[a3]"></a>rcu_flag_get</STRONG> (Thumb, 62 bytes, Stack size 4 bytes, gd32f30x_rcu.o(.text), UNUSED)
<BR><BR>[Called By]<UL><LI><a href="#[a2]">&gt;&gt;</a>&nbsp;&nbsp;&nbsp;rcu_osci_stab_wait
</UL>

<P><STRONG><a name="[10d]"></a>rcu_osci_on</STRONG> (Thumb, 40 bytes, Stack size 4 bytes, gd32f30x_rcu.o(.text), UNUSED)
<BR><BR>[Called By]<UL><LI><a href="#[10b]">&gt;&gt;</a>&nbsp;&nbsp;&nbsp;rtc_configuration
</UL>

<P><STRONG><a name="[17d]"></a>rcu_osci_off</STRONG> (Thumb, 40 bytes, Stack size 4 bytes, gd32f30x_rcu.o(.text), UNUSED)

<P><STRONG><a name="[17e]"></a>rcu_osci_bypass_mode_enable</STRONG> (Thumb, 134 bytes, Stack size 12 bytes, gd32f30x_rcu.o(.text), UNUSED)

<P><STRONG><a name="[17f]"></a>rcu_osci_bypass_mode_disable</STRONG> (Thumb, 134 bytes, Stack size 12 bytes, gd32f30x_rcu.o(.text), UNUSED)

<P><STRONG><a name="[180]"></a>rcu_irc8m_adjust_value_set</STRONG> (Thumb, 42 bytes, Stack size 8 bytes, gd32f30x_rcu.o(.text), UNUSED)

<P><STRONG><a name="[181]"></a>rcu_hxtal_clock_monitor_enable</STRONG> (Thumb, 18 bytes, Stack size 0 bytes, gd32f30x_rcu.o(.text), UNUSED)

<P><STRONG><a name="[182]"></a>rcu_hxtal_clock_monitor_disable</STRONG> (Thumb, 18 bytes, Stack size 0 bytes, gd32f30x_rcu.o(.text), UNUSED)

<P><STRONG><a name="[183]"></a>rcu_deepsleep_voltage_set</STRONG> (Thumb, 28 bytes, Stack size 4 bytes, gd32f30x_rcu.o(.text), UNUSED)

<P><STRONG><a name="[aa]"></a>rcu_clock_freq_get</STRONG> (Thumb, 494 bytes, Stack size 96 bytes, gd32f30x_rcu.o(.text))
<BR><BR>[Stack]<UL><LI>Max Depth = 96<LI>Call Chain = rcu_clock_freq_get
</UL>
<BR>[Called By]<UL><LI><a href="#[ac]">&gt;&gt;</a>&nbsp;&nbsp;&nbsp;usart_baudrate_set
<LI><a href="#[a9]">&gt;&gt;</a>&nbsp;&nbsp;&nbsp;i2s_psc_config
</UL>

<P><STRONG><a name="[184]"></a>rcu_all_reset_flag_clear</STRONG> (Thumb, 18 bytes, Stack size 0 bytes, gd32f30x_rcu.o(.text), UNUSED)

<P><STRONG><a name="[185]"></a>rcu_interrupt_flag_get</STRONG> (Thumb, 62 bytes, Stack size 4 bytes, gd32f30x_rcu.o(.text), UNUSED)

<P><STRONG><a name="[186]"></a>rcu_interrupt_flag_clear</STRONG> (Thumb, 40 bytes, Stack size 4 bytes, gd32f30x_rcu.o(.text), UNUSED)

<P><STRONG><a name="[187]"></a>rcu_interrupt_enable</STRONG> (Thumb, 40 bytes, Stack size 4 bytes, gd32f30x_rcu.o(.text), UNUSED)

<P><STRONG><a name="[188]"></a>rcu_interrupt_disable</STRONG> (Thumb, 40 bytes, Stack size 4 bytes, gd32f30x_rcu.o(.text), UNUSED)

<P><STRONG><a name="[110]"></a>rtc_interrupt_enable</STRONG> (Thumb, 24 bytes, Stack size 4 bytes, gd32f30x_rtc.o(.text), UNUSED)
<BR><BR>[Called By]<UL><LI><a href="#[10b]">&gt;&gt;</a>&nbsp;&nbsp;&nbsp;rtc_configuration
</UL>

<P><STRONG><a name="[189]"></a>rtc_interrupt_disable</STRONG> (Thumb, 24 bytes, Stack size 4 bytes, gd32f30x_rtc.o(.text), UNUSED)

<P><STRONG><a name="[a4]"></a>rtc_configuration_mode_enter</STRONG> (Thumb, 18 bytes, Stack size 0 bytes, gd32f30x_rtc.o(.text))
<BR><BR>[Called By]<UL><LI><a href="#[a7]">&gt;&gt;</a>&nbsp;&nbsp;&nbsp;rtc_alarm_config
<LI><a href="#[a6]">&gt;&gt;</a>&nbsp;&nbsp;&nbsp;rtc_prescaler_set
<LI><a href="#[76]">&gt;&gt;</a>&nbsp;&nbsp;&nbsp;rtc_counter_set
</UL>

<P><STRONG><a name="[a5]"></a>rtc_configuration_mode_exit</STRONG> (Thumb, 18 bytes, Stack size 0 bytes, gd32f30x_rtc.o(.text))
<BR><BR>[Called By]<UL><LI><a href="#[a7]">&gt;&gt;</a>&nbsp;&nbsp;&nbsp;rtc_alarm_config
<LI><a href="#[a6]">&gt;&gt;</a>&nbsp;&nbsp;&nbsp;rtc_prescaler_set
<LI><a href="#[76]">&gt;&gt;</a>&nbsp;&nbsp;&nbsp;rtc_counter_set
</UL>

<P><STRONG><a name="[74]"></a>rtc_lwoff_wait</STRONG> (Thumb, 24 bytes, Stack size 0 bytes, gd32f30x_rtc.o(.text))
<BR><BR>[Called By]<UL><LI><a href="#[d]">&gt;&gt;</a>&nbsp;&nbsp;&nbsp;RTC_IRQHandler
<LI><a href="#[111]">&gt;&gt;</a>&nbsp;&nbsp;&nbsp;time_set
<LI><a href="#[10b]">&gt;&gt;</a>&nbsp;&nbsp;&nbsp;rtc_configuration
</UL>

<P><STRONG><a name="[10f]"></a>rtc_register_sync_wait</STRONG> (Thumb, 40 bytes, Stack size 0 bytes, gd32f30x_rtc.o(.text), UNUSED)
<BR><BR>[Called By]<UL><LI><a href="#[10b]">&gt;&gt;</a>&nbsp;&nbsp;&nbsp;rtc_configuration
</UL>

<P><STRONG><a name="[75]"></a>rtc_counter_get</STRONG> (Thumb, 42 bytes, Stack size 4 bytes, gd32f30x_rtc.o(.text))
<BR><BR>[Stack]<UL><LI>Max Depth = 4<LI>Call Chain = rtc_counter_get
</UL>
<BR>[Called By]<UL><LI><a href="#[8c]">&gt;&gt;</a>&nbsp;&nbsp;&nbsp;rtc_set_alarm
<LI><a href="#[d]">&gt;&gt;</a>&nbsp;&nbsp;&nbsp;RTC_IRQHandler
</UL>

<P><STRONG><a name="[76]"></a>rtc_counter_set</STRONG> (Thumb, 46 bytes, Stack size 16 bytes, gd32f30x_rtc.o(.text))
<BR><BR>[Stack]<UL><LI>Max Depth = 16<LI>Call Chain = rtc_counter_set
</UL>
<BR>[Calls]<UL><LI><a href="#[a5]">&gt;&gt;</a>&nbsp;&nbsp;&nbsp;rtc_configuration_mode_exit
<LI><a href="#[a4]">&gt;&gt;</a>&nbsp;&nbsp;&nbsp;rtc_configuration_mode_enter
</UL>
<BR>[Called By]<UL><LI><a href="#[d]">&gt;&gt;</a>&nbsp;&nbsp;&nbsp;RTC_IRQHandler
<LI><a href="#[111]">&gt;&gt;</a>&nbsp;&nbsp;&nbsp;time_set
</UL>

<P><STRONG><a name="[a6]"></a>rtc_prescaler_set</STRONG> (Thumb, 48 bytes, Stack size 16 bytes, gd32f30x_rtc.o(.text), UNUSED)
<BR><BR>[Calls]<UL><LI><a href="#[a5]">&gt;&gt;</a>&nbsp;&nbsp;&nbsp;rtc_configuration_mode_exit
<LI><a href="#[a4]">&gt;&gt;</a>&nbsp;&nbsp;&nbsp;rtc_configuration_mode_enter
</UL>
<BR>[Called By]<UL><LI><a href="#[10b]">&gt;&gt;</a>&nbsp;&nbsp;&nbsp;rtc_configuration
</UL>

<P><STRONG><a name="[a7]"></a>rtc_alarm_config</STRONG> (Thumb, 46 bytes, Stack size 16 bytes, gd32f30x_rtc.o(.text))
<BR><BR>[Stack]<UL><LI>Max Depth = 16<LI>Call Chain = rtc_alarm_config
</UL>
<BR>[Calls]<UL><LI><a href="#[a5]">&gt;&gt;</a>&nbsp;&nbsp;&nbsp;rtc_configuration_mode_exit
<LI><a href="#[a4]">&gt;&gt;</a>&nbsp;&nbsp;&nbsp;rtc_configuration_mode_enter
</UL>
<BR>[Called By]<UL><LI><a href="#[8c]">&gt;&gt;</a>&nbsp;&nbsp;&nbsp;rtc_set_alarm
<LI><a href="#[112]">&gt;&gt;</a>&nbsp;&nbsp;&nbsp;rtc_reset_alarm
</UL>

<P><STRONG><a name="[18a]"></a>rtc_divider_get</STRONG> (Thumb, 46 bytes, Stack size 4 bytes, gd32f30x_rtc.o(.text), UNUSED)

<P><STRONG><a name="[71]"></a>rtc_flag_get</STRONG> (Thumb, 46 bytes, Stack size 8 bytes, gd32f30x_rtc.o(.text))
<BR><BR>[Stack]<UL><LI>Max Depth = 8<LI>Call Chain = rtc_flag_get
</UL>
<BR>[Called By]<UL><LI><a href="#[d]">&gt;&gt;</a>&nbsp;&nbsp;&nbsp;RTC_IRQHandler
</UL>

<P><STRONG><a name="[72]"></a>rtc_flag_clear</STRONG> (Thumb, 24 bytes, Stack size 4 bytes, gd32f30x_rtc.o(.text))
<BR><BR>[Stack]<UL><LI>Max Depth = 4<LI>Call Chain = rtc_flag_clear
</UL>
<BR>[Called By]<UL><LI><a href="#[d]">&gt;&gt;</a>&nbsp;&nbsp;&nbsp;RTC_IRQHandler
</UL>

<P><STRONG><a name="[a8]"></a>spi_i2s_deinit</STRONG> (Thumb, 116 bytes, Stack size 32 bytes, gd32f30x_spi.o(.text), UNUSED)
<BR><BR>[Calls]<UL><LI><a href="#[9a]">&gt;&gt;</a>&nbsp;&nbsp;&nbsp;rcu_periph_reset_disable
<LI><a href="#[99]">&gt;&gt;</a>&nbsp;&nbsp;&nbsp;rcu_periph_reset_enable
</UL>

<P><STRONG><a name="[18b]"></a>spi_struct_para_init</STRONG> (Thumb, 38 bytes, Stack size 4 bytes, gd32f30x_spi.o(.text), UNUSED)

<P><STRONG><a name="[fc]"></a>spi_init</STRONG> (Thumb, 114 bytes, Stack size 12 bytes, gd32f30x_spi.o(.text), UNUSED)
<BR><BR>[Called By]<UL><LI><a href="#[fb]">&gt;&gt;</a>&nbsp;&nbsp;&nbsp;Spi_Init
</UL>

<P><STRONG><a name="[fd]"></a>spi_enable</STRONG> (Thumb, 18 bytes, Stack size 4 bytes, gd32f30x_spi.o(.text), UNUSED)
<BR><BR>[Called By]<UL><LI><a href="#[fb]">&gt;&gt;</a>&nbsp;&nbsp;&nbsp;Spi_Init
</UL>

<P><STRONG><a name="[18c]"></a>spi_disable</STRONG> (Thumb, 18 bytes, Stack size 4 bytes, gd32f30x_spi.o(.text), UNUSED)

<P><STRONG><a name="[18d]"></a>i2s_init</STRONG> (Thumb, 72 bytes, Stack size 20 bytes, gd32f30x_spi.o(.text), UNUSED)

<P><STRONG><a name="[a9]"></a>i2s_psc_config</STRONG> (Thumb, 246 bytes, Stack size 40 bytes, gd32f30x_spi.o(.text), UNUSED)
<BR><BR>[Calls]<UL><LI><a href="#[aa]">&gt;&gt;</a>&nbsp;&nbsp;&nbsp;rcu_clock_freq_get
</UL>

<P><STRONG><a name="[18e]"></a>i2s_enable</STRONG> (Thumb, 18 bytes, Stack size 4 bytes, gd32f30x_spi.o(.text), UNUSED)

<P><STRONG><a name="[18f]"></a>i2s_disable</STRONG> (Thumb, 18 bytes, Stack size 4 bytes, gd32f30x_spi.o(.text), UNUSED)

<P><STRONG><a name="[190]"></a>spi_nss_output_enable</STRONG> (Thumb, 18 bytes, Stack size 4 bytes, gd32f30x_spi.o(.text), UNUSED)

<P><STRONG><a name="[191]"></a>spi_nss_output_disable</STRONG> (Thumb, 18 bytes, Stack size 4 bytes, gd32f30x_spi.o(.text), UNUSED)

<P><STRONG><a name="[192]"></a>spi_nss_internal_high</STRONG> (Thumb, 18 bytes, Stack size 4 bytes, gd32f30x_spi.o(.text), UNUSED)

<P><STRONG><a name="[193]"></a>spi_nss_internal_low</STRONG> (Thumb, 18 bytes, Stack size 4 bytes, gd32f30x_spi.o(.text), UNUSED)

<P><STRONG><a name="[194]"></a>spi_dma_enable</STRONG> (Thumb, 44 bytes, Stack size 8 bytes, gd32f30x_spi.o(.text), UNUSED)

<P><STRONG><a name="[195]"></a>spi_dma_disable</STRONG> (Thumb, 44 bytes, Stack size 8 bytes, gd32f30x_spi.o(.text), UNUSED)

<P><STRONG><a name="[196]"></a>spi_i2s_data_frame_format_config</STRONG> (Thumb, 34 bytes, Stack size 8 bytes, gd32f30x_spi.o(.text), UNUSED)

<P><STRONG><a name="[106]"></a>spi_i2s_data_transmit</STRONG> (Thumb, 20 bytes, Stack size 8 bytes, gd32f30x_spi.o(.text), UNUSED)
<BR><BR>[Called By]<UL><LI><a href="#[104]">&gt;&gt;</a>&nbsp;&nbsp;&nbsp;SpiInOut1
</UL>

<P><STRONG><a name="[107]"></a>spi_i2s_data_receive</STRONG> (Thumb, 14 bytes, Stack size 4 bytes, gd32f30x_spi.o(.text), UNUSED)
<BR><BR>[Called By]<UL><LI><a href="#[104]">&gt;&gt;</a>&nbsp;&nbsp;&nbsp;SpiInOut1
</UL>

<P><STRONG><a name="[197]"></a>spi_bidirectional_transfer_config</STRONG> (Thumb, 44 bytes, Stack size 8 bytes, gd32f30x_spi.o(.text), UNUSED)

<P><STRONG><a name="[198]"></a>spi_i2s_format_error_clear</STRONG> (Thumb, 18 bytes, Stack size 8 bytes, gd32f30x_spi.o(.text), UNUSED)

<P><STRONG><a name="[199]"></a>spi_crc_polynomial_set</STRONG> (Thumb, 20 bytes, Stack size 8 bytes, gd32f30x_spi.o(.text), UNUSED)

<P><STRONG><a name="[19a]"></a>spi_crc_polynomial_get</STRONG> (Thumb, 14 bytes, Stack size 4 bytes, gd32f30x_spi.o(.text), UNUSED)

<P><STRONG><a name="[19b]"></a>spi_crc_on</STRONG> (Thumb, 18 bytes, Stack size 4 bytes, gd32f30x_spi.o(.text), UNUSED)

<P><STRONG><a name="[19c]"></a>spi_crc_off</STRONG> (Thumb, 18 bytes, Stack size 4 bytes, gd32f30x_spi.o(.text), UNUSED)

<P><STRONG><a name="[19d]"></a>spi_crc_next</STRONG> (Thumb, 18 bytes, Stack size 4 bytes, gd32f30x_spi.o(.text), UNUSED)

<P><STRONG><a name="[19e]"></a>spi_crc_get</STRONG> (Thumb, 44 bytes, Stack size 12 bytes, gd32f30x_spi.o(.text), UNUSED)

<P><STRONG><a name="[19f]"></a>spi_crc_error_clear</STRONG> (Thumb, 16 bytes, Stack size 4 bytes, gd32f30x_spi.o(.text), UNUSED)

<P><STRONG><a name="[1a0]"></a>spi_ti_mode_enable</STRONG> (Thumb, 18 bytes, Stack size 4 bytes, gd32f30x_spi.o(.text), UNUSED)

<P><STRONG><a name="[1a1]"></a>spi_ti_mode_disable</STRONG> (Thumb, 18 bytes, Stack size 4 bytes, gd32f30x_spi.o(.text), UNUSED)

<P><STRONG><a name="[1a2]"></a>spi_nssp_mode_enable</STRONG> (Thumb, 18 bytes, Stack size 4 bytes, gd32f30x_spi.o(.text), UNUSED)

<P><STRONG><a name="[1a3]"></a>spi_nssp_mode_disable</STRONG> (Thumb, 18 bytes, Stack size 4 bytes, gd32f30x_spi.o(.text), UNUSED)

<P><STRONG><a name="[1a4]"></a>spi_quad_enable</STRONG> (Thumb, 22 bytes, Stack size 4 bytes, gd32f30x_spi.o(.text), UNUSED)

<P><STRONG><a name="[1a5]"></a>spi_quad_disable</STRONG> (Thumb, 22 bytes, Stack size 4 bytes, gd32f30x_spi.o(.text), UNUSED)

<P><STRONG><a name="[1a6]"></a>spi_quad_write_enable</STRONG> (Thumb, 22 bytes, Stack size 4 bytes, gd32f30x_spi.o(.text), UNUSED)

<P><STRONG><a name="[1a7]"></a>spi_quad_read_enable</STRONG> (Thumb, 22 bytes, Stack size 4 bytes, gd32f30x_spi.o(.text), UNUSED)

<P><STRONG><a name="[1a8]"></a>spi_quad_io23_output_enable</STRONG> (Thumb, 22 bytes, Stack size 4 bytes, gd32f30x_spi.o(.text), UNUSED)

<P><STRONG><a name="[1a9]"></a>spi_quad_io23_output_disable</STRONG> (Thumb, 22 bytes, Stack size 4 bytes, gd32f30x_spi.o(.text), UNUSED)

<P><STRONG><a name="[1aa]"></a>spi_i2s_interrupt_enable</STRONG> (Thumb, 78 bytes, Stack size 12 bytes, gd32f30x_spi.o(.text), UNUSED)

<P><STRONG><a name="[1ab]"></a>spi_i2s_interrupt_disable</STRONG> (Thumb, 78 bytes, Stack size 12 bytes, gd32f30x_spi.o(.text), UNUSED)

<P><STRONG><a name="[1ac]"></a>spi_i2s_interrupt_flag_get</STRONG> (Thumb, 210 bytes, Stack size 24 bytes, gd32f30x_spi.o(.text), UNUSED)

<P><STRONG><a name="[105]"></a>spi_i2s_flag_get</STRONG> (Thumb, 42 bytes, Stack size 12 bytes, gd32f30x_spi.o(.text), UNUSED)
<BR><BR>[Called By]<UL><LI><a href="#[104]">&gt;&gt;</a>&nbsp;&nbsp;&nbsp;SpiInOut1
</UL>

<P><STRONG><a name="[ab]"></a>usart_deinit</STRONG> (Thumb, 184 bytes, Stack size 40 bytes, gd32f30x_usart.o(.text))
<BR><BR>[Stack]<UL><LI>Max Depth = 44<LI>Call Chain = usart_deinit &rArr; rcu_periph_reset_disable
</UL>
<BR>[Calls]<UL><LI><a href="#[9a]">&gt;&gt;</a>&nbsp;&nbsp;&nbsp;rcu_periph_reset_disable
<LI><a href="#[99]">&gt;&gt;</a>&nbsp;&nbsp;&nbsp;rcu_periph_reset_enable
</UL>
<BR>[Called By]<UL><LI><a href="#[7a]">&gt;&gt;</a>&nbsp;&nbsp;&nbsp;Usart_Init
</UL>

<P><STRONG><a name="[ac]"></a>usart_baudrate_set</STRONG> (Thumb, 202 bytes, Stack size 40 bytes, gd32f30x_usart.o(.text))
<BR><BR>[Stack]<UL><LI>Max Depth = 136<LI>Call Chain = usart_baudrate_set &rArr; rcu_clock_freq_get
</UL>
<BR>[Calls]<UL><LI><a href="#[aa]">&gt;&gt;</a>&nbsp;&nbsp;&nbsp;rcu_clock_freq_get
</UL>
<BR>[Called By]<UL><LI><a href="#[7a]">&gt;&gt;</a>&nbsp;&nbsp;&nbsp;Usart_Init
</UL>

<P><STRONG><a name="[1ad]"></a>usart_parity_config</STRONG> (Thumb, 30 bytes, Stack size 8 bytes, gd32f30x_usart.o(.text), UNUSED)

<P><STRONG><a name="[1ae]"></a>usart_word_length_set</STRONG> (Thumb, 30 bytes, Stack size 8 bytes, gd32f30x_usart.o(.text), UNUSED)

<P><STRONG><a name="[1af]"></a>usart_stop_bit_set</STRONG> (Thumb, 30 bytes, Stack size 8 bytes, gd32f30x_usart.o(.text), UNUSED)

<P><STRONG><a name="[100]"></a>usart_enable</STRONG> (Thumb, 18 bytes, Stack size 4 bytes, gd32f30x_usart.o(.text))
<BR><BR>[Stack]<UL><LI>Max Depth = 4<LI>Call Chain = usart_enable
</UL>
<BR>[Called By]<UL><LI><a href="#[7a]">&gt;&gt;</a>&nbsp;&nbsp;&nbsp;Usart_Init
</UL>

<P><STRONG><a name="[1b0]"></a>usart_disable</STRONG> (Thumb, 18 bytes, Stack size 4 bytes, gd32f30x_usart.o(.text), UNUSED)

<P><STRONG><a name="[ff]"></a>usart_transmit_config</STRONG> (Thumb, 34 bytes, Stack size 8 bytes, gd32f30x_usart.o(.text))
<BR><BR>[Stack]<UL><LI>Max Depth = 8<LI>Call Chain = usart_transmit_config
</UL>
<BR>[Called By]<UL><LI><a href="#[7a]">&gt;&gt;</a>&nbsp;&nbsp;&nbsp;Usart_Init
</UL>

<P><STRONG><a name="[fe]"></a>usart_receive_config</STRONG> (Thumb, 34 bytes, Stack size 8 bytes, gd32f30x_usart.o(.text))
<BR><BR>[Stack]<UL><LI>Max Depth = 8<LI>Call Chain = usart_receive_config
</UL>
<BR>[Called By]<UL><LI><a href="#[7a]">&gt;&gt;</a>&nbsp;&nbsp;&nbsp;Usart_Init
</UL>

<P><STRONG><a name="[1b1]"></a>usart_data_first_config</STRONG> (Thumb, 38 bytes, Stack size 8 bytes, gd32f30x_usart.o(.text), UNUSED)

<P><STRONG><a name="[1b2]"></a>usart_invert_config</STRONG> (Thumb, 134 bytes, Stack size 12 bytes, gd32f30x_usart.o(.text), UNUSED)

<P><STRONG><a name="[1b3]"></a>usart_receiver_timeout_enable</STRONG> (Thumb, 22 bytes, Stack size 4 bytes, gd32f30x_usart.o(.text), UNUSED)

<P><STRONG><a name="[1b4]"></a>usart_receiver_timeout_disable</STRONG> (Thumb, 22 bytes, Stack size 4 bytes, gd32f30x_usart.o(.text), UNUSED)

<P><STRONG><a name="[1b5]"></a>usart_receiver_timeout_threshold_config</STRONG> (Thumb, 38 bytes, Stack size 8 bytes, gd32f30x_usart.o(.text), UNUSED)

<P><STRONG><a name="[8f]"></a>usart_data_transmit</STRONG> (Thumb, 24 bytes, Stack size 8 bytes, gd32f30x_usart.o(.text))
<BR><BR>[Stack]<UL><LI>Max Depth = 8<LI>Call Chain = usart_data_transmit
</UL>
<BR>[Called By]<UL><LI><a href="#[50]">&gt;&gt;</a>&nbsp;&nbsp;&nbsp;fputc
</UL>

<P><STRONG><a name="[1b6]"></a>usart_data_receive</STRONG> (Thumb, 16 bytes, Stack size 4 bytes, gd32f30x_usart.o(.text), UNUSED)

<P><STRONG><a name="[1b7]"></a>usart_address_config</STRONG> (Thumb, 38 bytes, Stack size 8 bytes, gd32f30x_usart.o(.text), UNUSED)

<P><STRONG><a name="[1b8]"></a>usart_mute_mode_enable</STRONG> (Thumb, 18 bytes, Stack size 4 bytes, gd32f30x_usart.o(.text), UNUSED)

<P><STRONG><a name="[1b9]"></a>usart_mute_mode_disable</STRONG> (Thumb, 18 bytes, Stack size 4 bytes, gd32f30x_usart.o(.text), UNUSED)

<P><STRONG><a name="[1ba]"></a>usart_mute_mode_wakeup_config</STRONG> (Thumb, 30 bytes, Stack size 8 bytes, gd32f30x_usart.o(.text), UNUSED)

<P><STRONG><a name="[1bb]"></a>usart_lin_mode_enable</STRONG> (Thumb, 18 bytes, Stack size 4 bytes, gd32f30x_usart.o(.text), UNUSED)

<P><STRONG><a name="[1bc]"></a>usart_lin_mode_disable</STRONG> (Thumb, 18 bytes, Stack size 4 bytes, gd32f30x_usart.o(.text), UNUSED)

<P><STRONG><a name="[1bd]"></a>usart_lin_break_detection_length_config</STRONG> (Thumb, 34 bytes, Stack size 8 bytes, gd32f30x_usart.o(.text), UNUSED)

<P><STRONG><a name="[1be]"></a>usart_send_break</STRONG> (Thumb, 18 bytes, Stack size 4 bytes, gd32f30x_usart.o(.text), UNUSED)

<P><STRONG><a name="[1bf]"></a>usart_halfduplex_enable</STRONG> (Thumb, 18 bytes, Stack size 4 bytes, gd32f30x_usart.o(.text), UNUSED)

<P><STRONG><a name="[1c0]"></a>usart_halfduplex_disable</STRONG> (Thumb, 18 bytes, Stack size 4 bytes, gd32f30x_usart.o(.text), UNUSED)

<P><STRONG><a name="[1c1]"></a>usart_synchronous_clock_enable</STRONG> (Thumb, 18 bytes, Stack size 4 bytes, gd32f30x_usart.o(.text), UNUSED)

<P><STRONG><a name="[1c2]"></a>usart_synchronous_clock_disable</STRONG> (Thumb, 18 bytes, Stack size 4 bytes, gd32f30x_usart.o(.text), UNUSED)

<P><STRONG><a name="[1c3]"></a>usart_synchronous_clock_config</STRONG> (Thumb, 54 bytes, Stack size 16 bytes, gd32f30x_usart.o(.text), UNUSED)

<P><STRONG><a name="[1c4]"></a>usart_guard_time_config</STRONG> (Thumb, 36 bytes, Stack size 8 bytes, gd32f30x_usart.o(.text), UNUSED)

<P><STRONG><a name="[1c5]"></a>usart_smartcard_mode_enable</STRONG> (Thumb, 18 bytes, Stack size 4 bytes, gd32f30x_usart.o(.text), UNUSED)

<P><STRONG><a name="[1c6]"></a>usart_smartcard_mode_disable</STRONG> (Thumb, 18 bytes, Stack size 4 bytes, gd32f30x_usart.o(.text), UNUSED)

<P><STRONG><a name="[1c7]"></a>usart_smartcard_mode_nack_enable</STRONG> (Thumb, 18 bytes, Stack size 4 bytes, gd32f30x_usart.o(.text), UNUSED)

<P><STRONG><a name="[1c8]"></a>usart_smartcard_mode_nack_disable</STRONG> (Thumb, 18 bytes, Stack size 4 bytes, gd32f30x_usart.o(.text), UNUSED)

<P><STRONG><a name="[1c9]"></a>usart_smartcard_autoretry_config</STRONG> (Thumb, 48 bytes, Stack size 8 bytes, gd32f30x_usart.o(.text), UNUSED)

<P><STRONG><a name="[1ca]"></a>usart_block_length_config</STRONG> (Thumb, 44 bytes, Stack size 8 bytes, gd32f30x_usart.o(.text), UNUSED)

<P><STRONG><a name="[1cb]"></a>usart_irda_mode_enable</STRONG> (Thumb, 18 bytes, Stack size 4 bytes, gd32f30x_usart.o(.text), UNUSED)

<P><STRONG><a name="[1cc]"></a>usart_irda_mode_disable</STRONG> (Thumb, 18 bytes, Stack size 4 bytes, gd32f30x_usart.o(.text), UNUSED)

<P><STRONG><a name="[1cd]"></a>usart_prescaler_config</STRONG> (Thumb, 34 bytes, Stack size 8 bytes, gd32f30x_usart.o(.text), UNUSED)

<P><STRONG><a name="[1ce]"></a>usart_irda_lowpower_config</STRONG> (Thumb, 34 bytes, Stack size 8 bytes, gd32f30x_usart.o(.text), UNUSED)

<P><STRONG><a name="[1cf]"></a>usart_hardware_flow_rts_config</STRONG> (Thumb, 34 bytes, Stack size 8 bytes, gd32f30x_usart.o(.text), UNUSED)

<P><STRONG><a name="[1d0]"></a>usart_hardware_flow_cts_config</STRONG> (Thumb, 34 bytes, Stack size 8 bytes, gd32f30x_usart.o(.text), UNUSED)

<P><STRONG><a name="[1d1]"></a>usart_dma_receive_config</STRONG> (Thumb, 38 bytes, Stack size 8 bytes, gd32f30x_usart.o(.text), UNUSED)

<P><STRONG><a name="[1d2]"></a>usart_dma_transmit_config</STRONG> (Thumb, 38 bytes, Stack size 8 bytes, gd32f30x_usart.o(.text), UNUSED)

<P><STRONG><a name="[90]"></a>usart_flag_get</STRONG> (Thumb, 58 bytes, Stack size 12 bytes, gd32f30x_usart.o(.text))
<BR><BR>[Stack]<UL><LI>Max Depth = 12<LI>Call Chain = usart_flag_get
</UL>
<BR>[Called By]<UL><LI><a href="#[50]">&gt;&gt;</a>&nbsp;&nbsp;&nbsp;fputc
</UL>

<P><STRONG><a name="[1d3]"></a>usart_flag_clear</STRONG> (Thumb, 32 bytes, Stack size 8 bytes, gd32f30x_usart.o(.text), UNUSED)

<P><STRONG><a name="[1d4]"></a>usart_interrupt_enable</STRONG> (Thumb, 36 bytes, Stack size 8 bytes, gd32f30x_usart.o(.text), UNUSED)

<P><STRONG><a name="[1d5]"></a>usart_interrupt_disable</STRONG> (Thumb, 36 bytes, Stack size 8 bytes, gd32f30x_usart.o(.text), UNUSED)

<P><STRONG><a name="[1d6]"></a>usart_interrupt_flag_get</STRONG> (Thumb, 94 bytes, Stack size 20 bytes, gd32f30x_usart.o(.text), UNUSED)

<P><STRONG><a name="[1d7]"></a>usart_interrupt_flag_clear</STRONG> (Thumb, 28 bytes, Stack size 8 bytes, gd32f30x_usart.o(.text), UNUSED)

<P><STRONG><a name="[0]"></a>Reset_Handler</STRONG> (Thumb, 8 bytes, Stack size 0 bytes, startup_gd32f30x_hd.o(.text))
<BR>[Address Reference Count : 1]<UL><LI> startup_gd32f30x_hd.o(RESET)
</UL>
<P><STRONG><a name="[1c]"></a>ADC0_1_IRQHandler</STRONG> (Thumb, 0 bytes, Stack size 0 bytes, startup_gd32f30x_hd.o(.text))
<BR><BR>[Calls]<UL><LI><a href="#[1c]">&gt;&gt;</a>&nbsp;&nbsp;&nbsp;ADC0_1_IRQHandler
</UL>
<BR>[Called By]<UL><LI><a href="#[1c]">&gt;&gt;</a>&nbsp;&nbsp;&nbsp;ADC0_1_IRQHandler
</UL>
<BR>[Address Reference Count : 1]<UL><LI> startup_gd32f30x_hd.o(RESET)
</UL>
<P><STRONG><a name="[39]"></a>ADC2_IRQHandler</STRONG> (Thumb, 0 bytes, Stack size 0 bytes, startup_gd32f30x_hd.o(.text))
<BR>[Address Reference Count : 1]<UL><LI> startup_gd32f30x_hd.o(RESET)
</UL>
<P><STRONG><a name="[20]"></a>CAN0_EWMC_IRQHandler</STRONG> (Thumb, 0 bytes, Stack size 0 bytes, startup_gd32f30x_hd.o(.text))
<BR>[Address Reference Count : 1]<UL><LI> startup_gd32f30x_hd.o(RESET)
</UL>
<P><STRONG><a name="[1f]"></a>CAN0_RX1_IRQHandler</STRONG> (Thumb, 0 bytes, Stack size 0 bytes, startup_gd32f30x_hd.o(.text))
<BR>[Address Reference Count : 1]<UL><LI> startup_gd32f30x_hd.o(RESET)
</UL>
<P><STRONG><a name="[15]"></a>DMA0_Channel0_IRQHandler</STRONG> (Thumb, 0 bytes, Stack size 0 bytes, startup_gd32f30x_hd.o(.text))
<BR>[Address Reference Count : 1]<UL><LI> startup_gd32f30x_hd.o(RESET)
</UL>
<P><STRONG><a name="[16]"></a>DMA0_Channel1_IRQHandler</STRONG> (Thumb, 0 bytes, Stack size 0 bytes, startup_gd32f30x_hd.o(.text))
<BR>[Address Reference Count : 1]<UL><LI> startup_gd32f30x_hd.o(RESET)
</UL>
<P><STRONG><a name="[17]"></a>DMA0_Channel2_IRQHandler</STRONG> (Thumb, 0 bytes, Stack size 0 bytes, startup_gd32f30x_hd.o(.text))
<BR>[Address Reference Count : 1]<UL><LI> startup_gd32f30x_hd.o(RESET)
</UL>
<P><STRONG><a name="[18]"></a>DMA0_Channel3_IRQHandler</STRONG> (Thumb, 0 bytes, Stack size 0 bytes, startup_gd32f30x_hd.o(.text))
<BR>[Address Reference Count : 1]<UL><LI> startup_gd32f30x_hd.o(RESET)
</UL>
<P><STRONG><a name="[19]"></a>DMA0_Channel4_IRQHandler</STRONG> (Thumb, 0 bytes, Stack size 0 bytes, startup_gd32f30x_hd.o(.text))
<BR>[Address Reference Count : 1]<UL><LI> startup_gd32f30x_hd.o(RESET)
</UL>
<P><STRONG><a name="[1a]"></a>DMA0_Channel5_IRQHandler</STRONG> (Thumb, 0 bytes, Stack size 0 bytes, startup_gd32f30x_hd.o(.text))
<BR>[Address Reference Count : 1]<UL><LI> startup_gd32f30x_hd.o(RESET)
</UL>
<P><STRONG><a name="[1b]"></a>DMA0_Channel6_IRQHandler</STRONG> (Thumb, 0 bytes, Stack size 0 bytes, startup_gd32f30x_hd.o(.text))
<BR>[Address Reference Count : 1]<UL><LI> startup_gd32f30x_hd.o(RESET)
</UL>
<P><STRONG><a name="[42]"></a>DMA1_Channel0_IRQHandler</STRONG> (Thumb, 0 bytes, Stack size 0 bytes, startup_gd32f30x_hd.o(.text))
<BR>[Address Reference Count : 1]<UL><LI> startup_gd32f30x_hd.o(RESET)
</UL>
<P><STRONG><a name="[43]"></a>DMA1_Channel1_IRQHandler</STRONG> (Thumb, 0 bytes, Stack size 0 bytes, startup_gd32f30x_hd.o(.text))
<BR>[Address Reference Count : 1]<UL><LI> startup_gd32f30x_hd.o(RESET)
</UL>
<P><STRONG><a name="[44]"></a>DMA1_Channel2_IRQHandler</STRONG> (Thumb, 0 bytes, Stack size 0 bytes, startup_gd32f30x_hd.o(.text))
<BR>[Address Reference Count : 1]<UL><LI> startup_gd32f30x_hd.o(RESET)
</UL>
<P><STRONG><a name="[45]"></a>DMA1_Channel3_4_IRQHandler</STRONG> (Thumb, 0 bytes, Stack size 0 bytes, startup_gd32f30x_hd.o(.text))
<BR>[Address Reference Count : 1]<UL><LI> startup_gd32f30x_hd.o(RESET)
</UL>
<P><STRONG><a name="[3a]"></a>EXMC_IRQHandler</STRONG> (Thumb, 0 bytes, Stack size 0 bytes, startup_gd32f30x_hd.o(.text))
<BR>[Address Reference Count : 1]<UL><LI> startup_gd32f30x_hd.o(RESET)
</UL>
<P><STRONG><a name="[10]"></a>EXTI0_IRQHandler</STRONG> (Thumb, 0 bytes, Stack size 0 bytes, startup_gd32f30x_hd.o(.text))
<BR>[Address Reference Count : 1]<UL><LI> startup_gd32f30x_hd.o(RESET)
</UL>
<P><STRONG><a name="[11]"></a>EXTI1_IRQHandler</STRONG> (Thumb, 0 bytes, Stack size 0 bytes, startup_gd32f30x_hd.o(.text))
<BR>[Address Reference Count : 1]<UL><LI> startup_gd32f30x_hd.o(RESET)
</UL>
<P><STRONG><a name="[12]"></a>EXTI2_IRQHandler</STRONG> (Thumb, 0 bytes, Stack size 0 bytes, startup_gd32f30x_hd.o(.text))
<BR>[Address Reference Count : 1]<UL><LI> startup_gd32f30x_hd.o(RESET)
</UL>
<P><STRONG><a name="[13]"></a>EXTI3_IRQHandler</STRONG> (Thumb, 0 bytes, Stack size 0 bytes, startup_gd32f30x_hd.o(.text))
<BR>[Address Reference Count : 1]<UL><LI> startup_gd32f30x_hd.o(RESET)
</UL>
<P><STRONG><a name="[21]"></a>EXTI5_9_IRQHandler</STRONG> (Thumb, 0 bytes, Stack size 0 bytes, startup_gd32f30x_hd.o(.text))
<BR>[Address Reference Count : 1]<UL><LI> startup_gd32f30x_hd.o(RESET)
</UL>
<P><STRONG><a name="[e]"></a>FMC_IRQHandler</STRONG> (Thumb, 0 bytes, Stack size 0 bytes, startup_gd32f30x_hd.o(.text))
<BR>[Address Reference Count : 1]<UL><LI> startup_gd32f30x_hd.o(RESET)
</UL>
<P><STRONG><a name="[2a]"></a>I2C0_ER_IRQHandler</STRONG> (Thumb, 0 bytes, Stack size 0 bytes, startup_gd32f30x_hd.o(.text))
<BR>[Address Reference Count : 1]<UL><LI> startup_gd32f30x_hd.o(RESET)
</UL>
<P><STRONG><a name="[29]"></a>I2C0_EV_IRQHandler</STRONG> (Thumb, 0 bytes, Stack size 0 bytes, startup_gd32f30x_hd.o(.text))
<BR>[Address Reference Count : 1]<UL><LI> startup_gd32f30x_hd.o(RESET)
</UL>
<P><STRONG><a name="[2c]"></a>I2C1_ER_IRQHandler</STRONG> (Thumb, 0 bytes, Stack size 0 bytes, startup_gd32f30x_hd.o(.text))
<BR>[Address Reference Count : 1]<UL><LI> startup_gd32f30x_hd.o(RESET)
</UL>
<P><STRONG><a name="[2b]"></a>I2C1_EV_IRQHandler</STRONG> (Thumb, 0 bytes, Stack size 0 bytes, startup_gd32f30x_hd.o(.text))
<BR>[Address Reference Count : 1]<UL><LI> startup_gd32f30x_hd.o(RESET)
</UL>
<P><STRONG><a name="[b]"></a>LVD_IRQHandler</STRONG> (Thumb, 0 bytes, Stack size 0 bytes, startup_gd32f30x_hd.o(.text))
<BR>[Address Reference Count : 1]<UL><LI> startup_gd32f30x_hd.o(RESET)
</UL>
<P><STRONG><a name="[f]"></a>RCU_CTC_IRQHandler</STRONG> (Thumb, 0 bytes, Stack size 0 bytes, startup_gd32f30x_hd.o(.text))
<BR>[Address Reference Count : 1]<UL><LI> startup_gd32f30x_hd.o(RESET)
</UL>
<P><STRONG><a name="[33]"></a>RTC_Alarm_IRQHandler</STRONG> (Thumb, 0 bytes, Stack size 0 bytes, startup_gd32f30x_hd.o(.text))
<BR>[Address Reference Count : 1]<UL><LI> startup_gd32f30x_hd.o(RESET)
</UL>
<P><STRONG><a name="[3b]"></a>SDIO_IRQHandler</STRONG> (Thumb, 0 bytes, Stack size 0 bytes, startup_gd32f30x_hd.o(.text))
<BR>[Address Reference Count : 1]<UL><LI> startup_gd32f30x_hd.o(RESET)
</UL>
<P><STRONG><a name="[2d]"></a>SPI0_IRQHandler</STRONG> (Thumb, 0 bytes, Stack size 0 bytes, startup_gd32f30x_hd.o(.text))
<BR>[Address Reference Count : 1]<UL><LI> startup_gd32f30x_hd.o(RESET)
</UL>
<P><STRONG><a name="[2e]"></a>SPI1_IRQHandler</STRONG> (Thumb, 0 bytes, Stack size 0 bytes, startup_gd32f30x_hd.o(.text))
<BR>[Address Reference Count : 1]<UL><LI> startup_gd32f30x_hd.o(RESET)
</UL>
<P><STRONG><a name="[3d]"></a>SPI2_IRQHandler</STRONG> (Thumb, 0 bytes, Stack size 0 bytes, startup_gd32f30x_hd.o(.text))
<BR>[Address Reference Count : 1]<UL><LI> startup_gd32f30x_hd.o(RESET)
</UL>
<P><STRONG><a name="[c]"></a>TAMPER_IRQHandler</STRONG> (Thumb, 0 bytes, Stack size 0 bytes, startup_gd32f30x_hd.o(.text))
<BR>[Address Reference Count : 1]<UL><LI> startup_gd32f30x_hd.o(RESET)
</UL>
<P><STRONG><a name="[22]"></a>TIMER0_BRK_IRQHandler</STRONG> (Thumb, 0 bytes, Stack size 0 bytes, startup_gd32f30x_hd.o(.text))
<BR>[Address Reference Count : 1]<UL><LI> startup_gd32f30x_hd.o(RESET)
</UL>
<P><STRONG><a name="[25]"></a>TIMER0_Channel_IRQHandler</STRONG> (Thumb, 0 bytes, Stack size 0 bytes, startup_gd32f30x_hd.o(.text))
<BR>[Address Reference Count : 1]<UL><LI> startup_gd32f30x_hd.o(RESET)
</UL>
<P><STRONG><a name="[24]"></a>TIMER0_TRG_CMT_IRQHandler</STRONG> (Thumb, 0 bytes, Stack size 0 bytes, startup_gd32f30x_hd.o(.text))
<BR>[Address Reference Count : 1]<UL><LI> startup_gd32f30x_hd.o(RESET)
</UL>
<P><STRONG><a name="[23]"></a>TIMER0_UP_IRQHandler</STRONG> (Thumb, 0 bytes, Stack size 0 bytes, startup_gd32f30x_hd.o(.text))
<BR>[Address Reference Count : 1]<UL><LI> startup_gd32f30x_hd.o(RESET)
</UL>
<P><STRONG><a name="[26]"></a>TIMER1_IRQHandler</STRONG> (Thumb, 0 bytes, Stack size 0 bytes, startup_gd32f30x_hd.o(.text))
<BR>[Address Reference Count : 1]<UL><LI> startup_gd32f30x_hd.o(RESET)
</UL>
<P><STRONG><a name="[27]"></a>TIMER2_IRQHandler</STRONG> (Thumb, 0 bytes, Stack size 0 bytes, startup_gd32f30x_hd.o(.text))
<BR>[Address Reference Count : 1]<UL><LI> startup_gd32f30x_hd.o(RESET)
</UL>
<P><STRONG><a name="[28]"></a>TIMER3_IRQHandler</STRONG> (Thumb, 0 bytes, Stack size 0 bytes, startup_gd32f30x_hd.o(.text))
<BR>[Address Reference Count : 1]<UL><LI> startup_gd32f30x_hd.o(RESET)
</UL>
<P><STRONG><a name="[3c]"></a>TIMER4_IRQHandler</STRONG> (Thumb, 0 bytes, Stack size 0 bytes, startup_gd32f30x_hd.o(.text))
<BR>[Address Reference Count : 1]<UL><LI> startup_gd32f30x_hd.o(RESET)
</UL>
<P><STRONG><a name="[40]"></a>TIMER5_IRQHandler</STRONG> (Thumb, 0 bytes, Stack size 0 bytes, startup_gd32f30x_hd.o(.text))
<BR>[Address Reference Count : 1]<UL><LI> startup_gd32f30x_hd.o(RESET)
</UL>
<P><STRONG><a name="[41]"></a>TIMER6_IRQHandler</STRONG> (Thumb, 0 bytes, Stack size 0 bytes, startup_gd32f30x_hd.o(.text))
<BR>[Address Reference Count : 1]<UL><LI> startup_gd32f30x_hd.o(RESET)
</UL>
<P><STRONG><a name="[35]"></a>TIMER7_BRK_IRQHandler</STRONG> (Thumb, 0 bytes, Stack size 0 bytes, startup_gd32f30x_hd.o(.text))
<BR>[Address Reference Count : 1]<UL><LI> startup_gd32f30x_hd.o(RESET)
</UL>
<P><STRONG><a name="[38]"></a>TIMER7_Channel_IRQHandler</STRONG> (Thumb, 0 bytes, Stack size 0 bytes, startup_gd32f30x_hd.o(.text))
<BR>[Address Reference Count : 1]<UL><LI> startup_gd32f30x_hd.o(RESET)
</UL>
<P><STRONG><a name="[37]"></a>TIMER7_TRG_CMT_IRQHandler</STRONG> (Thumb, 0 bytes, Stack size 0 bytes, startup_gd32f30x_hd.o(.text))
<BR>[Address Reference Count : 1]<UL><LI> startup_gd32f30x_hd.o(RESET)
</UL>
<P><STRONG><a name="[36]"></a>TIMER7_UP_IRQHandler</STRONG> (Thumb, 0 bytes, Stack size 0 bytes, startup_gd32f30x_hd.o(.text))
<BR>[Address Reference Count : 1]<UL><LI> startup_gd32f30x_hd.o(RESET)
</UL>
<P><STRONG><a name="[3e]"></a>UART3_IRQHandler</STRONG> (Thumb, 0 bytes, Stack size 0 bytes, startup_gd32f30x_hd.o(.text))
<BR>[Address Reference Count : 1]<UL><LI> startup_gd32f30x_hd.o(RESET)
</UL>
<P><STRONG><a name="[3f]"></a>UART4_IRQHandler</STRONG> (Thumb, 0 bytes, Stack size 0 bytes, startup_gd32f30x_hd.o(.text))
<BR>[Address Reference Count : 1]<UL><LI> startup_gd32f30x_hd.o(RESET)
</UL>
<P><STRONG><a name="[2f]"></a>USART0_IRQHandler</STRONG> (Thumb, 0 bytes, Stack size 0 bytes, startup_gd32f30x_hd.o(.text))
<BR>[Address Reference Count : 1]<UL><LI> startup_gd32f30x_hd.o(RESET)
</UL>
<P><STRONG><a name="[30]"></a>USART1_IRQHandler</STRONG> (Thumb, 0 bytes, Stack size 0 bytes, startup_gd32f30x_hd.o(.text))
<BR>[Address Reference Count : 1]<UL><LI> startup_gd32f30x_hd.o(RESET)
</UL>
<P><STRONG><a name="[31]"></a>USART2_IRQHandler</STRONG> (Thumb, 0 bytes, Stack size 0 bytes, startup_gd32f30x_hd.o(.text))
<BR>[Address Reference Count : 1]<UL><LI> startup_gd32f30x_hd.o(RESET)
</UL>
<P><STRONG><a name="[1d]"></a>USBD_HP_CAN0_TX_IRQHandler</STRONG> (Thumb, 0 bytes, Stack size 0 bytes, startup_gd32f30x_hd.o(.text))
<BR>[Address Reference Count : 1]<UL><LI> startup_gd32f30x_hd.o(RESET)
</UL>
<P><STRONG><a name="[1e]"></a>USBD_LP_CAN0_RX0_IRQHandler</STRONG> (Thumb, 0 bytes, Stack size 0 bytes, startup_gd32f30x_hd.o(.text))
<BR>[Address Reference Count : 1]<UL><LI> startup_gd32f30x_hd.o(RESET)
</UL>
<P><STRONG><a name="[34]"></a>USBD_WKUP_IRQHandler</STRONG> (Thumb, 0 bytes, Stack size 0 bytes, startup_gd32f30x_hd.o(.text))
<BR>[Address Reference Count : 1]<UL><LI> startup_gd32f30x_hd.o(RESET)
</UL>
<P><STRONG><a name="[a]"></a>WWDGT_IRQHandler</STRONG> (Thumb, 0 bytes, Stack size 0 bytes, startup_gd32f30x_hd.o(.text))
<BR>[Address Reference Count : 1]<UL><LI> startup_gd32f30x_hd.o(RESET)
</UL>
<P><STRONG><a name="[51]"></a>RadioInit</STRONG> (Thumb, 196 bytes, Stack size 32 bytes, radio.o(.text))
<BR><BR>[Stack]<UL><LI>Max Depth = 180<LI>Call Chain = RadioInit &rArr; SX126xInit &rArr; SX126xIoRfSwitchInit &rArr; SX126xSetDio2AsRfSwitchCtrl &rArr; SX126xWriteCommand &rArr; SX126xCheckDeviceReady &rArr; SX126xWakeup &rArr; SpiInOut &rArr; gpio_input_bit_get
</UL>
<BR>[Calls]<UL><LI><a href="#[b3]">&gt;&gt;</a>&nbsp;&nbsp;&nbsp;RadioAddRegisterToRetentionList
<LI><a href="#[b2]">&gt;&gt;</a>&nbsp;&nbsp;&nbsp;SX126xSetDioIrqParams
<LI><a href="#[b1]">&gt;&gt;</a>&nbsp;&nbsp;&nbsp;SX126xSetTxParams
<LI><a href="#[b0]">&gt;&gt;</a>&nbsp;&nbsp;&nbsp;SX126xSetBufferBaseAddress
<LI><a href="#[af]">&gt;&gt;</a>&nbsp;&nbsp;&nbsp;SX126xSetRegulatorMode
<LI><a href="#[ae]">&gt;&gt;</a>&nbsp;&nbsp;&nbsp;SX126xWriteRegister
<LI><a href="#[ad]">&gt;&gt;</a>&nbsp;&nbsp;&nbsp;SX126xInit
<LI><a href="#[83]">&gt;&gt;</a>&nbsp;&nbsp;&nbsp;SX126xSetStandby
<LI><a href="#[73]">&gt;&gt;</a>&nbsp;&nbsp;&nbsp;printf
</UL>
<BR>[Address Reference Count : 1]<UL><LI> radio.o(.rodata.Radio)
</UL>
<P><STRONG><a name="[52]"></a>RadioGetStatus</STRONG> (Thumb, 74 bytes, Stack size 16 bytes, radio.o(.text))
<BR><BR>[Stack]<UL><LI>Max Depth = 16<LI>Call Chain = RadioGetStatus
</UL>
<BR>[Calls]<UL><LI><a href="#[b4]">&gt;&gt;</a>&nbsp;&nbsp;&nbsp;SX126xGetOperatingMode
</UL>
<BR>[Address Reference Count : 1]<UL><LI> radio.o(.rodata.Radio)
</UL>
<P><STRONG><a name="[53]"></a>RadioSetModem</STRONG> (Thumb, 118 bytes, Stack size 24 bytes, radio.o(.text))
<BR><BR>[Stack]<UL><LI>Max Depth = 164<LI>Call Chain = RadioSetModem &rArr; RadioSetPublicNetwork &rArr;  RadioSetModem (Cycle)
</UL>
<BR>[Calls]<UL><LI><a href="#[69]">&gt;&gt;</a>&nbsp;&nbsp;&nbsp;RadioSetPublicNetwork
<LI><a href="#[b5]">&gt;&gt;</a>&nbsp;&nbsp;&nbsp;SX126xSetPacketType
</UL>
<BR>[Called By]<UL><LI><a href="#[5a]">&gt;&gt;</a>&nbsp;&nbsp;&nbsp;RadioSetTxConfig_meter
<LI><a href="#[58]">&gt;&gt;</a>&nbsp;&nbsp;&nbsp;RadioSetTxConfig
<LI><a href="#[56]">&gt;&gt;</a>&nbsp;&nbsp;&nbsp;RadioRandom
<LI><a href="#[57]">&gt;&gt;</a>&nbsp;&nbsp;&nbsp;RadioSetRxConfig
<LI><a href="#[55]">&gt;&gt;</a>&nbsp;&nbsp;&nbsp;RadioIsChannelFree
<LI><a href="#[69]">&gt;&gt;</a>&nbsp;&nbsp;&nbsp;RadioSetPublicNetwork
</UL>
<BR>[Address Reference Count : 1]<UL><LI> radio.o(.rodata.Radio)
</UL>
<P><STRONG><a name="[54]"></a>RadioSetChannel</STRONG> (Thumb, 16 bytes, Stack size 16 bytes, radio.o(.text))
<BR><BR>[Stack]<UL><LI>Max Depth = 164<LI>Call Chain = RadioSetChannel &rArr; SX126xSetRfFrequency &rArr; SX126xCalibrateImage &rArr; SX126xWriteCommand &rArr; SX126xCheckDeviceReady &rArr; SX126xWakeup &rArr; SpiInOut &rArr; gpio_input_bit_get
</UL>
<BR>[Calls]<UL><LI><a href="#[b6]">&gt;&gt;</a>&nbsp;&nbsp;&nbsp;SX126xSetRfFrequency
</UL>
<BR>[Called By]<UL><LI><a href="#[55]">&gt;&gt;</a>&nbsp;&nbsp;&nbsp;RadioIsChannelFree
</UL>
<BR>[Address Reference Count : 1]<UL><LI> radio.o(.rodata.Radio)
</UL>
<P><STRONG><a name="[55]"></a>RadioIsChannelFree</STRONG> (Thumb, 170 bytes, Stack size 88 bytes, radio.o(.text))
<BR><BR>[Stack]<UL><LI>Max Depth = 372<LI>Call Chain = RadioIsChannelFree &rArr; RadioSetRxConfig &rArr; RadioSetModem &rArr; RadioSetPublicNetwork &rArr;  RadioSetModem (Cycle)
</UL>
<BR>[Calls]<UL><LI><a href="#[5e]">&gt;&gt;</a>&nbsp;&nbsp;&nbsp;RadioSleep
<LI><a href="#[63]">&gt;&gt;</a>&nbsp;&nbsp;&nbsp;RadioRssi
<LI><a href="#[60]">&gt;&gt;</a>&nbsp;&nbsp;&nbsp;RadioRx
<LI><a href="#[57]">&gt;&gt;</a>&nbsp;&nbsp;&nbsp;RadioSetRxConfig
<LI><a href="#[54]">&gt;&gt;</a>&nbsp;&nbsp;&nbsp;RadioSetChannel
<LI><a href="#[53]">&gt;&gt;</a>&nbsp;&nbsp;&nbsp;RadioSetModem
<LI><a href="#[8a]">&gt;&gt;</a>&nbsp;&nbsp;&nbsp;DelayMs
</UL>
<BR>[Address Reference Count : 1]<UL><LI> radio.o(.rodata.Radio)
</UL>
<P><STRONG><a name="[56]"></a>RadioRandom</STRONG> (Thumb, 40 bytes, Stack size 16 bytes, radio.o(.text))
<BR><BR>[Stack]<UL><LI>Max Depth = 188<LI>Call Chain = RadioRandom &rArr; SX126xGetRandom &rArr; SX126xSetRx &rArr; SX126xWriteRegister &rArr; SX126xWriteRegisters &rArr; SX126xCheckDeviceReady &rArr; SX126xWakeup &rArr; SpiInOut &rArr; gpio_input_bit_get
</UL>
<BR>[Calls]<UL><LI><a href="#[b7]">&gt;&gt;</a>&nbsp;&nbsp;&nbsp;SX126xGetRandom
<LI><a href="#[53]">&gt;&gt;</a>&nbsp;&nbsp;&nbsp;RadioSetModem
<LI><a href="#[b2]">&gt;&gt;</a>&nbsp;&nbsp;&nbsp;SX126xSetDioIrqParams
</UL>
<BR>[Address Reference Count : 1]<UL><LI> radio.o(.rodata.Radio)
</UL>
<P><STRONG><a name="[57]"></a>RadioSetRxConfig</STRONG> (Thumb, 862 bytes, Stack size 120 bytes, radio.o(.text))
<BR><BR>[Stack]<UL><LI>Max Depth = 284<LI>Call Chain = RadioSetRxConfig &rArr; RadioSetModem &rArr; RadioSetPublicNetwork &rArr;  RadioSetModem (Cycle)
</UL>
<BR>[Calls]<UL><LI><a href="#[bd]">&gt;&gt;</a>&nbsp;&nbsp;&nbsp;SX126xReadRegister
<LI><a href="#[bc]">&gt;&gt;</a>&nbsp;&nbsp;&nbsp;SX126xSetWhiteningSeed
[...]
<LI><a href="#[69]">&gt;&gt;</a>&nbsp;&nbsp;&nbsp;RadioSetPublicNetwork
<LI><a href="#[b1]">&gt;&gt;</a>&nbsp;&nbsp;&nbsp;SX126xSetTxParams
<LI><a href="#[51]">&gt;&gt;</a>&nbsp;&nbsp;&nbsp;RadioInit
<LI><a href="#[7e]">&gt;&gt;</a>&nbsp;&nbsp;&nbsp;SX126xSetLoRaSymbNumTimeout
<LI><a href="#[7d]">&gt;&gt;</a>&nbsp;&nbsp;&nbsp;register_test
<LI><a href="#[d7]">&gt;&gt;</a>&nbsp;&nbsp;&nbsp;SX126xSetRxBoosted
<LI><a href="#[6b]">&gt;&gt;</a>&nbsp;&nbsp;&nbsp;RadioIrqProcess
<LI><a href="#[64]">&gt;&gt;</a>&nbsp;&nbsp;&nbsp;RadioWrite
<LI><a href="#[c5]">&gt;&gt;</a>&nbsp;&nbsp;&nbsp;SX126xSetRx
</UL>

<P><STRONG><a name="[ca]"></a>SX126xReadRegisters</STRONG> (Thumb, 162 bytes, Stack size 32 bytes, sx1262-board.o(.text))
<BR><BR>[Stack]<UL><LI>Max Depth = 108<LI>Call Chain = SX126xReadRegisters &rArr; SX126xCheckDeviceReady &rArr; SX126xWakeup &rArr; SpiInOut &rArr; gpio_input_bit_get
</UL>
<BR>[Calls]<UL><LI><a href="#[108]">&gt;&gt;</a>&nbsp;&nbsp;&nbsp;SpiInOut
<LI><a href="#[10a]">&gt;&gt;</a>&nbsp;&nbsp;&nbsp;GpioWrite
<LI><a href="#[e0]">&gt;&gt;</a>&nbsp;&nbsp;&nbsp;SX126xWaitOnBusy
<LI><a href="#[de]">&gt;&gt;</a>&nbsp;&nbsp;&nbsp;SX126xCheckDeviceReady
</UL>
<BR>[Called By]<UL><LI><a href="#[bd]">&gt;&gt;</a>&nbsp;&nbsp;&nbsp;SX126xReadRegister
<LI><a href="#[b7]">&gt;&gt;</a>&nbsp;&nbsp;&nbsp;SX126xGetRandom
<LI><a href="#[b3]">&gt;&gt;</a>&nbsp;&nbsp;&nbsp;RadioAddRegisterToRetentionList
<LI><a href="#[67]">&gt;&gt;</a>&nbsp;&nbsp;&nbsp;RadioReadBuffer
</UL>

<P><STRONG><a name="[bd]"></a>SX126xReadRegister</STRONG> (Thumb, 30 bytes, Stack size 16 bytes, sx1262-board.o(.text))
<BR><BR>[Stack]<UL><LI>Max Depth = 124<LI>Call Chain = SX126xReadRegister &rArr; SX126xReadRegisters &rArr; SX126xCheckDeviceReady &rArr; SX126xWakeup &rArr; SpiInOut &rArr; gpio_input_bit_get
</UL>
<BR>[Calls]<UL><LI><a href="#[ca]">&gt;&gt;</a>&nbsp;&nbsp;&nbsp;SX126xReadRegisters
</UL>
<BR>[Called By]<UL><LI><a href="#[5a]">&gt;&gt;</a>&nbsp;&nbsp;&nbsp;RadioSetTxConfig_meter
<LI><a href="#[59]">&gt;&gt;</a>&nbsp;&nbsp;&nbsp;RadioSetRxConfig_meter
<LI><a href="#[58]">&gt;&gt;</a>&nbsp;&nbsp;&nbsp;RadioSetTxConfig
<LI><a href="#[bc]">&gt;&gt;</a>&nbsp;&nbsp;&nbsp;SX126xSetWhiteningSeed
<LI><a href="#[b7]">&gt;&gt;</a>&nbsp;&nbsp;&nbsp;SX126xGetRandom
<LI><a href="#[57]">&gt;&gt;</a>&nbsp;&nbsp;&nbsp;RadioSetRxConfig
<LI><a href="#[b1]">&gt;&gt;</a>&nbsp;&nbsp;&nbsp;SX126xSetTxParams
<LI><a href="#[7d]">&gt;&gt;</a>&nbsp;&nbsp;&nbsp;register_test
<LI><a href="#[e3]">&gt;&gt;</a>&nbsp;&nbsp;&nbsp;SX126xGetRxBufferStatus
<LI><a href="#[6b]">&gt;&gt;</a>&nbsp;&nbsp;&nbsp;RadioIrqProcess
<LI><a href="#[65]">&gt;&gt;</a>&nbsp;&nbsp;&nbsp;RadioRead
</UL>

<P><STRONG><a name="[e2]"></a>SX126xWriteBuffer</STRONG> (Thumb, 142 bytes, Stack size 32 bytes, sx1262-board.o(.text))
<BR><BR>[Stack]<UL><LI>Max Depth = 108<LI>Call Chain = SX126xWriteBuffer &rArr; SX126xCheckDeviceReady &rArr; SX126xWakeup &rArr; SpiInOut &rArr; gpio_input_bit_get
</UL>
<BR>[Calls]<UL><LI><a href="#[108]">&gt;&gt;</a>&nbsp;&nbsp;&nbsp;SpiInOut
<LI><a href="#[10a]">&gt;&gt;</a>&nbsp;&nbsp;&nbsp;GpioWrite
<LI><a href="#[e0]">&gt;&gt;</a>&nbsp;&nbsp;&nbsp;SX126xWaitOnBusy
<LI><a href="#[de]">&gt;&gt;</a>&nbsp;&nbsp;&nbsp;SX126xCheckDeviceReady
</UL>
<BR>[Called By]<UL><LI><a href="#[e1]">&gt;&gt;</a>&nbsp;&nbsp;&nbsp;SX126xSetPayload
</UL>

<P><STRONG><a name="[e4]"></a>SX126xReadBuffer</STRONG> (Thumb, 152 bytes, Stack size 32 bytes, sx1262-board.o(.text))
<BR><BR>[Stack]<UL><LI>Max Depth = 108<LI>Call Chain = SX126xReadBuffer &rArr; SX126xCheckDeviceReady &rArr; SX126xWakeup &rArr; SpiInOut &rArr; gpio_input_bit_get
</UL>
<BR>[Calls]<UL><LI><a href="#[108]">&gt;&gt;</a>&nbsp;&nbsp;&nbsp;SpiInOut
<LI><a href="#[10a]">&gt;&gt;</a>&nbsp;&nbsp;&nbsp;GpioWrite
<LI><a href="#[e0]">&gt;&gt;</a>&nbsp;&nbsp;&nbsp;SX126xWaitOnBusy
<LI><a href="#[de]">&gt;&gt;</a>&nbsp;&nbsp;&nbsp;SX126xCheckDeviceReady
</UL>
<BR>[Called By]<UL><LI><a href="#[d0]">&gt;&gt;</a>&nbsp;&nbsp;&nbsp;SX126xGetPayload
</UL>

<P><STRONG><a name="[be]"></a>SX126xSetRfTxPower</STRONG> (Thumb, 22 bytes, Stack size 16 bytes, sx1262-board.o(.text))
<BR><BR>[Stack]<UL><LI>Max Depth = 156<LI>Call Chain = SX126xSetRfTxPower &rArr; SX126xSetTxParams &rArr; SX126xReadRegister &rArr; SX126xReadRegisters &rArr; SX126xCheckDeviceReady &rArr; SX126xWakeup &rArr; SpiInOut &rArr; gpio_input_bit_get
</UL>
<BR>[Calls]<UL><LI><a href="#[b1]">&gt;&gt;</a>&nbsp;&nbsp;&nbsp;SX126xSetTxParams
</UL>
<BR>[Called By]<UL><LI><a href="#[5a]">&gt;&gt;</a>&nbsp;&nbsp;&nbsp;RadioSetTxConfig_meter
<LI><a href="#[58]">&gt;&gt;</a>&nbsp;&nbsp;&nbsp;RadioSetTxConfig
<LI><a href="#[62]">&gt;&gt;</a>&nbsp;&nbsp;&nbsp;RadioSetTxContinuousWave
</UL>

<P><STRONG><a name="[1e3]"></a>SX126xGetDeviceId</STRONG> (Thumb, 4 bytes, Stack size 0 bytes, sx1262-board.o(.text), UNUSED)

<P><STRONG><a name="[df]"></a>SX126xAntSwOn</STRONG> (Thumb, 2 bytes, Stack size 0 bytes, sx1262-board.o(.text))
<BR><BR>[Called By]<UL><LI><a href="#[de]">&gt;&gt;</a>&nbsp;&nbsp;&nbsp;SX126xCheckDeviceReady
</UL>

<P><STRONG><a name="[e9]"></a>SX126xAntSwOff</STRONG> (Thumb, 2 bytes, Stack size 0 bytes, sx1262-board.o(.text))
<BR><BR>[Called By]<UL><LI><a href="#[c4]">&gt;&gt;</a>&nbsp;&nbsp;&nbsp;SX126xSetSleep
</UL>

<P><STRONG><a name="[1e4]"></a>SX126xCheckRfFrequency</STRONG> (Thumb, 10 bytes, Stack size 4 bytes, sx1262-board.o(.text), UNUSED)

<P><STRONG><a name="[ce]"></a>SX126xGetDio1PinState</STRONG> (Thumb, 18 bytes, Stack size 8 bytes, sx1262-board.o(.text))
<BR><BR>[Stack]<UL><LI>Max Depth = 36<LI>Call Chain = SX126xGetDio1PinState &rArr; GpioRead &rArr; gpio_input_bit_get
</UL>
<BR>[Calls]<UL><LI><a href="#[102]">&gt;&gt;</a>&nbsp;&nbsp;&nbsp;GpioRead
</UL>
<BR>[Called By]<UL><LI><a href="#[6b]">&gt;&gt;</a>&nbsp;&nbsp;&nbsp;RadioIrqProcess
</UL>

<P><STRONG><a name="[7d]"></a>register_test</STRONG> (Thumb, 156 bytes, Stack size 32 bytes, sx1262-board.o(.text))
<BR><BR>[Stack]<UL><LI>Max Depth = 156<LI>Call Chain = register_test &rArr; SX126xReadRegister &rArr; SX126xReadRegisters &rArr; SX126xCheckDeviceReady &rArr; SX126xWakeup &rArr; SpiInOut &rArr; gpio_input_bit_get
</UL>
<BR>[Calls]<UL><LI><a href="#[bd]">&gt;&gt;</a>&nbsp;&nbsp;&nbsp;SX126xReadRegister
<LI><a href="#[ae]">&gt;&gt;</a>&nbsp;&nbsp;&nbsp;SX126xWriteRegister
<LI><a href="#[73]">&gt;&gt;</a>&nbsp;&nbsp;&nbsp;printf
</UL>
<BR>[Called By]<UL><LI><a href="#[46]">&gt;&gt;</a>&nbsp;&nbsp;&nbsp;main
</UL>

<P><STRONG><a name="[8b]"></a>__aeabi_memcpy</STRONG> (Thumb, 36 bytes, Stack size 0 bytes, memcpya.o(.text))
<BR><BR>[Called By]<UL><LI><a href="#[48]">&gt;&gt;</a>&nbsp;&nbsp;&nbsp;OnRxDone
</UL>

<P><STRONG><a name="[1e5]"></a>__aeabi_memcpy4</STRONG> (Thumb, 0 bytes, Stack size 0 bytes, memcpya.o(.text), UNUSED)

<P><STRONG><a name="[1e6]"></a>__aeabi_memcpy8</STRONG> (Thumb, 0 bytes, Stack size 0 bytes, memcpya.o(.text), UNUSED)

<P><STRONG><a name="[84]"></a>strcpy</STRONG> (Thumb, 18 bytes, Stack size 0 bytes, strcpy.o(.text))
<BR><BR>[Called By]<UL><LI><a href="#[46]">&gt;&gt;</a>&nbsp;&nbsp;&nbsp;main
</UL>

<P><STRONG><a name="[1e7]"></a>__aeabi_uidiv</STRONG> (Thumb, 0 bytes, Stack size 12 bytes, uidiv.o(.text), UNUSED)

<P><STRONG><a name="[126]"></a>__aeabi_uidivmod</STRONG> (Thumb, 44 bytes, Stack size 12 bytes, uidiv.o(.text), UNUSED)
<BR><BR>[Called By]<UL><LI><a href="#[121]">&gt;&gt;</a>&nbsp;&nbsp;&nbsp;_printf_core
</UL>

<P><STRONG><a name="[113]"></a>__aeabi_uldivmod</STRONG> (Thumb, 98 bytes, Stack size 40 bytes, uldiv.o(.text), UNUSED)
<BR><BR>[Calls]<UL><LI><a href="#[114]">&gt;&gt;</a>&nbsp;&nbsp;&nbsp;__aeabi_llsr
<LI><a href="#[115]">&gt;&gt;</a>&nbsp;&nbsp;&nbsp;__aeabi_llsl
</UL>
<BR>[Called By]<UL><LI><a href="#[121]">&gt;&gt;</a>&nbsp;&nbsp;&nbsp;_printf_core
<LI><a href="#[122]">&gt;&gt;</a>&nbsp;&nbsp;&nbsp;_fp_digits
</UL>

<P><STRONG><a name="[1e8]"></a>__I$use$fp</STRONG> (Thumb, 0 bytes, Stack size 48 bytes, iusefp.o(.text), UNUSED)

<P><STRONG><a name="[116]"></a>__aeabi_dadd</STRONG> (Thumb, 322 bytes, Stack size 48 bytes, dadd.o(.text), UNUSED)
<BR><BR>[Calls]<UL><LI><a href="#[117]">&gt;&gt;</a>&nbsp;&nbsp;&nbsp;__aeabi_lasr
<LI><a href="#[115]">&gt;&gt;</a>&nbsp;&nbsp;&nbsp;__aeabi_llsl
<LI><a href="#[119]">&gt;&gt;</a>&nbsp;&nbsp;&nbsp;_double_round
<LI><a href="#[118]">&gt;&gt;</a>&nbsp;&nbsp;&nbsp;_double_epilogue
</UL>
<BR>[Called By]<UL><LI><a href="#[11b]">&gt;&gt;</a>&nbsp;&nbsp;&nbsp;__aeabi_drsub
<LI><a href="#[11a]">&gt;&gt;</a>&nbsp;&nbsp;&nbsp;__aeabi_dsub
<LI><a href="#[122]">&gt;&gt;</a>&nbsp;&nbsp;&nbsp;_fp_digits
</UL>

<P><STRONG><a name="[11a]"></a>__aeabi_dsub</STRONG> (Thumb, 6 bytes, Stack size 0 bytes, dadd.o(.text), UNUSED)
<BR><BR>[Calls]<UL><LI><a href="#[116]">&gt;&gt;</a>&nbsp;&nbsp;&nbsp;__aeabi_dadd
</UL>

<P><STRONG><a name="[11b]"></a>__aeabi_drsub</STRONG> (Thumb, 6 bytes, Stack size 0 bytes, dadd.o(.text), UNUSED)
<BR><BR>[Calls]<UL><LI><a href="#[116]">&gt;&gt;</a>&nbsp;&nbsp;&nbsp;__aeabi_dadd
</UL>

<P><STRONG><a name="[11c]"></a>__aeabi_dmul</STRONG> (Thumb, 228 bytes, Stack size 48 bytes, dmul.o(.text), UNUSED)
<BR><BR>[Calls]<UL><LI><a href="#[118]">&gt;&gt;</a>&nbsp;&nbsp;&nbsp;_double_epilogue
</UL>
<BR>[Called By]<UL><LI><a href="#[122]">&gt;&gt;</a>&nbsp;&nbsp;&nbsp;_fp_digits
</UL>

<P><STRONG><a name="[11d]"></a>__aeabi_ddiv</STRONG> (Thumb, 222 bytes, Stack size 32 bytes, ddiv.o(.text), UNUSED)
<BR><BR>[Calls]<UL><LI><a href="#[119]">&gt;&gt;</a>&nbsp;&nbsp;&nbsp;_double_round
</UL>
<BR>[Called By]<UL><LI><a href="#[122]">&gt;&gt;</a>&nbsp;&nbsp;&nbsp;_fp_digits
</UL>

<P><STRONG><a name="[11e]"></a>__aeabi_d2ulz</STRONG> (Thumb, 48 bytes, Stack size 0 bytes, dfixul.o(.text), UNUSED)
<BR><BR>[Calls]<UL><LI><a href="#[114]">&gt;&gt;</a>&nbsp;&nbsp;&nbsp;__aeabi_llsr
<LI><a href="#[115]">&gt;&gt;</a>&nbsp;&nbsp;&nbsp;__aeabi_llsl
</UL>
<BR>[Called By]<UL><LI><a href="#[122]">&gt;&gt;</a>&nbsp;&nbsp;&nbsp;_fp_digits
</UL>

<P><STRONG><a name="[123]"></a>__aeabi_cdrcmple</STRONG> (Thumb, 48 bytes, Stack size 0 bytes, cdrcmple.o(.text), UNUSED)
<BR><BR>[Called By]<UL><LI><a href="#[122]">&gt;&gt;</a>&nbsp;&nbsp;&nbsp;_fp_digits
</UL>

<P><STRONG><a name="[6f]"></a>__scatterload</STRONG> (Thumb, 28 bytes, Stack size 0 bytes, init.o(.text))
<BR><BR>[Calls]<UL><LI><a href="#[11f]">&gt;&gt;</a>&nbsp;&nbsp;&nbsp;__main_after_scatterload
</UL>
<BR>[Called By]<UL><LI><a href="#[6e]">&gt;&gt;</a>&nbsp;&nbsp;&nbsp;_main_scatterload
</UL>

<P><STRONG><a name="[1e9]"></a>__scatterload_rt2</STRONG> (Thumb, 0 bytes, Stack size 0 bytes, init.o(.text), UNUSED)

<P><STRONG><a name="[115]"></a>__aeabi_llsl</STRONG> (Thumb, 30 bytes, Stack size 0 bytes, llshl.o(.text), UNUSED)
<BR><BR>[Called By]<UL><LI><a href="#[118]">&gt;&gt;</a>&nbsp;&nbsp;&nbsp;_double_epilogue
<LI><a href="#[113]">&gt;&gt;</a>&nbsp;&nbsp;&nbsp;__aeabi_uldivmod
<LI><a href="#[116]">&gt;&gt;</a>&nbsp;&nbsp;&nbsp;__aeabi_dadd
<LI><a href="#[11e]">&gt;&gt;</a>&nbsp;&nbsp;&nbsp;__aeabi_d2ulz
</UL>

<P><STRONG><a name="[1ea]"></a>_ll_shift_l</STRONG> (Thumb, 0 bytes, Stack size 0 bytes, llshl.o(.text), UNUSED)

<P><STRONG><a name="[114]"></a>__aeabi_llsr</STRONG> (Thumb, 32 bytes, Stack size 0 bytes, llushr.o(.text), UNUSED)
<BR><BR>[Called By]<UL><LI><a href="#[118]">&gt;&gt;</a>&nbsp;&nbsp;&nbsp;_double_epilogue
<LI><a href="#[113]">&gt;&gt;</a>&nbsp;&nbsp;&nbsp;__aeabi_uldivmod
<LI><a href="#[11e]">&gt;&gt;</a>&nbsp;&nbsp;&nbsp;__aeabi_d2ulz
</UL>

<P><STRONG><a name="[1eb]"></a>_ll_ushift_r</STRONG> (Thumb, 0 bytes, Stack size 0 bytes, llushr.o(.text), UNUSED)

<P><STRONG><a name="[117]"></a>__aeabi_lasr</STRONG> (Thumb, 36 bytes, Stack size 0 bytes, llsshr.o(.text), UNUSED)
<BR><BR>[Called By]<UL><LI><a href="#[116]">&gt;&gt;</a>&nbsp;&nbsp;&nbsp;__aeabi_dadd
</UL>

<P><STRONG><a name="[1ec]"></a>_ll_sshift_r</STRONG> (Thumb, 0 bytes, Stack size 0 bytes, llsshr.o(.text), UNUSED)

<P><STRONG><a name="[119]"></a>_double_round</STRONG> (Thumb, 30 bytes, Stack size 8 bytes, depilogue.o(.text), UNUSED)
<BR><BR>[Called By]<UL><LI><a href="#[118]">&gt;&gt;</a>&nbsp;&nbsp;&nbsp;_double_epilogue
<LI><a href="#[11d]">&gt;&gt;</a>&nbsp;&nbsp;&nbsp;__aeabi_ddiv
<LI><a href="#[116]">&gt;&gt;</a>&nbsp;&nbsp;&nbsp;__aeabi_dadd
</UL>

<P><STRONG><a name="[118]"></a>_double_epilogue</STRONG> (Thumb, 156 bytes, Stack size 32 bytes, depilogue.o(.text), UNUSED)
<BR><BR>[Calls]<UL><LI><a href="#[114]">&gt;&gt;</a>&nbsp;&nbsp;&nbsp;__aeabi_llsr
<LI><a href="#[115]">&gt;&gt;</a>&nbsp;&nbsp;&nbsp;__aeabi_llsl
<LI><a href="#[119]">&gt;&gt;</a>&nbsp;&nbsp;&nbsp;_double_round
</UL>
<BR>[Called By]<UL><LI><a href="#[11c]">&gt;&gt;</a>&nbsp;&nbsp;&nbsp;__aeabi_dmul
<LI><a href="#[116]">&gt;&gt;</a>&nbsp;&nbsp;&nbsp;__aeabi_dadd
</UL>

<P><STRONG><a name="[120]"></a>__0printf</STRONG> (Thumb, 22 bytes, Stack size 24 bytes, printfa.o(i.__0printf), UNUSED)
<BR><BR>[Calls]<UL><LI><a href="#[121]">&gt;&gt;</a>&nbsp;&nbsp;&nbsp;_printf_core
</UL>

<P><STRONG><a name="[1ed]"></a>__1printf</STRONG> (Thumb, 0 bytes, Stack size 24 bytes, printfa.o(i.__0printf), UNUSED)

<P><STRONG><a name="[1ee]"></a>__2printf</STRONG> (Thumb, 0 bytes, Stack size 24 bytes, printfa.o(i.__0printf), UNUSED)

<P><STRONG><a name="[1ef]"></a>__c89printf</STRONG> (Thumb, 0 bytes, Stack size 24 bytes, printfa.o(i.__0printf), UNUSED)

<P><STRONG><a name="[73]"></a>printf</STRONG> (Thumb, 0 bytes, Stack size 24 bytes, printfa.o(i.__0printf))
<BR><BR>[Stack]<UL><LI>Max Depth = 24<LI>Call Chain = printf
</UL>
<BR>[Called By]<UL><LI><a href="#[b6]">&gt;&gt;</a>&nbsp;&nbsp;&nbsp;SX126xSetRfFrequency
<LI><a href="#[51]">&gt;&gt;</a>&nbsp;&nbsp;&nbsp;RadioInit
<LI><a href="#[8d]">&gt;&gt;</a>&nbsp;&nbsp;&nbsp;on_cad_done_detected
<LI><a href="#[4c]">&gt;&gt;</a>&nbsp;&nbsp;&nbsp;OnCadDone
<LI><a href="#[48]">&gt;&gt;</a>&nbsp;&nbsp;&nbsp;OnRxDone
<LI><a href="#[47]">&gt;&gt;</a>&nbsp;&nbsp;&nbsp;OnTxDone
<LI><a href="#[7d]">&gt;&gt;</a>&nbsp;&nbsp;&nbsp;register_test
<LI><a href="#[46]">&gt;&gt;</a>&nbsp;&nbsp;&nbsp;main
<LI><a href="#[d]">&gt;&gt;</a>&nbsp;&nbsp;&nbsp;RTC_IRQHandler
<LI><a href="#[32]">&gt;&gt;</a>&nbsp;&nbsp;&nbsp;EXTI10_15_IRQHandler
<LI><a href="#[14]">&gt;&gt;</a>&nbsp;&nbsp;&nbsp;EXTI4_IRQHandler
<LI><a href="#[d9]">&gt;&gt;</a>&nbsp;&nbsp;&nbsp;on_tx_done
<LI><a href="#[d6]">&gt;&gt;</a>&nbsp;&nbsp;&nbsp;on_header_valid
<LI><a href="#[d5]">&gt;&gt;</a>&nbsp;&nbsp;&nbsp;on_syncword_valid
<LI><a href="#[d4]">&gt;&gt;</a>&nbsp;&nbsp;&nbsp;on_preamble_detected
<LI><a href="#[d3]">&gt;&gt;</a>&nbsp;&nbsp;&nbsp;on_rx_timeout
<LI><a href="#[d2]">&gt;&gt;</a>&nbsp;&nbsp;&nbsp;on_rx_done
<LI><a href="#[6b]">&gt;&gt;</a>&nbsp;&nbsp;&nbsp;RadioIrqProcess
</UL>

<P><STRONG><a name="[1f0]"></a>__scatterload_copy</STRONG> (Thumb, 14 bytes, Stack size unknown bytes, handlers.o(i.__scatterload_copy), UNUSED)

<P><STRONG><a name="[1f1]"></a>__scatterload_null</STRONG> (Thumb, 2 bytes, Stack size unknown bytes, handlers.o(i.__scatterload_null), UNUSED)

<P><STRONG><a name="[1f2]"></a>__scatterload_zeroinit</STRONG> (Thumb, 14 bytes, Stack size unknown bytes, handlers.o(i.__scatterload_zeroinit), UNUSED)
<P>
<H3>
Local Symbols
</H3>
<P><STRONG><a name="[91]"></a>SysTick_Config</STRONG> (Thumb, 82 bytes, Stack size 16 bytes, systick.o(.text))
<BR><BR>[Stack]<UL><LI>Max Depth = 24<LI>Call Chain = SysTick_Config &rArr; NVIC_SetPriority
</UL>
<BR>[Calls]<UL><LI><a href="#[92]">&gt;&gt;</a>&nbsp;&nbsp;&nbsp;NVIC_SetPriority
</UL>
<BR>[Called By]<UL><LI><a href="#[77]">&gt;&gt;</a>&nbsp;&nbsp;&nbsp;systick_config
</UL>

<P><STRONG><a name="[92]"></a>NVIC_SetPriority</STRONG> (Thumb, 68 bytes, Stack size 8 bytes, systick.o(.text))
<BR><BR>[Stack]<UL><LI>Max Depth = 8<LI>Call Chain = NVIC_SetPriority
</UL>
<BR>[Called By]<UL><LI><a href="#[91]">&gt;&gt;</a>&nbsp;&nbsp;&nbsp;SysTick_Config
<LI><a href="#[77]">&gt;&gt;</a>&nbsp;&nbsp;&nbsp;systick_config
</UL>

<P><STRONG><a name="[93]"></a>system_clock_config</STRONG> (Thumb, 8 bytes, Stack size 8 bytes, system_gd32f30x.o(.text))
<BR><BR>[Stack]<UL><LI>Max Depth = 24<LI>Call Chain = system_clock_config &rArr; system_clock_120m_hxtal
</UL>
<BR>[Calls]<UL><LI><a href="#[94]">&gt;&gt;</a>&nbsp;&nbsp;&nbsp;system_clock_120m_hxtal
</UL>
<BR>[Called By]<UL><LI><a href="#[4d]">&gt;&gt;</a>&nbsp;&nbsp;&nbsp;SystemInit
</UL>

<P><STRONG><a name="[94]"></a>system_clock_120m_hxtal</STRONG> (Thumb, 372 bytes, Stack size 16 bytes, system_gd32f30x.o(.text))
<BR><BR>[Stack]<UL><LI>Max Depth = 16<LI>Call Chain = system_clock_120m_hxtal
</UL>
<BR>[Called By]<UL><LI><a href="#[93]">&gt;&gt;</a>&nbsp;&nbsp;&nbsp;system_clock_config
</UL>

<P><STRONG><a name="[b8]"></a>RadioGetFskBandwidthRegValue</STRONG> (Thumb, 136 bytes, Stack size 12 bytes, radio.o(.text))
<BR><BR>[Stack]<UL><LI>Max Depth = 12<LI>Call Chain = RadioGetFskBandwidthRegValue
</UL>
<BR>[Called By]<UL><LI><a href="#[58]">&gt;&gt;</a>&nbsp;&nbsp;&nbsp;RadioSetTxConfig
<LI><a href="#[57]">&gt;&gt;</a>&nbsp;&nbsp;&nbsp;RadioSetRxConfig
</UL>

<P><STRONG><a name="[bf]"></a>RadioGetGfskTimeOnAirNumerator</STRONG> (Thumb, 100 bytes, Stack size 24 bytes, radio.o(.text))
<BR><BR>[Stack]<UL><LI>Max Depth = 24<LI>Call Chain = RadioGetGfskTimeOnAirNumerator
</UL>
<BR>[Called By]<UL><LI><a href="#[5c]">&gt;&gt;</a>&nbsp;&nbsp;&nbsp;RadioTimeOnAir
</UL>

<P><STRONG><a name="[c0]"></a>RadioGetLoRaTimeOnAirNumerator</STRONG> (Thumb, 320 bytes, Stack size 52 bytes, radio.o(.text))
<BR><BR>[Stack]<UL><LI>Max Depth = 52<LI>Call Chain = RadioGetLoRaTimeOnAirNumerator
</UL>
<BR>[Called By]<UL><LI><a href="#[5c]">&gt;&gt;</a>&nbsp;&nbsp;&nbsp;RadioTimeOnAir
</UL>

<P><STRONG><a name="[c1]"></a>RadioGetLoRaBandwidthInHz</STRONG> (Thumb, 138 bytes, Stack size 12 bytes, radio.o(.text))
<BR><BR>[Stack]<UL><LI>Max Depth = 12<LI>Call Chain = RadioGetLoRaBandwidthInHz
</UL>
<BR>[Called By]<UL><LI><a href="#[5c]">&gt;&gt;</a>&nbsp;&nbsp;&nbsp;RadioTimeOnAir
</UL>

<P><STRONG><a name="[f1]"></a>SX126xConvertFreqInHzToPllStep</STRONG> (Thumb, 62 bytes, Stack size 12 bytes, sx126x.o(.text))
<BR><BR>[Stack]<UL><LI>Max Depth = 12<LI>Call Chain = SX126xConvertFreqInHzToPllStep
</UL>
<BR>[Called By]<UL><LI><a href="#[b9]">&gt;&gt;</a>&nbsp;&nbsp;&nbsp;SX126xSetModulationParams
<LI><a href="#[b6]">&gt;&gt;</a>&nbsp;&nbsp;&nbsp;SX126xSetRfFrequency
</UL>

<P><STRONG><a name="[122]"></a>_fp_digits</STRONG> (Thumb, 366 bytes, Stack size 64 bytes, printfa.o(i._fp_digits), UNUSED)
<BR><BR>[Calls]<UL><LI><a href="#[113]">&gt;&gt;</a>&nbsp;&nbsp;&nbsp;__aeabi_uldivmod
<LI><a href="#[11c]">&gt;&gt;</a>&nbsp;&nbsp;&nbsp;__aeabi_dmul
<LI><a href="#[11d]">&gt;&gt;</a>&nbsp;&nbsp;&nbsp;__aeabi_ddiv
<LI><a href="#[116]">&gt;&gt;</a>&nbsp;&nbsp;&nbsp;__aeabi_dadd
<LI><a href="#[11e]">&gt;&gt;</a>&nbsp;&nbsp;&nbsp;__aeabi_d2ulz
<LI><a href="#[123]">&gt;&gt;</a>&nbsp;&nbsp;&nbsp;__aeabi_cdrcmple
</UL>
<BR>[Called By]<UL><LI><a href="#[121]">&gt;&gt;</a>&nbsp;&nbsp;&nbsp;_printf_core
</UL>

<P><STRONG><a name="[121]"></a>_printf_core</STRONG> (Thumb, 1744 bytes, Stack size 136 bytes, printfa.o(i._printf_core), UNUSED)
<BR><BR>[Calls]<UL><LI><a href="#[113]">&gt;&gt;</a>&nbsp;&nbsp;&nbsp;__aeabi_uldivmod
<LI><a href="#[126]">&gt;&gt;</a>&nbsp;&nbsp;&nbsp;__aeabi_uidivmod
<LI><a href="#[124]">&gt;&gt;</a>&nbsp;&nbsp;&nbsp;_printf_pre_padding
<LI><a href="#[125]">&gt;&gt;</a>&nbsp;&nbsp;&nbsp;_printf_post_padding
<LI><a href="#[122]">&gt;&gt;</a>&nbsp;&nbsp;&nbsp;_fp_digits
</UL>
<BR>[Called By]<UL><LI><a href="#[120]">&gt;&gt;</a>&nbsp;&nbsp;&nbsp;__0printf
</UL>

<P><STRONG><a name="[125]"></a>_printf_post_padding</STRONG> (Thumb, 36 bytes, Stack size 24 bytes, printfa.o(i._printf_post_padding), UNUSED)
<BR><BR>[Called By]<UL><LI><a href="#[121]">&gt;&gt;</a>&nbsp;&nbsp;&nbsp;_printf_core
</UL>

<P><STRONG><a name="[124]"></a>_printf_pre_padding</STRONG> (Thumb, 46 bytes, Stack size 24 bytes, printfa.o(i._printf_pre_padding), UNUSED)
<BR><BR>[Called By]<UL><LI><a href="#[121]">&gt;&gt;</a>&nbsp;&nbsp;&nbsp;_printf_core
</UL>
<P>
<H3>
Undefined Global Symbols
</H3><HR></body></html>
