Component: Arm Compiler for Embedded 6.19 Tool: armlink [5e73cb00]

==============================================================================

Section Cross References

    gd32f30x_it.o(.text) refers to systick.o(.text) for delay_decrement
    gd32f30x_it.o(.text) refers to gd32f30x_rtc.o(.text) for rtc_flag_get
    gd32f30x_it.o(.text) refers to gd32f30x_it.o(.rodata.str1.1) for .L.str
    gd32f30x_it.o(.text) refers to printfa.o(i.__0printf) for printf
    gd32f30x_it.o(.text) refers to main.o(.bss.State) for State
    gd32f30x_it.o(.ARM.exidx) refers to gd32f30x_it.o(.text) for [Anonymous Symbol]
    main.o(.text) refers to systick.o(.text) for systick_config
    main.o(.text) refers to gd32f303rct6_board.o(.text) for nvic_configuration
    main.o(.text) refers to main.o(.rodata.str1.1) for .L.str
    main.o(.text) refers to printfa.o(i.__0printf) for printf
    main.o(.text) refers to sx1262-board.o(.text) for SX126xReset
    main.o(.text) refers to main.o(.bss.RadioEvents) for RadioEvents
    main.o(.text) refers to radio.o(.rodata.Radio) for Radio
    main.o(.text) refers to sx126x.o(.text) for SX126xSetLoRaSymbNumTimeout
    main.o(.text) refers to radio.o(.text) for Radio_Set_Private_Network
    main.o(.text) refers to strcpy.o(.text) for strcpy
    main.o(.text) refers to main.o(.bss.State) for State
    main.o(.text) refers to main.o(.bss.user_pressed) for user_pressed
    main.o(.text) refers to main.o(.bss.Buffer) for Buffer
    main.o(.text) refers to main.o(.data.BufferSize) for BufferSize
    main.o(.text) refers to memcpya.o(.text) for __aeabi_memcpy
    main.o(.text) refers to main.o(.bss.RssiValue) for RssiValue
    main.o(.text) refers to main.o(.bss.SnrValue) for SnrValue
    main.o(.text) refers to gd32f30x_usart.o(.text) for usart_data_transmit
    main.o(.ARM.exidx) refers to main.o(.text) for [Anonymous Symbol]
    systick.o(.text) refers to system_gd32f30x.o(.data.SystemCoreClock) for SystemCoreClock
    systick.o(.text) refers to systick.o(.bss.delay) for delay
    systick.o(.ARM.exidx) refers to systick.o(.text) for [Anonymous Symbol]
    system_gd32f30x.o(.text) refers to system_gd32f30x.o(.data.SystemCoreClock) for SystemCoreClock
    system_gd32f30x.o(.ARM.exidx) refers to system_gd32f30x.o(.text) for [Anonymous Symbol]
    gd32f30x_adc.o(.text) refers to gd32f30x_rcu.o(.text) for rcu_periph_reset_enable
    gd32f30x_adc.o(.ARM.exidx) refers to gd32f30x_adc.o(.text) for [Anonymous Symbol]
    gd32f30x_bkp.o(.text) refers to gd32f30x_rcu.o(.text) for rcu_bkp_reset_enable
    gd32f30x_bkp.o(.ARM.exidx) refers to gd32f30x_bkp.o(.text) for [Anonymous Symbol]
    gd32f30x_can.o(.text) refers to gd32f30x_rcu.o(.text) for rcu_periph_reset_enable
    gd32f30x_can.o(.text) refers to gd32f30x_dbg.o(.text) for dbg_periph_enable
    gd32f30x_can.o(.ARM.exidx) refers to gd32f30x_can.o(.text) for [Anonymous Symbol]
    gd32f30x_crc.o(.ARM.exidx) refers to gd32f30x_crc.o(.text) for [Anonymous Symbol]
    gd32f30x_ctc.o(.text) refers to gd32f30x_rcu.o(.text) for rcu_periph_reset_enable
    gd32f30x_ctc.o(.ARM.exidx) refers to gd32f30x_ctc.o(.text) for [Anonymous Symbol]
    gd32f30x_dac.o(.text) refers to gd32f30x_rcu.o(.text) for rcu_periph_reset_enable
    gd32f30x_dac.o(.ARM.exidx) refers to gd32f30x_dac.o(.text) for [Anonymous Symbol]
    gd32f30x_dbg.o(.ARM.exidx) refers to gd32f30x_dbg.o(.text) for [Anonymous Symbol]
    gd32f30x_dma.o(.ARM.exidx) refers to gd32f30x_dma.o(.text) for [Anonymous Symbol]
    gd32f30x_exmc.o(.ARM.exidx) refers to gd32f30x_exmc.o(.text) for [Anonymous Symbol]
    gd32f30x_exti.o(.ARM.exidx) refers to gd32f30x_exti.o(.text) for [Anonymous Symbol]
    gd32f30x_fmc.o(.ARM.exidx) refers to gd32f30x_fmc.o(.text) for [Anonymous Symbol]
    gd32f30x_fwdgt.o(.ARM.exidx) refers to gd32f30x_fwdgt.o(.text) for [Anonymous Symbol]
    gd32f30x_gpio.o(.text) refers to gd32f30x_rcu.o(.text) for rcu_periph_reset_enable
    gd32f30x_gpio.o(.ARM.exidx) refers to gd32f30x_gpio.o(.text) for [Anonymous Symbol]
    gd32f30x_i2c.o(.text) refers to gd32f30x_rcu.o(.text) for rcu_periph_reset_enable
    gd32f30x_i2c.o(.ARM.exidx) refers to gd32f30x_i2c.o(.text) for [Anonymous Symbol]
    gd32f30x_misc.o(.ARM.exidx) refers to gd32f30x_misc.o(.text) for [Anonymous Symbol]
    gd32f30x_pmu.o(.text) refers to gd32f30x_rcu.o(.text) for rcu_periph_reset_enable
    gd32f30x_pmu.o(.text) refers to gd32f30x_pmu.o(.bss.pmu_to_deepsleepmode.reg_snap) for pmu_to_deepsleepmode.reg_snap
    gd32f30x_pmu.o(.ARM.exidx) refers to gd32f30x_pmu.o(.text) for [Anonymous Symbol]
    gd32f30x_rcu.o(.ARM.exidx) refers to gd32f30x_rcu.o(.text) for [Anonymous Symbol]
    gd32f30x_rtc.o(.ARM.exidx) refers to gd32f30x_rtc.o(.text) for [Anonymous Symbol]
    gd32f30x_sdio.o(.ARM.exidx) refers to gd32f30x_sdio.o(.text) for [Anonymous Symbol]
    gd32f30x_spi.o(.text) refers to gd32f30x_rcu.o(.text) for rcu_periph_reset_enable
[...]
    printfa.o(i._fp_digits) refers to uldiv.o(.text) for __aeabi_uldivmod
    printfa.o(i._printf_core) refers (Special) to iusefp.o(.text) for __I$use$fp
    printfa.o(i._printf_core) refers to printfa.o(i._printf_pre_padding) for _printf_pre_padding
    printfa.o(i._printf_core) refers to uldiv.o(.text) for __aeabi_uldivmod
    printfa.o(i._printf_core) refers to printfa.o(i._printf_post_padding) for _printf_post_padding
    printfa.o(i._printf_core) refers to printfa.o(i._fp_digits) for _fp_digits
    printfa.o(i._printf_core) refers to uidiv.o(.text) for __aeabi_uidivmod
    printfa.o(i._printf_post_padding) refers (Special) to iusefp.o(.text) for __I$use$fp
    printfa.o(i._printf_pre_padding) refers (Special) to iusefp.o(.text) for __I$use$fp
    printfa.o(i._snputc) refers (Special) to iusefp.o(.text) for __I$use$fp
    printfa.o(i._sputc) refers (Special) to iusefp.o(.text) for __I$use$fp
    entry2.o(.ARM.Collect$$$$00000001) refers to entry2.o(.ARM.Collect$$$$00002712) for __lit__00000000
    entry2.o(.ARM.Collect$$$$00002712) refers to startup_gd32f30x_hd.o(STACK) for __initial_sp
    entry2.o(__vectab_stack_and_reset_area) refers to startup_gd32f30x_hd.o(STACK) for __initial_sp
    entry2.o(__vectab_stack_and_reset_area) refers to entry.o(.ARM.Collect$$$$00000000) for __main
    entry5.o(.ARM.Collect$$$$00000004) refers to init.o(.text) for __scatterload
    entry9a.o(.ARM.Collect$$$$0000000B) refers to main.o(.text) for main
    entry9b.o(.ARM.Collect$$$$0000000C) refers to main.o(.text) for main
    uldiv.o(.text) refers to llushr.o(.text) for __aeabi_llsr
    uldiv.o(.text) refers to llshl.o(.text) for __aeabi_llsl
    dadd.o(.text) refers (Special) to iusefp.o(.text) for __I$use$fp
    dadd.o(.text) refers to llshl.o(.text) for __aeabi_llsl
    dadd.o(.text) refers to llsshr.o(.text) for __aeabi_lasr
    dadd.o(.text) refers to depilogue.o(.text) for _double_epilogue
    dmul.o(.text) refers (Special) to iusefp.o(.text) for __I$use$fp
    dmul.o(.text) refers to depilogue.o(.text) for _double_epilogue
    ddiv.o(.text) refers (Special) to iusefp.o(.text) for __I$use$fp
    ddiv.o(.text) refers to depilogue.o(.text) for _double_round
    dfixul.o(.text) refers (Special) to iusefp.o(.text) for __I$use$fp
    dfixul.o(.text) refers to llushr.o(.text) for __aeabi_llsr
    dfixul.o(.text) refers to llshl.o(.text) for __aeabi_llsl
    cdrcmple.o(.text) refers (Special) to iusefp.o(.text) for __I$use$fp
    init.o(.text) refers to entry5.o(.ARM.Collect$$$$00000004) for __main_after_scatterload
    depilogue.o(.text) refers (Special) to iusefp.o(.text) for __I$use$fp
    depilogue.o(.text) refers to llshl.o(.text) for __aeabi_llsl
    depilogue.o(.text) refers to llushr.o(.text) for __aeabi_llsr


==============================================================================

Removing Unused input sections from the image.

    Removing gd32f30x_it.o(.ARM.exidx), (80 bytes).
    Removing main.o(.ARM.exidx), (88 bytes).
    Removing main.o(.rodata.PingMsg), (5 bytes).
    Removing main.o(.rodata.PongMsg), (5 bytes).
    Removing main.o(.bss.nChangeChannel), (1 bytes).
    Removing main.o(.data.led_status), (1 bytes).
    Removing main.o(.ARM.use_no_argv), (4 bytes).
    Removing systick.o(.ARM.exidx), (40 bytes).
    Removing system_gd32f30x.o(.ARM.exidx), (32 bytes).
    Removing system_gd32f30x.o(.rodata.cst16), (16 bytes).
    Removing gd32f30x_adc.o(.text), (2646 bytes).
    Removing gd32f30x_adc.o(.ARM.exidx), (288 bytes).
    Removing gd32f30x_bkp.o(.ARM.exidx), (160 bytes).
    Removing gd32f30x_can.o(.text), (3446 bytes).
    Removing gd32f30x_can.o(.ARM.exidx), (208 bytes).
    Removing gd32f30x_crc.o(.text), (216 bytes).
    Removing gd32f30x_crc.o(.ARM.exidx), (56 bytes).
    Removing gd32f30x_ctc.o(.text), (790 bytes).
    Removing gd32f30x_ctc.o(.ARM.exidx), (168 bytes).
    Removing gd32f30x_dac.o(.text), (1454 bytes).
    Removing gd32f30x_dac.o(.ARM.exidx), (200 bytes).
    Removing gd32f30x_dbg.o(.text), (194 bytes).
    Removing gd32f30x_dbg.o(.ARM.exidx), (64 bytes).
    Removing gd32f30x_dma.o(.text), (2152 bytes).
    Removing gd32f30x_dma.o(.ARM.exidx), (224 bytes).
    Removing gd32f30x_enet.o(.text), (0 bytes).
    Removing gd32f30x_exmc.o(.text), (1814 bytes).
    Removing gd32f30x_exmc.o(.ARM.exidx), (192 bytes).
    Removing gd32f30x_exti.o(.ARM.exidx), (96 bytes).
    Removing gd32f30x_fmc.o(.text), (4004 bytes).
    Removing gd32f30x_fmc.o(.ARM.exidx), (280 bytes).
    Removing gd32f30x_fwdgt.o(.ARM.exidx), (64 bytes).
    Removing gd32f30x_gpio.o(.ARM.exidx), (152 bytes).
    Removing gd32f30x_i2c.o(.text), (1812 bytes).
    Removing gd32f30x_i2c.o(.ARM.exidx), (248 bytes).
    Removing gd32f30x_misc.o(.ARM.exidx), (56 bytes).
    Removing gd32f30x_pmu.o(.ARM.exidx), (160 bytes).
    Removing gd32f30x_rcu.o(.ARM.exidx), (312 bytes).
    Removing gd32f30x_rcu.o(.rodata.cst16), (16 bytes).
    Removing gd32f30x_rcu.o(.rodata.cst8), (16 bytes).
    Removing gd32f30x_rtc.o(.ARM.exidx), (104 bytes).
    Removing gd32f30x_sdio.o(.text), (1386 bytes).
    Removing gd32f30x_sdio.o(.ARM.exidx), (368 bytes).
    Removing gd32f30x_spi.o(.ARM.exidx), (328 bytes).
    Removing gd32f30x_timer.o(.text), (5678 bytes).
    Removing gd32f30x_timer.o(.ARM.exidx), (568 bytes).
    Removing gd32f30x_usart.o(.ARM.exidx), (400 bytes).
    Removing gd32f30x_wwdgt.o(.text), (206 bytes).
    Removing gd32f30x_wwdgt.o(.ARM.exidx), (56 bytes).
    Removing startup_gd32f30x_hd.o(HEAP), (1024 bytes).
    Removing radio.o(.ARM.exidx), (400 bytes).
    Removing sx126x.o(.ARM.exidx), (376 bytes).
    Removing gd32f303rct6_board.o(.ARM.exidx), (200 bytes).
    Removing sx1262-board.o(.ARM.exidx), (216 bytes).
    Removing sx1262-board.o(.bss.AntPow), (2 bytes).
    Removing sx1262-board.o(.bss.DeviceSel), (2 bytes).

56 unused section(s) (total 33074 bytes) removed from the image.

==============================================================================

Image Symbol Table

    Local Symbols

    Symbol Name                              Value     Ov Type        Size  Object(Section)

    ../clib/division.s                       0x00000000   Number         0  aeabi_sdiv.o ABSOLUTE
    ../clib/microlib/division.c              0x00000000   Number         0  uidiv.o ABSOLUTE
    ../clib/microlib/division.c              0x00000000   Number         0  uldiv.o ABSOLUTE
    ../clib/microlib/init/entry.s            0x00000000   Number         0  entry.o ABSOLUTE
    ../clib/microlib/init/entry.s            0x00000000   Number         0  entry2.o ABSOLUTE
    ../clib/microlib/init/entry.s            0x00000000   Number         0  entry5.o ABSOLUTE
    ../clib/microlib/init/entry.s            0x00000000   Number         0  entry7a.o ABSOLUTE
    ../clib/microlib/init/entry.s            0x00000000   Number         0  entry7b.o ABSOLUTE
    ../clib/microlib/init/entry.s            0x00000000   Number         0  entry8a.o ABSOLUTE
    ../clib/microlib/init/entry.s            0x00000000   Number         0  entry8b.o ABSOLUTE
    ../clib/microlib/init/entry.s            0x00000000   Number         0  entry9a.o ABSOLUTE
    ../clib/microlib/init/entry.s            0x00000000   Number         0  entry9b.o ABSOLUTE
    ../clib/microlib/init/entry.s            0x00000000   Number         0  entry10a.o ABSOLUTE
    ../clib/microlib/init/entry.s            0x00000000   Number         0  entry10b.o ABSOLUTE
    ../clib/microlib/init/entry.s            0x00000000   Number         0  entry11a.o ABSOLUTE
    ../clib/microlib/init/entry.s            0x00000000   Number         0  entry11b.o ABSOLUTE
    ../clib/microlib/longlong.c              0x00000000   Number         0  llshl.o ABSOLUTE
    ../clib/microlib/longlong.c              0x00000000   Number         0  llushr.o ABSOLUTE
    ../clib/microlib/longlong.c              0x00000000   Number         0  llsshr.o ABSOLUTE
    ../clib/microlib/printf/printf.c         0x00000000   Number         0  printfa.o ABSOLUTE
    ../clib/microlib/stdio/streams.c         0x00000000   Number         0  stdout.o ABSOLUTE
    ../clib/microlib/string/memcpy.c         0x00000000   Number         0  memcpya.o ABSOLUTE
    ../clib/microlib/string/memcpy.c         0x00000000   Number         0  memcpyb.o ABSOLUTE
    ../clib/microlib/string/strcpy.c         0x00000000   Number         0  strcpy.o ABSOLUTE
    ../clib/microlib/stubs.s                 0x00000000   Number         0  iusefp.o ABSOLUTE
    ../fplib/microlib/fpadd.c                0x00000000   Number         0  dadd.o ABSOLUTE
    ../fplib/microlib/fpdiv.c                0x00000000   Number         0  ddiv.o ABSOLUTE
    ../fplib/microlib/fpepilogue.c           0x00000000   Number         0  depilogue.o ABSOLUTE
    ../fplib/microlib/fpfix.c                0x00000000   Number         0  dfixul.o ABSOLUTE
    ../fplib/microlib/fpmul.c                0x00000000   Number         0  dmul.o ABSOLUTE
    ..\..\Firmware\CMSIS\GD\GD32F30x\Source\ARM\startup_gd32f30x_hd.s 0x00000000   Number         0  startup_gd32f30x_hd.o ABSOLUTE
    cdrcmple.s                               0x00000000   Number         0  cdrcmple.o ABSOLUTE
    dc.s                                     0x00000000   Number         0  dc.o ABSOLUTE
    gd32f303rct6_board.c                     0x00000000   Number         0  gd32f303rct6_board.o ABSOLUTE
    gd32f30x_adc.c                           0x00000000   Number         0  gd32f30x_adc.o ABSOLUTE
    gd32f30x_bkp.c                           0x00000000   Number         0  gd32f30x_bkp.o ABSOLUTE
    gd32f30x_can.c                           0x00000000   Number         0  gd32f30x_can.o ABSOLUTE
    gd32f30x_crc.c                           0x00000000   Number         0  gd32f30x_crc.o ABSOLUTE
    gd32f30x_ctc.c                           0x00000000   Number         0  gd32f30x_ctc.o ABSOLUTE
    gd32f30x_dac.c                           0x00000000   Number         0  gd32f30x_dac.o ABSOLUTE
    gd32f30x_dbg.c                           0x00000000   Number         0  gd32f30x_dbg.o ABSOLUTE
    gd32f30x_dma.c                           0x00000000   Number         0  gd32f30x_dma.o ABSOLUTE
    gd32f30x_enet.c                          0x00000000   Number         0  gd32f30x_enet.o ABSOLUTE
    gd32f30x_exmc.c                          0x00000000   Number         0  gd32f30x_exmc.o ABSOLUTE
    gd32f30x_exti.c                          0x00000000   Number         0  gd32f30x_exti.o ABSOLUTE
    gd32f30x_fmc.c                           0x00000000   Number         0  gd32f30x_fmc.o ABSOLUTE
    gd32f30x_fwdgt.c                         0x00000000   Number         0  gd32f30x_fwdgt.o ABSOLUTE
    gd32f30x_gpio.c                          0x00000000   Number         0  gd32f30x_gpio.o ABSOLUTE
    gd32f30x_i2c.c                           0x00000000   Number         0  gd32f30x_i2c.o ABSOLUTE
    gd32f30x_it.c                            0x00000000   Number         0  gd32f30x_it.o ABSOLUTE
    gd32f30x_misc.c                          0x00000000   Number         0  gd32f30x_misc.o ABSOLUTE
    gd32f30x_pmu.c                           0x00000000   Number         0  gd32f30x_pmu.o ABSOLUTE
    gd32f30x_rcu.c                           0x00000000   Number         0  gd32f30x_rcu.o ABSOLUTE
    gd32f30x_rtc.c                           0x00000000   Number         0  gd32f30x_rtc.o ABSOLUTE
    gd32f30x_sdio.c                          0x00000000   Number         0  gd32f30x_sdio.o ABSOLUTE
    gd32f30x_spi.c                           0x00000000   Number         0  gd32f30x_spi.o ABSOLUTE
    gd32f30x_timer.c                         0x00000000   Number         0  gd32f30x_timer.o ABSOLUTE
    gd32f30x_usart.c                         0x00000000   Number         0  gd32f30x_usart.o ABSOLUTE
    gd32f30x_wwdgt.c                         0x00000000   Number         0  gd32f30x_wwdgt.o ABSOLUTE
    handlers.s                               0x00000000   Number         0  handlers.o ABSOLUTE
    init.s                                   0x00000000   Number         0  init.o ABSOLUTE
    main.c                                   0x00000000   Number         0  main.o ABSOLUTE
    radio.c                                  0x00000000   Number         0  radio.o ABSOLUTE
    sx1262-board.c                           0x00000000   Number         0  sx1262-board.o ABSOLUTE
    sx126x.c                                 0x00000000   Number         0  sx126x.o ABSOLUTE
    system_gd32f30x.c                        0x00000000   Number         0  system_gd32f30x.o ABSOLUTE
    systick.c                                0x00000000   Number         0  systick.o ABSOLUTE
    RESET                                    0x08000000   Section      304  startup_gd32f30x_hd.o(RESET)
    .ARM.Collect$$$$00000000                 0x08000130   Section        0  entry.o(.ARM.Collect$$$$00000000)
    .ARM.Collect$$$$00000001                 0x08000130   Section        4  entry2.o(.ARM.Collect$$$$00000001)
    .ARM.Collect$$$$00000004                 0x08000134   Section        4  entry5.o(.ARM.Collect$$$$00000004)
    .ARM.Collect$$$$00000008                 0x08000138   Section        0  entry7b.o(.ARM.Collect$$$$00000008)
    .ARM.Collect$$$$0000000A                 0x08000138   Section        0  entry8b.o(.ARM.Collect$$$$0000000A)
    .ARM.Collect$$$$0000000B                 0x08000138   Section        8  entry9a.o(.ARM.Collect$$$$0000000B)
    __lit__00000000                          0x08000140   Data           4  entry2.o(.ARM.Collect$$$$00002712)
    .ARM.Collect$$$$0000000D                 0x08000140   Section        0  entry10a.o(.ARM.Collect$$$$0000000D)
    .ARM.Collect$$$$0000000F                 0x08000140   Section        0  entry11a.o(.ARM.Collect$$$$0000000F)
    .ARM.Collect$$$$00002712                 0x08000140   Section        4  entry2.o(.ARM.Collect$$$$00002712)
    [Anonymous Symbol]                       0x08000144   Section        0  gd32f30x_it.o(.text)
    [Anonymous Symbol]                       0x080001bc   Section        0  main.o(.text)
    [Anonymous Symbol]                       0x0800068c   Section        0  systick.o(.text)
    SysTick_Config                           0x080006c1   Thumb Code    82  systick.o(.text)
    NVIC_SetPriority                         0x08000715   Thumb Code    68  systick.o(.text)
    [Anonymous Symbol]                       0x080007a0   Section        0  system_gd32f30x.o(.text)
    system_clock_config                      0x08000871   Thumb Code     8  system_gd32f30x.o(.text)
    system_clock_120m_hxtal                  0x08000a15   Thumb Code   372  system_gd32f30x.o(.text)
    [Anonymous Symbol]                       0x08000b88   Section        0  gd32f30x_bkp.o(.text)
    [Anonymous Symbol]                       0x08000ee4   Section        0  gd32f30x_exti.o(.text)
    [Anonymous Symbol]                       0x08001140   Section        0  gd32f30x_fwdgt.o(.text)
    [Anonymous Symbol]                       0x080013c4   Section        0  gd32f30x_gpio.o(.text)
    [Anonymous Symbol]                       0x080019f8   Section        0  gd32f30x_misc.o(.text)
    [Anonymous Symbol]                       0x08001bfc   Section        0  gd32f30x_pmu.o(.text)
    [Anonymous Symbol]                       0x08001fe0   Section        0  gd32f30x_rcu.o(.text)
    [Anonymous Symbol]                       0x08002b34   Section        0  gd32f30x_rtc.o(.text)
    [Anonymous Symbol]                       0x08002d00   Section        0  gd32f30x_spi.o(.text)
    [Anonymous Symbol]                       0x080033ec   Section        0  gd32f30x_usart.o(.text)
    .text                                    0x08003bc0   Section       36  startup_gd32f30x_hd.o(.text)
    [Anonymous Symbol]                       0x08003be4   Section        0  radio.o(.text)
    RadioGetFskBandwidthRegValue             0x08005069   Thumb Code   136  radio.o(.text)
    RadioGetGfskTimeOnAirNumerator           0x080050f1   Thumb Code   100  radio.o(.text)
    RadioGetLoRaTimeOnAirNumerator           0x08005155   Thumb Code   320  radio.o(.text)
    RadioGetLoRaBandwidthInHz                0x08005295   Thumb Code   138  radio.o(.text)
    [Anonymous Symbol]                       0x08005464   Section        0  sx126x.o(.text)
    SX126xConvertFreqInHzToPllStep           0x08005c79   Thumb Code    62  sx126x.o(.text)
    [Anonymous Symbol]                       0x08006270   Section        0  gd32f303rct6_board.o(.text)
    [Anonymous Symbol]                       0x0800695c   Section        0  sx1262-board.o(.text)
    .text                                    0x08006ef4   Section        0  memcpya.o(.text)
    .text                                    0x08006f18   Section        0  strcpy.o(.text)
    .text                                    0x08006f2a   Section        0  uidiv.o(.text)
    .text                                    0x08006f56   Section        0  uldiv.o(.text)
    .text                                    0x08006fb8   Section        0  iusefp.o(.text)
    .text                                    0x08006fb8   Section        0  dadd.o(.text)
    .text                                    0x08007106   Section        0  dmul.o(.text)
    .text                                    0x080071ea   Section        0  ddiv.o(.text)
    .text                                    0x080072c8   Section        0  dfixul.o(.text)
    .text                                    0x080072f8   Section       48  cdrcmple.o(.text)
    .text                                    0x08007328   Section       36  init.o(.text)
    .text                                    0x0800734c   Section        0  llshl.o(.text)
    .text                                    0x0800736a   Section        0  llushr.o(.text)
    .text                                    0x0800738a   Section        0  llsshr.o(.text)
    .text                                    0x080073ae   Section        0  depilogue.o(.text)
    i.__0printf                              0x08007468   Section        0  printfa.o(i.__0printf)
    i.__scatterload_copy                     0x08007488   Section       14  handlers.o(i.__scatterload_copy)
    i.__scatterload_null                     0x08007496   Section        2  handlers.o(i.__scatterload_null)
    i.__scatterload_zeroinit                 0x08007498   Section       14  handlers.o(i.__scatterload_zeroinit)
    _fp_digits                               0x080074a9   Thumb Code   366  printfa.o(i._fp_digits)
    i._fp_digits                             0x080074a8   Section        0  printfa.o(i._fp_digits)
    _printf_core                             0x0800762d   Thumb Code  1744  printfa.o(i._printf_core)
    i._printf_core                           0x0800762c   Section        0  printfa.o(i._printf_core)
    _printf_post_padding                     0x08007d09   Thumb Code    36  printfa.o(i._printf_post_padding)
    i._printf_post_padding                   0x08007d08   Section        0  printfa.o(i._printf_post_padding)
    _printf_pre_padding                      0x08007d2d   Thumb Code    46  printfa.o(i._printf_pre_padding)
    i._printf_pre_padding                    0x08007d2c   Section        0  printfa.o(i._printf_pre_padding)
    .L.str.3                                 0x08007e84   Data          20  main.o(.rodata.str1.1)
    [Anonymous Symbol]                       0x08007e84   Section        0  main.o(.rodata.str1.1)
    .L.str                                   0x08007e98   Data          59  main.o(.rodata.str1.1)
    .L.str.11                                0x08007ed3   Data          27  main.o(.rodata.str1.1)
    .L.str.10                                0x08007eee   Data          44  main.o(.rodata.str1.1)
    .L.str.2                                 0x08007f1a   Data          35  main.o(.rodata.str1.1)
    .L.str.5                                 0x08007f3d   Data          40  main.o(.rodata.str1.1)
    .L.str.4                                 0x08007f65   Data          30  main.o(.rodata.str1.1)
    .L.str.8                                 0x08007f81   Data           2  main.o(.rodata.str1.1)
    .L.str.6                                 0x08007f83   Data          17  main.o(.rodata.str1.1)
    .L.str.7                                 0x08007f94   Data           4  main.o(.rodata.str1.1)
    .L.str.9                                 0x08007f98   Data          10  main.o(.rodata.str1.1)
    .L.str.1                                 0x08007fa2   Data           5  main.o(.rodata.str1.1)
    .L.str.12                                0x08007fa7   Data          18  main.o(.rodata.str1.1)
    .L.str.3                                 0x08007fb9   Data          36  radio.o(.rodata.str1.1)
    [Anonymous Symbol]                       0x08007fb9   Section        0  radio.o(.rodata.str1.1)
    .L.str.1                                 0x08007fdd   Data          19  radio.o(.rodata.str1.1)
    .L.str.12                                0x08007ff0   Data          23  radio.o(.rodata.str1.1)
    .L.str.4                                 0x08008007   Data          27  radio.o(.rodata.str1.1)
    .L.str.5                                 0x08008022   Data          30  radio.o(.rodata.str1.1)
    .L.str.11                                0x08008040   Data          25  radio.o(.rodata.str1.1)
    .L.str.8                                 0x08008059   Data          17  radio.o(.rodata.str1.1)
    .L.str.7                                 0x0800806a   Data          14  radio.o(.rodata.str1.1)
    .L.str.6                                 0x08008078   Data           9  radio.o(.rodata.str1.1)
    .L.str.2                                 0x08008081   Data          23  radio.o(.rodata.str1.1)
    .L.str.9                                 0x08008098   Data          14  radio.o(.rodata.str1.1)
    .L.str                                   0x080080a6   Data           7  radio.o(.rodata.str1.1)
    .L.str.10                                0x080080ad   Data          12  radio.o(.rodata.str1.1)
    .L.str                                   0x080080b0   Data           9  radio.o(.rodata.str1.1)
    .L.str                                   0x080080b9   Data          38  sx126x.o(.rodata.str1.1)
    [Anonymous Symbol]                       0x080080b9   Section        0  sx126x.o(.rodata.str1.1)
    .L.str                                   0x080080df   Data          20  gd32f303rct6_board.o(.rodata.str1.1)
    [Anonymous Symbol]                       0x080080df   Section        0  gd32f303rct6_board.o(.rodata.str1.1)
    .L.str                                   0x080080f3   Data          30  sx1262-board.o(.rodata.str1.1)
    [Anonymous Symbol]                       0x080080f3   Section        0  sx1262-board.o(.rodata.str1.1)
    .L.str.1                                 0x08008111   Data          22  sx1262-board.o(.rodata.str1.1)
    .L.str.2                                 0x08008127   Data          22  sx1262-board.o(.rodata.str1.1)
    .L.str.3                                 0x0800813d   Data          22  sx1262-board.o(.rodata.str1.1)
    .L.str.4                                 0x08008153   Data          22  sx1262-board.o(.rodata.str1.1)
    .data                                    0x20000000   Section        4  stdout.o(.data)
    ImageCalibrated                          0x2000016c   Data           1  sx126x.o(.bss.ImageCalibrated)
    [Anonymous Symbol]                       0x2000016c   Section        0  sx126x.o(.bss.ImageCalibrated)
    LoRaHeaderType                           0x20000170   Data           1  sx126x.o(.bss.LoRaHeaderType)
    [Anonymous Symbol]                       0x20000170   Section        0  sx126x.o(.bss.LoRaHeaderType)
    OperatingMode                            0x20000171   Data           1  sx1262-board.o(.bss.OperatingMode)
    [Anonymous Symbol]                       0x20000171   Section        0  sx1262-board.o(.bss.OperatingMode)
    PacketType                               0x20000172   Data           1  sx126x.o(.bss.PacketType)
    [Anonymous Symbol]                       0x20000172   Section        0  sx126x.o(.bss.PacketType)
    RadioEvents                              0x20000174   Data          36  main.o(.bss.RadioEvents)
    [Anonymous Symbol]                       0x20000174   Section        0  main.o(.bss.RadioEvents)
    RadioEvents                              0x20000198   Data           4  radio.o(.bss.RadioEvents)
    [Anonymous Symbol]                       0x20000198   Section        0  radio.o(.bss.RadioEvents)
    RadioPublicNetwork                       0x200001b0   Data           2  radio.o(.bss.RadioPublicNetwork)
    [Anonymous Symbol]                       0x200001b0   Section        0  radio.o(.bss.RadioPublicNetwork)
    delay                                    0x200002c0   Data           4  systick.o(.bss.delay)
    [Anonymous Symbol]                       0x200002c0   Section        0  systick.o(.bss.delay)
    pmu_to_deepsleepmode.reg_snap            0x200002c4   Data          16  gd32f30x_pmu.o(.bss.pmu_to_deepsleepmode.reg_snap)
    [Anonymous Symbol]                       0x200002c4   Section        0  gd32f30x_pmu.o(.bss.pmu_to_deepsleepmode.reg_snap)
    STACK                                    0x200002d8   Section     1024  startup_gd32f30x_hd.o(STACK)

    Global Symbols

    Symbol Name                              Value     Ov Type        Size  Object(Section)

    BuildAttributes$$THM_ISAv4$E$P$D$K$B$S$7EM$PE$A:L22UL41UL21$X:L11$S22US41US21$IEEE1$IW$~IW$USESV6$~STKCKD$USESV7$~SHL$OSPACE$ROPI$EBA8$MICROLIB$REQ8$PRES8$EABIv2 0x00000000   Number         0  anon$$obj.o ABSOLUTE
    __cpp_initialize__aeabi_                  - Undefined Weak Reference
    __cxa_finalize                            - Undefined Weak Reference
    __decompress                              - Undefined Weak Reference
    _clock_init                               - Undefined Weak Reference
    _microlib_exit                            - Undefined Weak Reference
    on_preamble_detected                      - Undefined Weak Reference
    __Vectors_Size                           0x00000130   Number         0  startup_gd32f30x_hd.o ABSOLUTE
    __Vectors                                0x08000000   Data           4  startup_gd32f30x_hd.o(RESET)
    __Vectors_End                            0x08000130   Data           0  startup_gd32f30x_hd.o(RESET)
    __main                                   0x08000131   Thumb Code     0  entry.o(.ARM.Collect$$$$00000000)
    _main_stk                                0x08000131   Thumb Code     0  entry2.o(.ARM.Collect$$$$00000001)
    _main_scatterload                        0x08000135   Thumb Code     0  entry5.o(.ARM.Collect$$$$00000004)
    __main_after_scatterload                 0x08000139   Thumb Code     0  entry5.o(.ARM.Collect$$$$00000004)
    _main_clock                              0x08000139   Thumb Code     0  entry7b.o(.ARM.Collect$$$$00000008)
    _main_cpp_init                           0x08000139   Thumb Code     0  entry8b.o(.ARM.Collect$$$$0000000A)
    _main_init                               0x08000139   Thumb Code     0  entry9a.o(.ARM.Collect$$$$0000000B)
    __rt_final_cpp                           0x08000141   Thumb Code     0  entry10a.o(.ARM.Collect$$$$0000000D)
    __rt_final_exit                          0x08000141   Thumb Code     0  entry11a.o(.ARM.Collect$$$$0000000F)
    NMI_Handler                              0x08000145   Thumb Code     2  gd32f30x_it.o(.text)
    HardFault_Handler                        0x08000149   Thumb Code     4  gd32f30x_it.o(.text)
    MemManage_Handler                        0x0800014d   Thumb Code     4  gd32f30x_it.o(.text)
    BusFault_Handler                         0x08000151   Thumb Code     4  gd32f30x_it.o(.text)
    UsageFault_Handler                       0x08000155   Thumb Code     4  gd32f30x_it.o(.text)
    SVC_Handler                              0x08000159   Thumb Code     2  gd32f30x_it.o(.text)
    DebugMon_Handler                         0x0800015d   Thumb Code     2  gd32f30x_it.o(.text)
    PendSV_Handler                           0x08000161   Thumb Code     2  gd32f30x_it.o(.text)
    SysTick_Handler                          0x08000165   Thumb Code     8  gd32f30x_it.o(.text)
    RTC_IRQHandler                           0x0800016d   Thumb Code    80  gd32f30x_it.o(.text)
    main                                     0x080001bd   Thumb Code   442  main.o(.text)
    OnTxDone                                 0x08000379   Thumb Code   130  main.o(.text)
    OnRxDone                                 0x080003fd   Thumb Code   218  main.o(.text)
    OnTxTimeout                              0x080004d9   Thumb Code    28  main.o(.text)
    OnRxTimeout                              0x080004f5   Thumb Code    32  main.o(.text)
    OnRxError                                0x08000515   Thumb Code    32  main.o(.text)
    OnCadDone                                0x08000535   Thumb Code   104  main.o(.text)
    tx_packet                                0x0800059d   Thumb Code   146  main.o(.text)
    on_cad_done_detected                     0x08000631   Thumb Code    16  main.o(.text)
    on_cad_done_undetected                   0x08000641   Thumb Code    24  main.o(.text)
    fputc                                    0x08000659   Thumb Code    52  main.o(.text)
    systick_config                           0x0800068d   Thumb Code    50  systick.o(.text)
    delay_1ms                                0x08000759   Thumb Code    38  systick.o(.text)
    delay_decrement                          0x08000781   Thumb Code    32  systick.o(.text)
    SystemInit                               0x080007a1   Thumb Code   208  system_gd32f30x.o(.text)
    SystemCoreClockUpdate                    0x08000879   Thumb Code   412  system_gd32f30x.o(.text)
    bkp_deinit                               0x08000b89   Thumb Code    12  gd32f30x_bkp.o(.text)
    bkp_write_data                           0x08000b95   Thumb Code   102  gd32f30x_bkp.o(.text)
    bkp_read_data                            0x08000bfd   Thumb Code   108  gd32f30x_bkp.o(.text)
    bkp_rtc_calibration_output_enable        0x08000c69   Thumb Code    18  gd32f30x_bkp.o(.text)
    bkp_rtc_calibration_output_disable       0x08000c7d   Thumb Code    18  gd32f30x_bkp.o(.text)
    bkp_rtc_signal_output_enable             0x08000c91   Thumb Code    18  gd32f30x_bkp.o(.text)
    bkp_rtc_signal_output_disable            0x08000ca5   Thumb Code    18  gd32f30x_bkp.o(.text)
    bkp_rtc_output_select                    0x08000cb9   Thumb Code    62  gd32f30x_bkp.o(.text)
    bkp_rtc_clock_output_select              0x08000cf9   Thumb Code    62  gd32f30x_bkp.o(.text)
    bkp_rtc_clock_calibration_direction      0x08000d39   Thumb Code    62  gd32f30x_bkp.o(.text)
    bkp_rtc_calibration_value_set            0x08000d79   Thumb Code    60  gd32f30x_bkp.o(.text)
    bkp_tamper_detection_enable              0x08000db5   Thumb Code    18  gd32f30x_bkp.o(.text)
    bkp_tamper_detection_disable             0x08000dc9   Thumb Code    18  gd32f30x_bkp.o(.text)
    bkp_tamper_active_level_set              0x08000ddd   Thumb Code    62  gd32f30x_bkp.o(.text)
    bkp_tamper_interrupt_enable              0x08000e1d   Thumb Code    18  gd32f30x_bkp.o(.text)
    bkp_tamper_interrupt_disable             0x08000e31   Thumb Code    18  gd32f30x_bkp.o(.text)
    bkp_flag_get                             0x08000e45   Thumb Code    52  gd32f30x_bkp.o(.text)
    bkp_flag_clear                           0x08000e79   Thumb Code    28  gd32f30x_bkp.o(.text)
    bkp_interrupt_flag_get                   0x08000e95   Thumb Code    52  gd32f30x_bkp.o(.text)
    bkp_interrupt_flag_clear                 0x08000ec9   Thumb Code    28  gd32f30x_bkp.o(.text)
    exti_deinit                              0x08000ee5   Thumb Code    54  gd32f30x_exti.o(.text)
    exti_init                                0x08000f1d   Thumb Code   266  gd32f30x_exti.o(.text)
    exti_interrupt_enable                    0x08001029   Thumb Code    24  gd32f30x_exti.o(.text)
    exti_interrupt_disable                   0x08001041   Thumb Code    24  gd32f30x_exti.o(.text)
    exti_event_enable                        0x08001059   Thumb Code    24  gd32f30x_exti.o(.text)
    exti_event_disable                       0x08001071   Thumb Code    24  gd32f30x_exti.o(.text)
    exti_software_interrupt_enable           0x08001089   Thumb Code    24  gd32f30x_exti.o(.text)
    exti_software_interrupt_disable          0x080010a1   Thumb Code    24  gd32f30x_exti.o(.text)
    exti_flag_get                            0x080010b9   Thumb Code    46  gd32f30x_exti.o(.text)
    exti_flag_clear                          0x080010e9   Thumb Code    20  gd32f30x_exti.o(.text)
    exti_interrupt_flag_get                  0x080010fd   Thumb Code    46  gd32f30x_exti.o(.text)
    exti_interrupt_flag_clear                0x0800112d   Thumb Code    20  gd32f30x_exti.o(.text)
    fwdgt_write_enable                       0x08001141   Thumb Code    16  gd32f30x_fwdgt.o(.text)
    fwdgt_write_disable                      0x08001151   Thumb Code    14  gd32f30x_fwdgt.o(.text)
    fwdgt_enable                             0x08001161   Thumb Code    16  gd32f30x_fwdgt.o(.text)
    fwdgt_prescaler_value_config             0x08001171   Thumb Code   134  gd32f30x_fwdgt.o(.text)
    fwdgt_reload_value_config                0x080011f9   Thumb Code   138  gd32f30x_fwdgt.o(.text)
    fwdgt_counter_reload                     0x08001285   Thumb Code    16  gd32f30x_fwdgt.o(.text)
    fwdgt_config                             0x08001295   Thumb Code   250  gd32f30x_fwdgt.o(.text)
    fwdgt_flag_get                           0x08001391   Thumb Code    50  gd32f30x_fwdgt.o(.text)
    gpio_deinit                              0x080013c5   Thumb Code   252  gd32f30x_gpio.o(.text)
    gpio_afio_deinit                         0x080014c1   Thumb Code    24  gd32f30x_gpio.o(.text)
    gpio_init                                0x080014d9   Thumb Code   388  gd32f30x_gpio.o(.text)
    gpio_bit_set                             0x0800165d   Thumb Code    16  gd32f30x_gpio.o(.text)
    gpio_bit_reset                           0x0800166d   Thumb Code    16  gd32f30x_gpio.o(.text)
    gpio_bit_write                           0x0800167d   Thumb Code    38  gd32f30x_gpio.o(.text)
    gpio_port_write                          0x080016a5   Thumb Code    20  gd32f30x_gpio.o(.text)
    gpio_input_bit_get                       0x080016b9   Thumb Code    42  gd32f30x_gpio.o(.text)
    gpio_input_port_get                      0x080016e5   Thumb Code    14  gd32f30x_gpio.o(.text)
    gpio_output_bit_get                      0x080016f5   Thumb Code    42  gd32f30x_gpio.o(.text)
    gpio_output_port_get                     0x08001721   Thumb Code    14  gd32f30x_gpio.o(.text)
    gpio_pin_remap_config                    0x08001731   Thumb Code   250  gd32f30x_gpio.o(.text)
    gpio_exti_source_select                  0x0800182d   Thumb Code   228  gd32f30x_gpio.o(.text)
    gpio_event_output_config                 0x08001911   Thumb Code    62  gd32f30x_gpio.o(.text)
    gpio_event_output_enable                 0x08001951   Thumb Code    16  gd32f30x_gpio.o(.text)
    gpio_event_output_disable                0x08001961   Thumb Code    16  gd32f30x_gpio.o(.text)
    gpio_pin_lock                            0x08001971   Thumb Code    54  gd32f30x_gpio.o(.text)
    gpio_compensation_config                 0x080019a9   Thumb Code    34  gd32f30x_gpio.o(.text)
    gpio_compensation_flag_get               0x080019cd   Thumb Code    42  gd32f30x_gpio.o(.text)
    nvic_priority_group_set                  0x080019f9   Thumb Code    28  gd32f30x_misc.o(.text)
    nvic_irq_enable                          0x08001a15   Thumb Code   298  gd32f30x_misc.o(.text)
    nvic_irq_disable                         0x08001b41   Thumb Code    40  gd32f30x_misc.o(.text)
    nvic_vector_table_set                    0x08001b69   Thumb Code    40  gd32f30x_misc.o(.text)
    system_lowpower_set                      0x08001b91   Thumb Code    28  gd32f30x_misc.o(.text)
    system_lowpower_reset                    0x08001bad   Thumb Code    28  gd32f30x_misc.o(.text)
    systick_clksource_set                    0x08001bc9   Thumb Code    52  gd32f30x_misc.o(.text)
    pmu_deinit                               0x08001bfd   Thumb Code    24  gd32f30x_pmu.o(.text)
    pmu_lvd_select                           0x08001c15   Thumb Code    48  gd32f30x_pmu.o(.text)
    pmu_ldo_output_select                    0x08001c45   Thumb Code    32  gd32f30x_pmu.o(.text)
    pmu_lvd_disable                          0x08001c65   Thumb Code    18  gd32f30x_pmu.o(.text)
    pmu_highdriver_switch_select             0x08001c79   Thumb Code    52  gd32f30x_pmu.o(.text)
    pmu_flag_get                             0x08001cad   Thumb Code    46  gd32f30x_pmu.o(.text)
    pmu_highdriver_mode_enable               0x08001cdd   Thumb Code    18  gd32f30x_pmu.o(.text)
    pmu_highdriver_mode_disable              0x08001cf1   Thumb Code    18  gd32f30x_pmu.o(.text)
    pmu_lowdriver_mode_enable                0x08001d05   Thumb Code    18  gd32f30x_pmu.o(.text)
    pmu_lowdriver_mode_disable               0x08001d19   Thumb Code    18  gd32f30x_pmu.o(.text)
    pmu_lowpower_driver_config               0x08001d2d   Thumb Code    32  gd32f30x_pmu.o(.text)
    pmu_normalpower_driver_config            0x08001d4d   Thumb Code    32  gd32f30x_pmu.o(.text)
    pmu_to_sleepmode                         0x08001d6d   Thumb Code    42  gd32f30x_pmu.o(.text)
    pmu_to_deepsleepmode                     0x08001d99   Thumb Code   332  gd32f30x_pmu.o(.text)
    pmu_to_standbymode                       0x08001ee5   Thumb Code   106  gd32f30x_pmu.o(.text)
    pmu_backup_write_enable                  0x08001f51   Thumb Code    18  gd32f30x_pmu.o(.text)
    pmu_backup_write_disable                 0x08001f65   Thumb Code    18  gd32f30x_pmu.o(.text)
    pmu_wakeup_pin_enable                    0x08001f79   Thumb Code    18  gd32f30x_pmu.o(.text)
    pmu_wakeup_pin_disable                   0x08001f8d   Thumb Code    18  gd32f30x_pmu.o(.text)
    pmu_flag_clear                           0x08001fa1   Thumb Code    62  gd32f30x_pmu.o(.text)
    rcu_deinit                               0x08001fe1   Thumb Code   132  gd32f30x_rcu.o(.text)
    rcu_osci_stab_wait                       0x08002065   Thumb Code   574  gd32f30x_rcu.o(.text)
    rcu_periph_clock_enable                  0x080022a5   Thumb Code    40  gd32f30x_rcu.o(.text)
    rcu_periph_clock_disable                 0x080022cd   Thumb Code    40  gd32f30x_rcu.o(.text)
    rcu_periph_clock_sleep_enable            0x080022f5   Thumb Code    40  gd32f30x_rcu.o(.text)
    rcu_periph_clock_sleep_disable           0x0800231d   Thumb Code    40  gd32f30x_rcu.o(.text)
    rcu_periph_reset_enable                  0x08002345   Thumb Code    40  gd32f30x_rcu.o(.text)
    rcu_periph_reset_disable                 0x0800236d   Thumb Code    40  gd32f30x_rcu.o(.text)
    rcu_bkp_reset_enable                     0x08002395   Thumb Code    18  gd32f30x_rcu.o(.text)
    rcu_bkp_reset_disable                    0x080023a9   Thumb Code    18  gd32f30x_rcu.o(.text)
    rcu_system_clock_source_config           0x080023bd   Thumb Code    36  gd32f30x_rcu.o(.text)
    rcu_system_clock_source_get              0x080023e1   Thumb Code    16  gd32f30x_rcu.o(.text)
    rcu_ahb_clock_config                     0x080023f1   Thumb Code    36  gd32f30x_rcu.o(.text)
    rcu_apb1_clock_config                    0x08002415   Thumb Code    36  gd32f30x_rcu.o(.text)
    rcu_apb2_clock_config                    0x08002439   Thumb Code    36  gd32f30x_rcu.o(.text)
    rcu_ckout0_config                        0x0800245d   Thumb Code    36  gd32f30x_rcu.o(.text)
    rcu_pll_config                           0x08002481   Thumb Code    56  gd32f30x_rcu.o(.text)
    rcu_pllpresel_config                     0x080024b9   Thumb Code    44  gd32f30x_rcu.o(.text)
    rcu_predv0_config                        0x080024e5   Thumb Code    62  gd32f30x_rcu.o(.text)
    rcu_adc_clock_config                     0x08002525   Thumb Code   180  gd32f30x_rcu.o(.text)
    rcu_usb_clock_config                     0x080025d9   Thumb Code    36  gd32f30x_rcu.o(.text)
    rcu_rtc_clock_config                     0x080025fd   Thumb Code    36  gd32f30x_rcu.o(.text)
    rcu_ck48m_clock_config                   0x08002621   Thumb Code    36  gd32f30x_rcu.o(.text)
    rcu_lxtal_drive_capability_config        0x08002645   Thumb Code    36  gd32f30x_rcu.o(.text)
    rcu_flag_get                             0x08002669   Thumb Code    62  gd32f30x_rcu.o(.text)
    rcu_osci_on                              0x080026a9   Thumb Code    40  gd32f30x_rcu.o(.text)
    rcu_osci_off                             0x080026d1   Thumb Code    40  gd32f30x_rcu.o(.text)
    rcu_osci_bypass_mode_enable              0x080026f9   Thumb Code   134  gd32f30x_rcu.o(.text)
    rcu_osci_bypass_mode_disable             0x08002781   Thumb Code   134  gd32f30x_rcu.o(.text)
    rcu_irc8m_adjust_value_set               0x08002809   Thumb Code    42  gd32f30x_rcu.o(.text)
    rcu_hxtal_clock_monitor_enable           0x08002835   Thumb Code    18  gd32f30x_rcu.o(.text)
    rcu_hxtal_clock_monitor_disable          0x08002849   Thumb Code    18  gd32f30x_rcu.o(.text)
    rcu_deepsleep_voltage_set                0x0800285d   Thumb Code    28  gd32f30x_rcu.o(.text)
    rcu_clock_freq_get                       0x08002879   Thumb Code   494  gd32f30x_rcu.o(.text)
    rcu_all_reset_flag_clear                 0x08002a69   Thumb Code    18  gd32f30x_rcu.o(.text)
    rcu_interrupt_flag_get                   0x08002a7d   Thumb Code    62  gd32f30x_rcu.o(.text)
    rcu_interrupt_flag_clear                 0x08002abd   Thumb Code    40  gd32f30x_rcu.o(.text)
    rcu_interrupt_enable                     0x08002ae5   Thumb Code    40  gd32f30x_rcu.o(.text)
    rcu_interrupt_disable                    0x08002b0d   Thumb Code    40  gd32f30x_rcu.o(.text)
    rtc_interrupt_enable                     0x08002b35   Thumb Code    24  gd32f30x_rtc.o(.text)
    rtc_interrupt_disable                    0x08002b4d   Thumb Code    24  gd32f30x_rtc.o(.text)
    rtc_configuration_mode_enter             0x08002b65   Thumb Code    18  gd32f30x_rtc.o(.text)
    rtc_configuration_mode_exit              0x08002b79   Thumb Code    18  gd32f30x_rtc.o(.text)
    rtc_lwoff_wait                           0x08002b8d   Thumb Code    24  gd32f30x_rtc.o(.text)
    rtc_register_sync_wait                   0x08002ba5   Thumb Code    40  gd32f30x_rtc.o(.text)
    rtc_counter_get                          0x08002bcd   Thumb Code    42  gd32f30x_rtc.o(.text)
    rtc_counter_set                          0x08002bf9   Thumb Code    46  gd32f30x_rtc.o(.text)
    rtc_prescaler_set                        0x08002c29   Thumb Code    48  gd32f30x_rtc.o(.text)
    rtc_alarm_config                         0x08002c59   Thumb Code    46  gd32f30x_rtc.o(.text)
    rtc_divider_get                          0x08002c89   Thumb Code    46  gd32f30x_rtc.o(.text)
    rtc_flag_get                             0x08002cb9   Thumb Code    46  gd32f30x_rtc.o(.text)
    rtc_flag_clear                           0x08002ce9   Thumb Code    24  gd32f30x_rtc.o(.text)
    spi_i2s_deinit                           0x08002d01   Thumb Code   116  gd32f30x_spi.o(.text)
    spi_struct_para_init                     0x08002d75   Thumb Code    38  gd32f30x_spi.o(.text)
    spi_init                                 0x08002d9d   Thumb Code   114  gd32f30x_spi.o(.text)
    spi_enable                               0x08002e11   Thumb Code    18  gd32f30x_spi.o(.text)
    spi_disable                              0x08002e25   Thumb Code    18  gd32f30x_spi.o(.text)
    i2s_init                                 0x08002e39   Thumb Code    72  gd32f30x_spi.o(.text)
    i2s_psc_config                           0x08002e81   Thumb Code   246  gd32f30x_spi.o(.text)
    i2s_enable                               0x08002f79   Thumb Code    18  gd32f30x_spi.o(.text)
    i2s_disable                              0x08002f8d   Thumb Code    18  gd32f30x_spi.o(.text)
    spi_nss_output_enable                    0x08002fa1   Thumb Code    18  gd32f30x_spi.o(.text)
    spi_nss_output_disable                   0x08002fb5   Thumb Code    18  gd32f30x_spi.o(.text)
    spi_nss_internal_high                    0x08002fc9   Thumb Code    18  gd32f30x_spi.o(.text)
    spi_nss_internal_low                     0x08002fdd   Thumb Code    18  gd32f30x_spi.o(.text)
    spi_dma_enable                           0x08002ff1   Thumb Code    44  gd32f30x_spi.o(.text)
    spi_dma_disable                          0x0800301d   Thumb Code    44  gd32f30x_spi.o(.text)
    spi_i2s_data_frame_format_config         0x08003049   Thumb Code    34  gd32f30x_spi.o(.text)
    spi_i2s_data_transmit                    0x0800306d   Thumb Code    20  gd32f30x_spi.o(.text)
    spi_i2s_data_receive                     0x08003081   Thumb Code    14  gd32f30x_spi.o(.text)
    spi_bidirectional_transfer_config        0x08003091   Thumb Code    44  gd32f30x_spi.o(.text)
    spi_i2s_format_error_clear               0x080030bd   Thumb Code    18  gd32f30x_spi.o(.text)
    spi_crc_polynomial_set                   0x080030d1   Thumb Code    20  gd32f30x_spi.o(.text)
    spi_crc_polynomial_get                   0x080030e5   Thumb Code    14  gd32f30x_spi.o(.text)
    spi_crc_on                               0x080030f5   Thumb Code    18  gd32f30x_spi.o(.text)
    spi_crc_off                              0x08003109   Thumb Code    18  gd32f30x_spi.o(.text)
    spi_crc_next                             0x0800311d   Thumb Code    18  gd32f30x_spi.o(.text)
    spi_crc_get                              0x08003131   Thumb Code    44  gd32f30x_spi.o(.text)
    spi_crc_error_clear                      0x0800315d   Thumb Code    16  gd32f30x_spi.o(.text)
    spi_ti_mode_enable                       0x0800316d   Thumb Code    18  gd32f30x_spi.o(.text)
    spi_ti_mode_disable                      0x08003181   Thumb Code    18  gd32f30x_spi.o(.text)
    spi_nssp_mode_enable                     0x08003195   Thumb Code    18  gd32f30x_spi.o(.text)
    spi_nssp_mode_disable                    0x080031a9   Thumb Code    18  gd32f30x_spi.o(.text)
    spi_quad_enable                          0x080031bd   Thumb Code    22  gd32f30x_spi.o(.text)
    spi_quad_disable                         0x080031d5   Thumb Code    22  gd32f30x_spi.o(.text)
    spi_quad_write_enable                    0x080031ed   Thumb Code    22  gd32f30x_spi.o(.text)
    spi_quad_read_enable                     0x08003205   Thumb Code    22  gd32f30x_spi.o(.text)
    spi_quad_io23_output_enable              0x0800321d   Thumb Code    22  gd32f30x_spi.o(.text)
    spi_quad_io23_output_disable             0x08003235   Thumb Code    22  gd32f30x_spi.o(.text)
    spi_i2s_interrupt_enable                 0x0800324d   Thumb Code    78  gd32f30x_spi.o(.text)
    spi_i2s_interrupt_disable                0x0800329d   Thumb Code    78  gd32f30x_spi.o(.text)
    spi_i2s_interrupt_flag_get               0x080032ed   Thumb Code   210  gd32f30x_spi.o(.text)
    spi_i2s_flag_get                         0x080033c1   Thumb Code    42  gd32f30x_spi.o(.text)
    usart_deinit                             0x080033ed   Thumb Code   184  gd32f30x_usart.o(.text)
    usart_baudrate_set                       0x080034a5   Thumb Code   202  gd32f30x_usart.o(.text)
    usart_parity_config                      0x08003571   Thumb Code    30  gd32f30x_usart.o(.text)
    usart_word_length_set                    0x08003591   Thumb Code    30  gd32f30x_usart.o(.text)
    usart_stop_bit_set                       0x080035b1   Thumb Code    30  gd32f30x_usart.o(.text)
    usart_enable                             0x080035d1   Thumb Code    18  gd32f30x_usart.o(.text)
    usart_disable                            0x080035e5   Thumb Code    18  gd32f30x_usart.o(.text)
    usart_transmit_config                    0x080035f9   Thumb Code    34  gd32f30x_usart.o(.text)
    usart_receive_config                     0x0800361d   Thumb Code    34  gd32f30x_usart.o(.text)
    usart_data_first_config                  0x08003641   Thumb Code    38  gd32f30x_usart.o(.text)
    usart_invert_config                      0x08003669   Thumb Code   134  gd32f30x_usart.o(.text)
    usart_receiver_timeout_enable            0x080036f1   Thumb Code    22  gd32f30x_usart.o(.text)
    usart_receiver_timeout_disable           0x08003709   Thumb Code    22  gd32f30x_usart.o(.text)
    usart_receiver_timeout_threshold_config  0x08003721   Thumb Code    38  gd32f30x_usart.o(.text)
    usart_data_transmit                      0x08003749   Thumb Code    24  gd32f30x_usart.o(.text)
    usart_data_receive                       0x08003761   Thumb Code    16  gd32f30x_usart.o(.text)
    usart_address_config                     0x08003771   Thumb Code    38  gd32f30x_usart.o(.text)
    usart_mute_mode_enable                   0x08003799   Thumb Code    18  gd32f30x_usart.o(.text)
    usart_mute_mode_disable                  0x080037ad   Thumb Code    18  gd32f30x_usart.o(.text)
    usart_mute_mode_wakeup_config            0x080037c1   Thumb Code    30  gd32f30x_usart.o(.text)
    usart_lin_mode_enable                    0x080037e1   Thumb Code    18  gd32f30x_usart.o(.text)
    usart_lin_mode_disable                   0x080037f5   Thumb Code    18  gd32f30x_usart.o(.text)
    usart_lin_break_detection_length_config  0x08003809   Thumb Code    34  gd32f30x_usart.o(.text)
    usart_send_break                         0x0800382d   Thumb Code    18  gd32f30x_usart.o(.text)
    usart_halfduplex_enable                  0x08003841   Thumb Code    18  gd32f30x_usart.o(.text)
    usart_halfduplex_disable                 0x08003855   Thumb Code    18  gd32f30x_usart.o(.text)
    usart_synchronous_clock_enable           0x08003869   Thumb Code    18  gd32f30x_usart.o(.text)
    usart_synchronous_clock_disable          0x0800387d   Thumb Code    18  gd32f30x_usart.o(.text)
    usart_synchronous_clock_config           0x08003891   Thumb Code    54  gd32f30x_usart.o(.text)
    usart_guard_time_config                  0x080038c9   Thumb Code    36  gd32f30x_usart.o(.text)
    usart_smartcard_mode_enable              0x080038ed   Thumb Code    18  gd32f30x_usart.o(.text)
    usart_smartcard_mode_disable             0x08003901   Thumb Code    18  gd32f30x_usart.o(.text)
    usart_smartcard_mode_nack_enable         0x08003915   Thumb Code    18  gd32f30x_usart.o(.text)
    usart_smartcard_mode_nack_disable        0x08003929   Thumb Code    18  gd32f30x_usart.o(.text)
    usart_smartcard_autoretry_config         0x0800393d   Thumb Code    48  gd32f30x_usart.o(.text)
    usart_block_length_config                0x0800396d   Thumb Code    44  gd32f30x_usart.o(.text)
    usart_irda_mode_enable                   0x08003999   Thumb Code    18  gd32f30x_usart.o(.text)
    usart_irda_mode_disable                  0x080039ad   Thumb Code    18  gd32f30x_usart.o(.text)
    usart_prescaler_config                   0x080039c1   Thumb Code    34  gd32f30x_usart.o(.text)
    usart_irda_lowpower_config               0x080039e5   Thumb Code    34  gd32f30x_usart.o(.text)
    usart_hardware_flow_rts_config           0x08003a09   Thumb Code    34  gd32f30x_usart.o(.text)
    usart_hardware_flow_cts_config           0x08003a2d   Thumb Code    34  gd32f30x_usart.o(.text)
    usart_dma_receive_config                 0x08003a51   Thumb Code    38  gd32f30x_usart.o(.text)
    usart_dma_transmit_config                0x08003a79   Thumb Code    38  gd32f30x_usart.o(.text)
    usart_flag_get                           0x08003aa1   Thumb Code    58  gd32f30x_usart.o(.text)
    usart_flag_clear                         0x08003add   Thumb Code    32  gd32f30x_usart.o(.text)
    usart_interrupt_enable                   0x08003afd   Thumb Code    36  gd32f30x_usart.o(.text)
    usart_interrupt_disable                  0x08003b21   Thumb Code    36  gd32f30x_usart.o(.text)
    usart_interrupt_flag_get                 0x08003b45   Thumb Code    94  gd32f30x_usart.o(.text)
    usart_interrupt_flag_clear               0x08003ba5   Thumb Code    28  gd32f30x_usart.o(.text)
    Reset_Handler                            0x08003bc1   Thumb Code     8  startup_gd32f30x_hd.o(.text)
    ADC0_1_IRQHandler                        0x08003bdb   Thumb Code     0  startup_gd32f30x_hd.o(.text)
    ADC2_IRQHandler                          0x08003bdb   Thumb Code     0  startup_gd32f30x_hd.o(.text)
    CAN0_EWMC_IRQHandler                     0x08003bdb   Thumb Code     0  startup_gd32f30x_hd.o(.text)
    CAN0_RX1_IRQHandler                      0x08003bdb   Thumb Code     0  startup_gd32f30x_hd.o(.text)
    DMA0_Channel0_IRQHandler                 0x08003bdb   Thumb Code     0  startup_gd32f30x_hd.o(.text)
    DMA0_Channel1_IRQHandler                 0x08003bdb   Thumb Code     0  startup_gd32f30x_hd.o(.text)
    DMA0_Channel2_IRQHandler                 0x08003bdb   Thumb Code     0  startup_gd32f30x_hd.o(.text)
    DMA0_Channel3_IRQHandler                 0x08003bdb   Thumb Code     0  startup_gd32f30x_hd.o(.text)
    DMA0_Channel4_IRQHandler                 0x08003bdb   Thumb Code     0  startup_gd32f30x_hd.o(.text)
    DMA0_Channel5_IRQHandler                 0x08003bdb   Thumb Code     0  startup_gd32f30x_hd.o(.text)
    DMA0_Channel6_IRQHandler                 0x08003bdb   Thumb Code     0  startup_gd32f30x_hd.o(.text)
    DMA1_Channel0_IRQHandler                 0x08003bdb   Thumb Code     0  startup_gd32f30x_hd.o(.text)
    DMA1_Channel1_IRQHandler                 0x08003bdb   Thumb Code     0  startup_gd32f30x_hd.o(.text)
    DMA1_Channel2_IRQHandler                 0x08003bdb   Thumb Code     0  startup_gd32f30x_hd.o(.text)
    DMA1_Channel3_4_IRQHandler               0x08003bdb   Thumb Code     0  startup_gd32f30x_hd.o(.text)
    EXMC_IRQHandler                          0x08003bdb   Thumb Code     0  startup_gd32f30x_hd.o(.text)
    EXTI0_IRQHandler                         0x08003bdb   Thumb Code     0  startup_gd32f30x_hd.o(.text)
    EXTI1_IRQHandler                         0x08003bdb   Thumb Code     0  startup_gd32f30x_hd.o(.text)
    EXTI2_IRQHandler                         0x08003bdb   Thumb Code     0  startup_gd32f30x_hd.o(.text)
    EXTI3_IRQHandler                         0x08003bdb   Thumb Code     0  startup_gd32f30x_hd.o(.text)
    EXTI5_9_IRQHandler                       0x08003bdb   Thumb Code     0  startup_gd32f30x_hd.o(.text)
    FMC_IRQHandler                           0x08003bdb   Thumb Code     0  startup_gd32f30x_hd.o(.text)
    I2C0_ER_IRQHandler                       0x08003bdb   Thumb Code     0  startup_gd32f30x_hd.o(.text)
    I2C0_EV_IRQHandler                       0x08003bdb   Thumb Code     0  startup_gd32f30x_hd.o(.text)
    I2C1_ER_IRQHandler                       0x08003bdb   Thumb Code     0  startup_gd32f30x_hd.o(.text)
    I2C1_EV_IRQHandler                       0x08003bdb   Thumb Code     0  startup_gd32f30x_hd.o(.text)
    LVD_IRQHandler                           0x08003bdb   Thumb Code     0  startup_gd32f30x_hd.o(.text)
    RCU_CTC_IRQHandler                       0x08003bdb   Thumb Code     0  startup_gd32f30x_hd.o(.text)
    RTC_Alarm_IRQHandler                     0x08003bdb   Thumb Code     0  startup_gd32f30x_hd.o(.text)
    SDIO_IRQHandler                          0x08003bdb   Thumb Code     0  startup_gd32f30x_hd.o(.text)
    SPI0_IRQHandler                          0x08003bdb   Thumb Code     0  startup_gd32f30x_hd.o(.text)
    SPI1_IRQHandler                          0x08003bdb   Thumb Code     0  startup_gd32f30x_hd.o(.text)
    SPI2_IRQHandler                          0x08003bdb   Thumb Code     0  startup_gd32f30x_hd.o(.text)
    TAMPER_IRQHandler                        0x08003bdb   Thumb Code     0  startup_gd32f30x_hd.o(.text)
    TIMER0_BRK_IRQHandler                    0x08003bdb   Thumb Code     0  startup_gd32f30x_hd.o(.text)
    TIMER0_Channel_IRQHandler                0x08003bdb   Thumb Code     0  startup_gd32f30x_hd.o(.text)
    TIMER0_TRG_CMT_IRQHandler                0x08003bdb   Thumb Code     0  startup_gd32f30x_hd.o(.text)
    TIMER0_UP_IRQHandler                     0x08003bdb   Thumb Code     0  startup_gd32f30x_hd.o(.text)
    TIMER1_IRQHandler                        0x08003bdb   Thumb Code     0  startup_gd32f30x_hd.o(.text)
    TIMER2_IRQHandler                        0x08003bdb   Thumb Code     0  startup_gd32f30x_hd.o(.text)
    TIMER3_IRQHandler                        0x08003bdb   Thumb Code     0  startup_gd32f30x_hd.o(.text)
    TIMER4_IRQHandler                        0x08003bdb   Thumb Code     0  startup_gd32f30x_hd.o(.text)
    TIMER5_IRQHandler                        0x08003bdb   Thumb Code     0  startup_gd32f30x_hd.o(.text)
    TIMER6_IRQHandler                        0x08003bdb   Thumb Code     0  startup_gd32f30x_hd.o(.text)
    TIMER7_BRK_IRQHandler                    0x08003bdb   Thumb Code     0  startup_gd32f30x_hd.o(.text)
    TIMER7_Channel_IRQHandler                0x08003bdb   Thumb Code     0  startup_gd32f30x_hd.o(.text)
    TIMER7_TRG_CMT_IRQHandler                0x08003bdb   Thumb Code     0  startup_gd32f30x_hd.o(.text)
    TIMER7_UP_IRQHandler                     0x08003bdb   Thumb Code     0  startup_gd32f30x_hd.o(.text)
    UART3_IRQHandler                         0x08003bdb   Thumb Code     0  startup_gd32f30x_hd.o(.text)
    UART4_IRQHandler                         0x08003bdb   Thumb Code     0  startup_gd32f30x_hd.o(.text)
    USART0_IRQHandler                        0x08003bdb   Thumb Code     0  startup_gd32f30x_hd.o(.text)
    USART1_IRQHandler                        0x08003bdb   Thumb Code     0  startup_gd32f30x_hd.o(.text)
    USART2_IRQHandler                        0x08003bdb   Thumb Code     0  startup_gd32f30x_hd.o(.text)
    USBD_HP_CAN0_TX_IRQHandler               0x08003bdb   Thumb Code     0  startup_gd32f30x_hd.o(.text)
    USBD_LP_CAN0_RX0_IRQHandler              0x08003bdb   Thumb Code     0  startup_gd32f30x_hd.o(.text)
    USBD_WKUP_IRQHandler                     0x08003bdb   Thumb Code     0  startup_gd32f30x_hd.o(.text)
    WWDGT_IRQHandler                         0x08003bdb   Thumb Code     0  startup_gd32f30x_hd.o(.text)
    RadioInit                                0x08003be5   Thumb Code   196  radio.o(.text)
    RadioGetStatus                           0x08003ca9   Thumb Code    74  radio.o(.text)
    RadioSetModem                            0x08003cf5   Thumb Code   118  radio.o(.text)
    RadioSetChannel                          0x08003d6d   Thumb Code    16  radio.o(.text)
    RadioIsChannelFree                       0x08003d7d   Thumb Code   170  radio.o(.text)
    RadioRandom                              0x08003e29   Thumb Code    40  radio.o(.text)
    RadioSetRxConfig                         0x08003e51   Thumb Code   862  radio.o(.text)
    RadioSetTxConfig                         0x080041b1   Thumb Code   738  radio.o(.text)
    RadioSetRxConfig_meter                   0x08004495   Thumb Code   564  radio.o(.text)
    RadioSetTxConfig_meter                   0x080046c9   Thumb Code   514  radio.o(.text)
    RadioCheckRfFrequency                    0x080048cd   Thumb Code    10  radio.o(.text)
    RadioTimeOnAir                           0x080048d9   Thumb Code   230  radio.o(.text)
    RadioSend                                0x080049c1   Thumb Code    98  radio.o(.text)
    RadioSleep                               0x08004a25   Thumb Code    46  radio.o(.text)
    RadioStandby                             0x08004a55   Thumb Code    10  radio.o(.text)
    RadioRx                                  0x08004a61   Thumb Code    74  radio.o(.text)
    RadioStartCad                            0x08004aad   Thumb Code    22  radio.o(.text)
    RadioSetTxContinuousWave                 0x08004ac5   Thumb Code    48  radio.o(.text)
    RadioRssi                                0x08004af5   Thumb Code    16  radio.o(.text)
    RadioWrite                               0x08004b05   Thumb Code    26  radio.o(.text)
    RadioRead                                0x08004b21   Thumb Code    18  radio.o(.text)
    RadioWriteBuffer                         0x08004b35   Thumb Code    30  radio.o(.text)
    RadioReadBuffer                          0x08004b55   Thumb Code    30  radio.o(.text)
    RadioSetMaxPayloadLength                 0x08004b75   Thumb Code   110  radio.o(.text)
    RadioSetPublicNetwork                    0x08004be5   Thumb Code    98  radio.o(.text)
    RadioGetWakeupTime                       0x08004c49   Thumb Code    10  radio.o(.text)
    RadioIrqProcess                          0x08004c55   Thumb Code   750  radio.o(.text)
    RadioRxBoosted                           0x08004f45   Thumb Code    76  radio.o(.text)
    RadioSetRxDutyCycle                      0x08004f91   Thumb Code    20  radio.o(.text)
    RadioOnDioIrq                            0x08004fa5   Thumb Code    20  radio.o(.text)
    RadioAddRegisterToRetentionList          0x08004fb9   Thumb Code   176  radio.o(.text)
    RadioSetTxInfinitePreamble               0x08005321   Thumb Code    48  radio.o(.text)
    RadioOnTxTimeoutIrq                      0x08005351   Thumb Code    56  radio.o(.text)
    RadioOnRxTimeoutIrq                      0x08005389   Thumb Code    56  radio.o(.text)
    on_rx_done                               0x080053c1   Thumb Code    16  radio.o(.text)
    on_rx_timeout                            0x080053f1   Thumb Code    16  radio.o(.text)
    on_syncword_valid                        0x08005401   Thumb Code    16  radio.o(.text)
    on_tx_done                               0x08005411   Thumb Code    16  radio.o(.text)
    on_header_valid                          0x08005421   Thumb Code    16  radio.o(.text)
    on_header_error                          0x08005431   Thumb Code     2  radio.o(.text)
    on_crc_error                             0x08005435   Thumb Code     2  radio.o(.text)
    on_rx_error                              0x08005439   Thumb Code     2  radio.o(.text)
    on_fhss_hop_done                         0x0800543d   Thumb Code     2  radio.o(.text)
    Radio_Set_Private_Network                0x08005441   Thumb Code    34  radio.o(.text)
    SX126xInit                               0x08005465   Thumb Code    58  sx126x.o(.text)
    SX126xSetStandby                         0x080054a1   Thumb Code    48  sx126x.o(.text)
    SX126xCheckDeviceReady                   0x080054d1   Thumb Code    36  sx126x.o(.text)
    SX126xSetPayload                         0x080054f5   Thumb Code    26  sx126x.o(.text)
    SX126xGetPayload                         0x08005511   Thumb Code    80  sx126x.o(.text)
    SX126xGetRxBufferStatus                  0x08005561   Thumb Code    82  sx126x.o(.text)
    SX126xSendPayload                        0x080055b5   Thumb Code    32  sx126x.o(.text)
    SX126xSetTx                              0x080055d5   Thumb Code    50  sx126x.o(.text)
    SX126xSetSyncWord                        0x08005609   Thumb Code    24  sx126x.o(.text)
    SX126xSetCrcSeed                         0x08005621   Thumb Code    52  sx126x.o(.text)
    SX126xGetPacketType                      0x08005655   Thumb Code    12  sx126x.o(.text)
    SX126xSetCrcPolynomial                   0x08005661   Thumb Code    52  sx126x.o(.text)
    SX126xSetWhiteningSeed                   0x08005695   Thumb Code    90  sx126x.o(.text)
    SX126xGetRandom                          0x080056f1   Thumb Code   130  sx126x.o(.text)
    SX126xSetRx                              0x08005775   Thumb Code    60  sx126x.o(.text)
    SX126xSetSleep                           0x080057b1   Thumb Code    94  sx126x.o(.text)
    SX126xSetFs                              0x08005811   Thumb Code    20  sx126x.o(.text)
    SX126xSetRxBoosted                       0x08005825   Thumb Code    60  sx126x.o(.text)
    SX126xSetRxDutyCycle                     0x08005861   Thumb Code    76  sx126x.o(.text)
    SX126xSetCad                             0x080058ad   Thumb Code    20  sx126x.o(.text)
    SX126xSetTxContinuousWave                0x080058c1   Thumb Code    20  sx126x.o(.text)
    SX126xSetTxInfinitePreamble              0x080058d5   Thumb Code    20  sx126x.o(.text)
    SX126xSetStopRxTimerOnPreambleDetect     0x080058e9   Thumb Code    24  sx126x.o(.text)
    SX126xSetLoRaSymbNumTimeout              0x08005901   Thumb Code   158  sx126x.o(.text)
    SX126xSetRegulatorMode                   0x080059a1   Thumb Code    24  sx126x.o(.text)
    SX126xCalibrate                          0x080059b9   Thumb Code    90  sx126x.o(.text)
    SX126xCalibrateImage                     0x08005a15   Thumb Code   180  sx126x.o(.text)
    SX126xSetPaConfig                        0x08005ac9   Thumb Code    66  sx126x.o(.text)
    SX126xSetRxTxFallbackMode                0x08005b0d   Thumb Code    24  sx126x.o(.text)
    SX126xSetDioIrqParams                    0x08005b25   Thumb Code    98  sx126x.o(.text)
    SX126xGetIrqStatus                       0x08005b89   Thumb Code    26  sx126x.o(.text)
    SX126xSetDio2AsRfSwitchCtrl              0x08005ba5   Thumb Code    24  sx126x.o(.text)
    SX126xSetDio3AsTcxoCtrl                  0x08005bbd   Thumb Code    58  sx126x.o(.text)
    SX126xSetRfFrequency                     0x08005bf9   Thumb Code   128  sx126x.o(.text)
    SX126xSetPacketType                      0x08005cb9   Thumb Code    38  sx126x.o(.text)
    SX126xSetTxParams                        0x08005ce1   Thumb Code   126  sx126x.o(.text)
    SX126xSetModulationParams                0x08005d61   Thumb Code   238  sx126x.o(.text)
    SX126xSetPacketParams                    0x08005e51   Thumb Code   326  sx126x.o(.text)
    SX126xSetCadParams                       0x08005f99   Thumb Code   102  sx126x.o(.text)
    SX126xSetBufferBaseAddress               0x08006001   Thumb Code    42  sx126x.o(.text)
    SX126xGetStatus                          0x0800602d   Thumb Code    78  sx126x.o(.text)
    SX126xGetRssiInst                        0x0800607d   Thumb Code    42  sx126x.o(.text)
    SX126xGetPacketStatus                    0x080060a9   Thumb Code   174  sx126x.o(.text)
    SX126xGetDeviceErrors                    0x08006159   Thumb Code   210  sx126x.o(.text)
    SX126xClearDeviceErrors                  0x0800622d   Thumb Code    26  sx126x.o(.text)
    SX126xClearIrqStatus                     0x08006249   Thumb Code    38  sx126x.o(.text)
    Gpio_Init                                0x08006271   Thumb Code   278  gd32f303rct6_board.o(.text)
    soft_spi_init                            0x08006389   Thumb Code   102  gd32f303rct6_board.o(.text)
    Spi_Init                                 0x080063f1   Thumb Code   114  gd32f303rct6_board.o(.text)
    Usart_Init                               0x08006465   Thumb Code   108  gd32f303rct6_board.o(.text)
    LED_On                                   0x080064d1   Thumb Code    46  gd32f303rct6_board.o(.text)
    LED_Off                                  0x08006501   Thumb Code    46  gd32f303rct6_board.o(.text)
    EXTI4_IRQHandler                         0x08006531   Thumb Code    34  gd32f303rct6_board.o(.text)
    EXTI10_15_IRQHandler                     0x08006555   Thumb Code    38  gd32f303rct6_board.o(.text)
    DelayMs                                  0x0800657d   Thumb Code    16  gd32f303rct6_board.o(.text)
    GpioWrite                                0x0800658d   Thumb Code   246  gd32f303rct6_board.o(.text)
    GpioRead                                 0x08006685   Thumb Code    68  gd32f303rct6_board.o(.text)
    SpiInOut1                                0x080066c9   Thumb Code   100  gd32f303rct6_board.o(.text)
    spi_clock_delay                          0x0800672d   Thumb Code    38  gd32f303rct6_board.o(.text)
    SpiInOut                                 0x08006755   Thumb Code   172  gd32f303rct6_board.o(.text)
    Sw1179_To_Tx                             0x08006801   Thumb Code    18  gd32f303rct6_board.o(.text)
    Sw1179_To_Rx                             0x08006815   Thumb Code    18  gd32f303rct6_board.o(.text)
    PA30dbm_To_Tx                            0x08006829   Thumb Code    36  gd32f303rct6_board.o(.text)
    PA30dbm_To_Rx                            0x0800684d   Thumb Code    36  gd32f303rct6_board.o(.text)
    nvic_configuration                       0x08006871   Thumb Code    22  gd32f303rct6_board.o(.text)
    rtc_configuration                        0x08006889   Thumb Code    96  gd32f303rct6_board.o(.text)
    time_set                                 0x080068e9   Thumb Code    18  gd32f303rct6_board.o(.text)
    rtc_set_alarm                            0x080068fd   Thumb Code    28  gd32f303rct6_board.o(.text)
    rtc_reset_alarm                          0x08006919   Thumb Code    10  gd32f303rct6_board.o(.text)
    iwdg_config                              0x08006925   Thumb Code    46  gd32f303rct6_board.o(.text)
    iwdg_feed                                0x08006955   Thumb Code     8  gd32f303rct6_board.o(.text)
    SX126xIoInit                             0x0800695d   Thumb Code     2  sx1262-board.o(.text)
    SX126xIoIrqInit                          0x08006961   Thumb Code     8  sx1262-board.o(.text)
    SX126xIoDeInit                           0x08006969   Thumb Code     2  sx1262-board.o(.text)
    SX126xIoDbgInit                          0x0800696d   Thumb Code     2  sx1262-board.o(.text)
    SX126xIoTcxoInit                         0x08006971   Thumb Code     2  sx1262-board.o(.text)
    SX126xGetBoardTcxoWakeupTime             0x08006975   Thumb Code     4  sx1262-board.o(.text)
    SX126xIoRfSwitchInit                     0x08006979   Thumb Code    10  sx1262-board.o(.text)
    SX126xGetOperatingMode                   0x08006985   Thumb Code    12  sx1262-board.o(.text)
    SX126xSetOperatingMode                   0x08006991   Thumb Code    24  sx1262-board.o(.text)
    SX126xReset                              0x080069a9   Thumb Code    52  sx1262-board.o(.text)
    SX126xWaitOnBusy                         0x080069dd   Thumb Code    28  sx1262-board.o(.text)
    SX126xWakeup                             0x080069f9   Thumb Code    70  sx1262-board.o(.text)
    SX126xWriteCommand                       0x08006a41   Thumb Code   144  sx1262-board.o(.text)
    SX126xReadCommand                        0x08006ad1   Thumb Code   160  sx1262-board.o(.text)
    SX126xWriteRegisters                     0x08006b71   Thumb Code   152  sx1262-board.o(.text)
    SX126xWriteRegister                      0x08006c09   Thumb Code    30  sx1262-board.o(.text)
    SX126xReadRegisters                      0x08006c29   Thumb Code   162  sx1262-board.o(.text)
    SX126xReadRegister                       0x08006ccd   Thumb Code    30  sx1262-board.o(.text)
    SX126xWriteBuffer                        0x08006ced   Thumb Code   142  sx1262-board.o(.text)
    SX126xReadBuffer                         0x08006d7d   Thumb Code   152  sx1262-board.o(.text)
    SX126xSetRfTxPower                       0x08006e15   Thumb Code    22  sx1262-board.o(.text)
    SX126xGetDeviceId                        0x08006e2d   Thumb Code     4  sx1262-board.o(.text)
    SX126xAntSwOn                            0x08006e31   Thumb Code     2  sx1262-board.o(.text)
    SX126xAntSwOff                           0x08006e35   Thumb Code     2  sx1262-board.o(.text)
    SX126xCheckRfFrequency                   0x08006e39   Thumb Code    10  sx1262-board.o(.text)
    SX126xGetDio1PinState                    0x08006e45   Thumb Code    18  sx1262-board.o(.text)
    register_test                            0x08006e59   Thumb Code   156  sx1262-board.o(.text)
    __aeabi_memcpy                           0x08006ef5   Thumb Code    36  memcpya.o(.text)
    __aeabi_memcpy4                          0x08006ef5   Thumb Code     0  memcpya.o(.text)
    __aeabi_memcpy8                          0x08006ef5   Thumb Code     0  memcpya.o(.text)
    strcpy                                   0x08006f19   Thumb Code    18  strcpy.o(.text)
    __aeabi_uidiv                            0x08006f2b   Thumb Code     0  uidiv.o(.text)
    __aeabi_uidivmod                         0x08006f2b   Thumb Code    44  uidiv.o(.text)
    __aeabi_uldivmod                         0x08006f57   Thumb Code    98  uldiv.o(.text)
    __I$use$fp                               0x08006fb9   Thumb Code     0  iusefp.o(.text)
    __aeabi_dadd                             0x08006fb9   Thumb Code   322  dadd.o(.text)
    __aeabi_dsub                             0x080070fb   Thumb Code     6  dadd.o(.text)
    __aeabi_drsub                            0x08007101   Thumb Code     6  dadd.o(.text)
    __aeabi_dmul                             0x08007107   Thumb Code   228  dmul.o(.text)
    __aeabi_ddiv                             0x080071eb   Thumb Code   222  ddiv.o(.text)
    __aeabi_d2ulz                            0x080072c9   Thumb Code    48  dfixul.o(.text)
    __aeabi_cdrcmple                         0x080072f9   Thumb Code    48  cdrcmple.o(.text)
    __scatterload                            0x08007329   Thumb Code    28  init.o(.text)
    __scatterload_rt2                        0x08007329   Thumb Code     0  init.o(.text)
    __aeabi_llsl                             0x0800734d   Thumb Code    30  llshl.o(.text)
    _ll_shift_l                              0x0800734d   Thumb Code     0  llshl.o(.text)
    __aeabi_llsr                             0x0800736b   Thumb Code    32  llushr.o(.text)
    _ll_ushift_r                             0x0800736b   Thumb Code     0  llushr.o(.text)
    __aeabi_lasr                             0x0800738b   Thumb Code    36  llsshr.o(.text)
    _ll_sshift_r                             0x0800738b   Thumb Code     0  llsshr.o(.text)
    _double_round                            0x080073af   Thumb Code    30  depilogue.o(.text)
    _double_epilogue                         0x080073cd   Thumb Code   156  depilogue.o(.text)
    __0printf                                0x08007469   Thumb Code    22  printfa.o(i.__0printf)
    __1printf                                0x08007469   Thumb Code     0  printfa.o(i.__0printf)
    __2printf                                0x08007469   Thumb Code     0  printfa.o(i.__0printf)
    __c89printf                              0x08007469   Thumb Code     0  printfa.o(i.__0printf)
    printf                                   0x08007469   Thumb Code     0  printfa.o(i.__0printf)
    __scatterload_copy                       0x08007489   Thumb Code    14  handlers.o(i.__scatterload_copy)
    __scatterload_null                       0x08007497   Thumb Code     2  handlers.o(i.__scatterload_null)
    __scatterload_zeroinit                   0x08007499   Thumb Code    14  handlers.o(i.__scatterload_zeroinit)
    Bandwidths                               0x08007d5a   Data           3  radio.o(.rodata.Bandwidths)
    FskBandwidths                            0x08007d60   Data         176  radio.o(.rodata.FskBandwidths)
    Radio                                    0x08007e10   Data         116  radio.o(.rodata.Radio)
    Region$$Table$$Base                      0x0800816c   Number         0  anon$$obj.o(Region$$Table)
    Region$$Table$$Limit                     0x0800818c   Number         0  anon$$obj.o(Region$$Table)
    __stdout                                 0x20000000   Data           4  stdout.o(.data)
    BufferSize                               0x20000004   Data           2  main.o(.data.BufferSize)
    Led_Rx                                   0x20000006   Data           2  gd32f303rct6_board.o(.data.Led_Rx)
    MaxPayloadLength                         0x20000008   Data           1  radio.o(.data.MaxPayloadLength)
    Pa_rx_en                                 0x2000000c   Data           4  gd32f303rct6_board.o(.data.Pa_rx_en)
    Pa_tx_en                                 0x20000010   Data           4  gd32f303rct6_board.o(.data.Pa_tx_en)
    SX126x                                   0x20000014   Data          76  radio.o(.data.SX126x)
    SystemCoreClock                          0x20000060   Data           4  system_gd32f30x.o(.data.SystemCoreClock)
    sw1179_pin                               0x20000064   Data           2  gd32f303rct6_board.o(.data.sw1179_pin)
    Buffer                                   0x20000068   Data         255  main.o(.bss.Buffer)
    FrequencyError                           0x20000168   Data           4  sx126x.o(.bss.FrequencyError)
    IrqFired                                 0x2000016d   Data           1  radio.o(.bss.IrqFired)
    Led_Tx                                   0x2000016e   Data           2  gd32f303rct6_board.o(.bss.Led_Tx)
    RadioPktStatus                           0x2000019c   Data          20  radio.o(.bss.RadioPktStatus)
    RadioRxPayload                           0x200001b2   Data         255  radio.o(.bss.RadioRxPayload)
    RssiValue                                0x200002b1   Data           1  main.o(.bss.RssiValue)
    RxContinuous                             0x200002b2   Data           1  radio.o(.bss.RxContinuous)
    RxTimeout                                0x200002b4   Data           4  radio.o(.bss.RxTimeout)
    SnrValue                                 0x200002b8   Data           1  main.o(.bss.SnrValue)
    State                                    0x200002b9   Data           1  main.o(.bss.State)
    TxTimeout                                0x200002bc   Data           4  radio.o(.bss.TxTimeout)
    user_pressed                             0x200002d4   Data           1  main.o(.bss.user_pressed)
    __initial_sp                             0x200006d8   Data           0  startup_gd32f30x_hd.o(STACK)



==============================================================================

Memory Map of the image

  Image Entry point : 0x08000131

  Load Region LR_IROM1 (Base: 0x08000000, Size: 0x000081f8, Max: 0x00080000, ABSOLUTE)

    Execution Region ER_IROM1 (Exec base: 0x08000000, Load base: 0x08000000, Size: 0x0000818c, Max: 0x00080000, ABSOLUTE)

    Exec Addr    Load Addr    Size         Type   Attr      Idx    E Section Name        Object

    0x08000000   0x08000000   0x00000130   Data   RO          213    RESET               startup_gd32f30x_hd.o
    0x08000130   0x08000130   0x00000000   Code   RO          277  * .ARM.Collect$$$$00000000  mc_w.l(entry.o)
    0x08000130   0x08000130   0x00000004   Code   RO          314    .ARM.Collect$$$$00000001  mc_w.l(entry2.o)
    0x08000134   0x08000134   0x00000004   Code   RO          317    .ARM.Collect$$$$00000004  mc_w.l(entry5.o)
    0x08000138   0x08000138   0x00000000   Code   RO          319    .ARM.Collect$$$$00000008  mc_w.l(entry7b.o)
    0x08000138   0x08000138   0x00000000   Code   RO          321    .ARM.Collect$$$$0000000A  mc_w.l(entry8b.o)
    0x08000138   0x08000138   0x00000008   Code   RO          322    .ARM.Collect$$$$0000000B  mc_w.l(entry9a.o)
    0x08000140   0x08000140   0x00000000   Code   RO          324    .ARM.Collect$$$$0000000D  mc_w.l(entry10a.o)
    0x08000140   0x08000140   0x00000000   Code   RO          326    .ARM.Collect$$$$0000000F  mc_w.l(entry11a.o)
    0x08000140   0x08000140   0x00000004   Code   RO          315    .ARM.Collect$$$$00002712  mc_w.l(entry2.o)
    0x08000144   0x08000144   0x00000078   Code   RO            1    .text               gd32f30x_it.o
    0x080001bc   0x080001bc   0x000004d0   Code   RO            9    .text               main.o
    0x0800068c   0x0800068c   0x00000114   Code   RO           29    .text               systick.o
    0x080007a0   0x080007a0   0x000003e8   Code   RO           37    .text               system_gd32f30x.o
    0x08000b88   0x08000b88   0x0000035c   Code   RO           53    .text               gd32f30x_bkp.o
    0x08000ee4   0x08000ee4   0x0000025c   Code   RO          110    .text               gd32f30x_exti.o
    0x08001140   0x08001140   0x00000282   Code   RO          124    .text               gd32f30x_fwdgt.o
    0x080013c2   0x080013c2   0x00000002   PAD
    0x080013c4   0x080013c4   0x00000632   Code   RO          131    .text               gd32f30x_gpio.o
    0x080019f6   0x080019f6   0x00000002   PAD
    0x080019f8   0x080019f8   0x00000204   Code   RO          145    .text               gd32f30x_misc.o
    0x08001bfc   0x08001bfc   0x000003e2   Code   RO          152    .text               gd32f30x_pmu.o
    0x08001fde   0x08001fde   0x00000002   PAD
    0x08001fe0   0x08001fe0   0x00000b54   Code   RO          160    .text               gd32f30x_rcu.o
    0x08002b34   0x08002b34   0x000001cc   Code   RO          169    .text               gd32f30x_rtc.o
    0x08002d00   0x08002d00   0x000006ea   Code   RO          183    .text               gd32f30x_spi.o
    0x080033ea   0x080033ea   0x00000002   PAD
    0x080033ec   0x080033ec   0x000007d4   Code   RO          197    .text               gd32f30x_usart.o
    0x08003bc0   0x08003bc0   0x00000024   Code   RO          214    .text               startup_gd32f30x_hd.o
    0x08003be4   0x08003be4   0x0000187e   Code   RO          220    .text               radio.o
    0x08005462   0x08005462   0x00000002   PAD
    0x08005464   0x08005464   0x00000e0a   Code   RO          241    .text               sx126x.o
    0x0800626e   0x0800626e   0x00000002   PAD
    0x08006270   0x08006270   0x000006ec   Code   RO          253    .text               gd32f303rct6_board.o
    0x0800695c   0x0800695c   0x00000598   Code   RO          266    .text               sx1262-board.o
    0x08006ef4   0x08006ef4   0x00000024   Code   RO          280    .text               mc_w.l(memcpya.o)
    0x08006f18   0x08006f18   0x00000012   Code   RO          282    .text               mc_w.l(strcpy.o)
    0x08006f2a   0x08006f2a   0x0000002c   Code   RO          338    .text               mc_w.l(uidiv.o)
    0x08006f56   0x08006f56   0x00000062   Code   RO          340    .text               mc_w.l(uldiv.o)
    0x08006fb8   0x08006fb8   0x00000000   Code   RO          342    .text               mc_w.l(iusefp.o)
    0x08006fb8   0x08006fb8   0x0000014e   Code   RO          343    .text               mf_w.l(dadd.o)
    0x08007106   0x08007106   0x000000e4   Code   RO          345    .text               mf_w.l(dmul.o)
    0x080071ea   0x080071ea   0x000000de   Code   RO          347    .text               mf_w.l(ddiv.o)
    0x080072c8   0x080072c8   0x00000030   Code   RO          349    .text               mf_w.l(dfixul.o)
    0x080072f8   0x080072f8   0x00000030   Code   RO          351    .text               mf_w.l(cdrcmple.o)
    0x08007328   0x08007328   0x00000024   Code   RO          353    .text               mc_w.l(init.o)
    0x0800734c   0x0800734c   0x0000001e   Code   RO          355    .text               mc_w.l(llshl.o)
    0x0800736a   0x0800736a   0x00000020   Code   RO          357    .text               mc_w.l(llushr.o)
    0x0800738a   0x0800738a   0x00000024   Code   RO          359    .text               mc_w.l(llsshr.o)
    0x080073ae   0x080073ae   0x000000ba   Code   RO          361    .text               mf_w.l(depilogue.o)
    0x08007468   0x08007468   0x00000020   Code   RO          287    i.__0printf         mc_w.l(printfa.o)
    0x08007488   0x08007488   0x0000000e   Code   RO          365    i.__scatterload_copy  mc_w.l(handlers.o)
    0x08007496   0x08007496   0x00000002   Code   RO          366    i.__scatterload_null  mc_w.l(handlers.o)
    0x08007498   0x08007498   0x0000000e   Code   RO          367    i.__scatterload_zeroinit  mc_w.l(handlers.o)
    0x080074a6   0x080074a6   0x00000002   PAD
    0x080074a8   0x080074a8   0x00000184   Code   RO          294    i._fp_digits        mc_w.l(printfa.o)
    0x0800762c   0x0800762c   0x000006dc   Code   RO          295    i._printf_core      mc_w.l(printfa.o)
    0x08007d08   0x08007d08   0x00000024   Code   RO          296    i._printf_post_padding  mc_w.l(printfa.o)
    0x08007d2c   0x08007d2c   0x0000002e   Code   RO          297    i._printf_pre_padding  mc_w.l(printfa.o)
    0x08007d5a   0x08007d5a   0x00000003   Data   RO          224    .rodata.Bandwidths  radio.o
    0x08007d5d   0x08007d5d   0x00000003   PAD
    0x08007d60   0x08007d60   0x000000b0   Data   RO          223    .rodata.FskBandwidths  radio.o
    0x08007e10   0x08007e10   0x00000074   Data   RO          222    .rodata.Radio       radio.o
    0x08007e84   0x08007e84   0x00000135   Data   RO           20    .rodata.str1.1      main.o
    0x08007fb9   0x08007fb9   0x00000100   Data   RO          232    .rodata.str1.1      radio.o
    0x080080b9   0x080080b9   0x00000026   Data   RO          245    .rodata.str1.1      sx126x.o
    0x080080df   0x080080df   0x00000014   Data   RO          260    .rodata.str1.1      gd32f303rct6_board.o
    0x080080f3   0x080080f3   0x00000076   Data   RO          269    .rodata.str1.1      sx1262-board.o
    0x08008169   0x08008169   0x00000003   PAD
    0x0800816c   0x0800816c   0x00000020   Data   RO          364    Region$$Table       anon$$obj.o


    Execution Region RW_IRAM1 (Exec base: 0x20000000, Load base: 0x08008190, Size: 0x000006d8, Max: 0x00010000, ABSOLUTE)

    Exec Addr    Load Addr    Size         Type   Attr      Idx    E Section Name        Object

    0x20000000   0x08008190   0x00000004   Data   RW          328    .data               mc_w.l(stdout.o)
    0x20000004   0x08008194   0x00000002   Data   RW           13    .data.BufferSize    main.o
    0x20000006   0x08008196   0x00000002   Data   RW          257    .data.Led_Rx        gd32f303rct6_board.o
    0x20000008   0x08008198   0x00000001   Data   RW          225    .data.MaxPayloadLength  radio.o
    0x20000009   0x08008199   0x00000003   PAD
    0x2000000c   0x0800819c   0x00000004   Data   RW          259    .data.Pa_rx_en      gd32f303rct6_board.o
    0x20000010   0x080081a0   0x00000004   Data   RW          258    .data.Pa_tx_en      gd32f303rct6_board.o
    0x20000014   0x080081a4   0x0000004c   Data   RW          230    .data.SX126x        radio.o
    0x20000060   0x080081f0   0x00000004   Data   RW           39    .data.SystemCoreClock  system_gd32f30x.o
    0x20000064   0x080081f4   0x00000002   Data   RW          255    .data.sw1179_pin    gd32f303rct6_board.o
    0x20000066   0x080081f6   0x00000002   PAD
    0x20000068        -       0x000000ff   Zero   RW           22    .bss.Buffer         main.o
    0x20000167   0x080081f6   0x00000001   PAD
    0x20000168        -       0x00000004   Zero   RW          243    .bss.FrequencyError  sx126x.o
    0x2000016c        -       0x00000001   Zero   RW          244    .bss.ImageCalibrated  sx126x.o
    0x2000016d        -       0x00000001   Zero   RW          229    .bss.IrqFired       radio.o
    0x2000016e        -       0x00000002   Zero   RW          256    .bss.Led_Tx         gd32f303rct6_board.o
    0x20000170        -       0x00000001   Zero   RW          247    .bss.LoRaHeaderType  sx126x.o
    0x20000171        -       0x00000001   Zero   RW          268    .bss.OperatingMode  sx1262-board.o
    0x20000172        -       0x00000001   Zero   RW          246    .bss.PacketType     sx126x.o
    0x20000173   0x080081f6   0x00000001   PAD
    0x20000174        -       0x00000024   Zero   RW           21    .bss.RadioEvents    main.o
    0x20000198        -       0x00000004   Zero   RW          231    .bss.RadioEvents    radio.o
    0x2000019c        -       0x00000014   Zero   RW          235    .bss.RadioPktStatus  radio.o
    0x200001b0        -       0x00000002   Zero   RW          233    .bss.RadioPublicNetwork  radio.o
    0x200001b2        -       0x000000ff   Zero   RW          234    .bss.RadioRxPayload  radio.o
    0x200002b1        -       0x00000001   Zero   RW           15    .bss.RssiValue      main.o
    0x200002b2        -       0x00000001   Zero   RW          228    .bss.RxContinuous   radio.o
    0x200002b3   0x080081f6   0x00000001   PAD
    0x200002b4        -       0x00000004   Zero   RW          227    .bss.RxTimeout      radio.o
    0x200002b8        -       0x00000001   Zero   RW           16    .bss.SnrValue       main.o
    0x200002b9        -       0x00000001   Zero   RW           14    .bss.State          main.o
    0x200002ba   0x080081f6   0x00000002   PAD
    0x200002bc        -       0x00000004   Zero   RW          226    .bss.TxTimeout      radio.o
    0x200002c0        -       0x00000004   Zero   RW           31    .bss.delay          systick.o
    0x200002c4        -       0x00000010   Zero   RW          154    .bss.pmu_to_deepsleepmode.reg_snap  gd32f30x_pmu.o
    0x200002d4        -       0x00000001   Zero   RW           19    .bss.user_pressed   main.o
    0x200002d5   0x080081f6   0x00000003   PAD
    0x200002d8        -       0x00000400   Zero   RW          211    STACK               startup_gd32f30x_hd.o


==============================================================================

Image component sizes


      Code (inc. data)   RO Data    RW Data    ZI Data      Debug   Object Name

      1772          0         20         12          2       7451   gd32f303rct6_board.o
       860          0          0          0          0       3935   gd32f30x_bkp.o
       604          4          0          0          0       2679   gd32f30x_exti.o
       642          0          0          0          0       2035   gd32f30x_fwdgt.o
      1586          0          0          0          0       5036   gd32f30x_gpio.o
       120          0          0          0          0       1427   gd32f30x_it.o
       516          0          0          0          0       3003   gd32f30x_misc.o
       994          0          0          0         16       4583   gd32f30x_pmu.o
      2900          4          0          0          0      10003   gd32f30x_rcu.o
       460          0          0          0          0       2050   gd32f30x_rtc.o
      1770          8          0          0          0       7209   gd32f30x_spi.o
      2004          6          0          0          0       9259   gd32f30x_usart.o
      1232          0        309          2        295       4283   main.o
      6270         12        551         77        291      17829   radio.o
        36          8        304          0       1024        896   startup_gd32f30x_hd.o
      1432          0        118          0          1       6090   sx1262-board.o
      3594          0         38          0          7      15291   sx126x.o
      1000          0          0          4          0       1999   system_gd32f30x.o
       276          0          0          0          4       3807   systick.o

    ----------------------------------------------------------------------
     28080         42       1378        100       1648     108865   Object Totals
         0          0         32          0          0          0   (incl. Generated)
        12          0          6          5          8          0   (incl. Padding)

    ----------------------------------------------------------------------

      Code (inc. data)   RO Data    RW Data    ZI Data      Debug   Library Member Name

         0          0          0          0          0          0   entry.o
         0          0          0          0          0          0   entry10a.o
         0          0          0          0          0          0   entry11a.o
         8          4          0          0          0          0   entry2.o
         4          0          0          0          0          0   entry5.o
         0          0          0          0          0          0   entry7b.o
         0          0          0          0          0          0   entry8b.o
         8          4          0          0          0          0   entry9a.o
        30          0          0          0          0          0   handlers.o
        36          8          0          0          0         68   init.o
         0          0          0          0          0          0   iusefp.o
        30          0          0          0          0         68   llshl.o
        36          0          0          0          0         68   llsshr.o
        32          0          0          0          0         68   llushr.o
        36          0          0          0          0         68   memcpya.o
      2258         90          0          0          0        452   printfa.o
         0          0          0          4          0          0   stdout.o
        18          0          0          0          0         68   strcpy.o
        44          0          0          0          0         80   uidiv.o
        98          0          0          0          0         92   uldiv.o
        48          0          0          0          0         68   cdrcmple.o
       334          0          0          0          0        148   dadd.o
       222          0          0          0          0        100   ddiv.o
       186          0          0          0          0        176   depilogue.o
        48          0          0          0          0         68   dfixul.o
       228          0          0          0          0         96   dmul.o

    ----------------------------------------------------------------------
      3706        106          0          4          0       1688   Library Totals
         2          0          0          0          0          0   (incl. Padding)

    ----------------------------------------------------------------------

      Code (inc. data)   RO Data    RW Data    ZI Data      Debug   Library Name

      2638        106          0          4          0       1032   mc_w.l
      1066          0          0          0          0        656   mf_w.l

    ----------------------------------------------------------------------
      3706        106          0          4          0       1688   Library Totals

    ----------------------------------------------------------------------

==============================================================================


      Code (inc. data)   RO Data    RW Data    ZI Data      Debug   

     31786        148       1378        104       1648     109481   Grand Totals
     31786        148       1378        104       1648     109481   ELF Image Totals
     31786        148       1378        104          0          0   ROM Totals

==============================================================================

    Total RO  Size (Code + RO Data)                33164 (  32.39kB)
    Total RW  Size (RW Data + ZI Data)              1752 (   1.71kB)
    Total ROM Size (Code + RO Data + RW Data)      33268 (  32.49kB)

==============================================================================

